W/PackageManager( 1423): Unknown permission com.android.voicemail.permission.ADD_VOICEMAIL in package com.google.android.gms
W/PackageManager( 1423): Unknown permission android.permission.BODY_SENSORS in package com.google.android.gms
W/PackageManager( 1423): Not granting permission android.permission.FORCE_STOP_PACKAGES to package com.google.android.gms (protectionLevel=2 flags=0x83e44)
W/PackageManager( 1423): Unknown permission android.permission.INTERACT_ACROSS_USERS in package com.google.android.gms
W/PackageManager( 1423): Unknown permission android.permission.RECOVERY in package com.google.android.gms
W/PackageManager( 1423): Unknown permission android.permission.READ_DREAM_STATE in package com.google.android.gms
W/PackageManager( 1423): Unknown permission android.permission.RECEIVE_DATA_ACTIVITY_CHANGE in package com.google.android.gms
W/PackageManager( 1423): Unknown permission android.permission.READ_EXTERNAL_STORAGE in package com.google.android.gms
W/PackageManager( 1423): Unknown permission android.permission.PROVIDE_TRUST_AGENT in package com.google.android.gms
W/PackageManager( 1423): Unknown permission com.google.android.apps.enterprise.dmagent.permission.AutoSyncPermission in package com.google.android.gms
W/PackageManager( 1423): Unknown permission android.permission.LOCATION_HARDWARE in package com.google.android.gms
W/PackageManager( 1423): Unknown permission android.permission.GET_APP_OPS_STATS in package com.google.android.gms
W/PackageManager( 1423): Unknown permission android.permission.UPDATE_APP_OPS_STATS in package com.google.android.gms
W/PackageManager( 1423): Unknown permission android.permission.CAPTURE_AUDIO_HOTWORD in package com.google.android.gms
W/PackageManager( 1423): Unknown permission com.google.android.googlequicksearchbox.permission.PAUSE_HOTWORD in package com.google.android.gms
W/PackageManager( 1423): Unknown permission android.permission.MANAGE_VOICE_KEYPHRASES in package com.google.android.gms
W/PackageManager( 1423): Unknown permission android.permission.REAL_GET_TASKS in package com.google.android.gms
W/PackageManager( 1423): Unknown permission android.permission.READ_PROFILE in package com.google.android.gms
W/PackageManager( 1423): Unknown permission android.permission.WRITE_PROFILE in package com.google.android.gms
W/PackageManager( 1423): Unknown permission android.permission.READ_SOCIAL_STREAM in package com.google.android.gms
W/PackageManager( 1423): Unknown permission android.permission.WRITE_SOCIAL_STREAM in package com.google.android.gms
W/PackageManager( 1423): Unknown permission com.google.android.hangouts.START_HANGOUT in package com.google.android.gms
W/PackageManager( 1423): Unknown permission android.permission.ACCESS_NETWORK_CONDITIONS in package com.google.android.gms
W/PackageManager( 1423): Unknown permission android.permission.MANAGE_DEVICE_ADMINS in package com.google.android.gms
W/PackageManager( 1423): Unknown permission android.permission.READ_WIFI_CREDENTIAL in package com.google.android.gms
W/PackageManager( 1423): Not granting permission android.permission.MODIFY_PHONE_STATE to package com.google.android.gms (protectionLevel=3 flags=0x83e44)
W/PackageManager( 1423): Unknown permission android.permission.CONTROL_INCALL_EXPERIENCE in package com.google.android.gms
W/PackageManager( 1423): Unknown permission android.permission.MANAGE_USB in package com.google.android.gms
W/PackageManager( 1423): Not granting permission android.permission.CALL_PRIVILEGED to package com.google.android.gms (protectionLevel=3 flags=0x83e44)
W/PackageManager( 1423): Unknown permission android.permission.BLUETOOTH_PRIVILEGED in package com.google.android.gms
W/PackageManager( 1423): Unknown permission android.permission.USER_ACTIVITY in package com.google.android.gms
W/PackageManager( 1423): Unknown permission android.permission.CAPTURE_AUDIO_OUTPUT in package com.google.android.gms
W/PackageManager( 1423): Unknown permission android.permission.CAPTURE_VIDEO_OUTPUT in package com.google.android.gms
W/PackageManager( 1423): Unknown permission android.permission.CAPTURE_SECURE_VIDEO_OUTPUT in package com.google.android.gms
W/PackageManager( 1423): Not granting permission android.permission.READ_FRAME_BUFFER to package com.google.android.gms (protectionLevel=2 flags=0x83e44)
W/PackageManager( 1423): Unknown permission com.google.android.wearable.READ_SETTINGS in package com.google.android.gms
W/PackageManager( 1423): Unknown permission android.permission.SCORE_NETWORKS in package com.google.android.gms
W/PackageManager( 1423): Unknown permission android.permission.MODIFY_NETWORK_ACCOUNTING in package com.google.android.gms
W/PackageManager( 1423): Unknown permission android.permission.MANAGE_DOCUMENTS in package com.nao20010128nao.MC_PE.SkinChanger
W/PackageManager( 1423): Unknown permission android.permission.ACCESS_FOTA_DEVICE in package com.panasonic.mobile.pmcadl
W/PackageManager( 1423): Unknown permission android.webkit.permission.PLUGIN in package com.adobe.flashplayer
W/PackageManager( 1423): Unknown permission android.permission.READ_OWNER_DATA in package com.android.email
W/PackageManager( 1423): Unknown permission com.android.providers.im.permission.READ_ONLY in package com.google.android.apps.maps
W/PackageManager( 1423): Unknown permission android.Manifest.permission.BLUETOOTH in package com.panasonic.mobile.dtv.app1
W/PackageManager( 1423): Not granting permission android.permission.SET_PREFERRED_APPLICATIONS to package com.nttdocomo.android.homeswitcher (protectionLevel=2 flags=0x8be45)
W/PackageManager( 1423): Unknown permission android.permission.WRITE_SYNC_STATS in package com.google.android.apps.docs
W/PackageManager( 1423): Not granting permission android.permission.ACCESS_SURFACE_FLINGER to package com.panasonic.mobile.gallery.garnet (protectionLevel=2 flags=0xbe45)
W/PackageManager( 1423): Unknown permission com.android.vending.permission.UPDATE_MARKET_FAILURE in package com.android.vending.updater
W/PackageManager( 1423): Unknown permission com.google.android.apps.googlevoice.permission.AUTO_SEND in package com.google.android.voicesearch
W/PackageManager( 1423): Unknown permission com.panasonic.mobile.decoscreen.dsp.permission.READ_SETTINGS_ITEM in package com.panasonic.mobile.irda
W/PackageManager( 1423): Unknown permission com.panasonic.mobile.decoscreen.dsp.permission.WRITE_SETTINGS_ITEM in package com.panasonic.mobile.irda
W/PackageManager( 1423): Unknown permission com.panasonic.mobile.decoscreen.dsp.permission.READ_SETTINGS_BG in package com.panasonic.mobile.irda
W/PackageManager( 1423): Unknown permission com.panasonic.mobile.decoscreen.dsp.permission.WRITE_SETTINGS_BG in package com.panasonic.mobile.irda
W/PackageManager( 1423): Unknown permission com.panasonic.mobile.decoscreen.dsp.permission.READ_SETTINGS_HOME in package com.panasonic.mobile.irda
W/PackageManager( 1423): Unknown permission com.panasonic.mobile.decoscreen.dsp.permission.WRITE_SETTINGS_HOME in package com.panasonic.mobile.irda
W/PackageManager( 1423): Unknown permission android.permission.READ_OWNER_DATA in package com.android.setupwizard
W/PackageManager( 1423): Unknown permission android.permission.WRITE_OWNER_DATA in package com.android.setupwizard
W/PackageManager( 1423): Unknown permission android.permission.ACCESS_FOTA_DEVICE in package com.panasonic.mobile.settings.settingsupdate
W/PackageManager( 1423): Not granting permission com.google.android.gm.permission.READ_GMAIL to package com.google.android.apps.uploader (protectionLevel=2 flags=0xbe45)
W/PackageManager( 1423): Not granting permission android.permission.DEVICE_POWER to package com.panasonic.mobile.camera.aries (protectionLevel=2 flags=0xbe45)
W/PackageManager( 1423): Not granting permission android.permission.BROADCAST_SMS to package com.panasonic.mobile.camera.aries (protectionLevel=2 flags=0xbe45)
W/PackageManager( 1423): Unknown permission android.permission.READ_MMS in package com.panasonic.mobile.camera.aries
W/PackageManager( 1423): Not granting permission android.permission.ACCESS_SURFACE_FLINGER to package com.panasonic.mobile.camera.aries (protectionLevel=2 flags=0xbe45)
W/PackageManager( 1423): Unknown permission android.permission.READ_PROFILE in package com.google.android.apps.plus
W/PackageManager( 1423): Unknown permission android.permission.WRITE_PROFILE in package com.google.android.apps.plus
W/PackageManager( 1423): Unknown permission android.permission.READ_SOCIAL_STREAM in package com.google.android.apps.plus
W/PackageManager( 1423): Unknown permission android.permission.WRITE_SOCIAL_STREAM in package com.google.android.apps.plus
W/PackageManager( 1423): Unknown permission android.permission.REAL_GET_TASKS in package com.android.vending
W/PackageManager( 1423): Unknown permission android.permission.READ_EXTERNAL_STORAGE in package com.android.vending
W/PackageManager( 1423): Not granting permission android.permission.SEND_DOWNLOAD_COMPLETED_INTENTS to package com.android.vending (protectionLevel=2 flags=0xabec5)
W/PackageManager( 1423): Unknown permission android.permission.SEND_SMS_NO_CONFIRMATION in package com.android.vending
W/PackageManager( 1423): Unknown permission android.permission.GET_PACKAGE_IMPORTANCE in package com.android.vending
W/PackageManager( 1423): Unknown permission android.permission.GET_ACCOUNTS_PRIVILEGED in package com.android.vending
W/PackageManager( 1423): Unknown permission android.permission.INSTALL_GRANT_RUNTIME_PERMISSIONS in package com.android.vending
W/PackageManager( 1423): Unknown permission android.permission.GRANT_RUNTIME_PERMISSIONS in package com.android.vending
W/PackageManager( 1423): Unknown permission android.permission.REVOKE_RUNTIME_PERMISSIONS in package com.android.vending
W/PackageManager( 1423): Unknown permission android.permission.PACKAGE_VERIFICATION_AGENT in package com.android.vending
W/PackageManager( 1423): Unknown permission android.permission.MANAGE_USERS in package com.android.vending
W/PackageManager( 1423): Unknown permission android.permission.INTERACT_ACROSS_USERS in package com.android.vending
W/PackageManager( 1423): Not granting permission android.permission.WRITE_SECURE_SETTINGS to package com.android.vending (protectionLevel=3 flags=0xabec5)
W/PackageManager( 1423): Not granting permission android.permission.FORCE_STOP_PACKAGES to package com.android.vending (protectionLevel=2 flags=0xabec5)
W/PackageManager( 1423): Unknown permission com.google.android.gms.permission.AD_ID_NOTIFICATION in package com.android.vending
W/PackageManager( 1423): Unknown permission android.permission.WRITE_MEDIA_STORAGE in package com.estrongs.android.pop
W/PackageManager( 1423): Unknown permission android.permission.ACCESS_SUPERUSER in package com.estrongs.android.pop
W/PackageManager( 1423): Unknown permission .PERMISSION in package com.estrongs.android.pop
W/PackageManager( 1423): Not granting permission android.permission.DEVICE_POWER to package com.android.deskclock (protectionLevel=2 flags=0x8be45)
W/PackageManager( 1423): Unknown permission android.permission.READ_EXTERNAL_STORAGE in package jackpal.androidterm
W/PackageManager( 1423): Unknown permission android.permission.ACCESS_SUPERUSER in package jackpal.androidterm
--------- beginning of /dev/log/main
D/wpa_supplicant( 1524): buf BUFFALO-4B89E9 rssi -67
D/wpa_supplicant( 1524): CMD: DRIVER LINKSPEED
D/wpa_supplicant( 1524): wpa_driver_tista_driver_cmd LINKSPEED
D/wpa_supplicant( 1524): Link Speed command
D/wpa_supplicant( 1524): buf LinkSpeed 54
D/dalvikvm( 1423): GC_EXPLICIT freed 902K, 39% free 7437K/12167K, external 4710K/5882K, paused 81ms
D/Finsky  ( 3246): [7] 1.packageInstalled: Package install status for jackpal.androidterm is 1
I/ActivityManager( 1423): Starting: Intent { flg=0x10800000 cmp=com.estrongs.android.pop/.app.InstallMonitorActivity (has extras) } from pid 3014
D/Finsky  ( 3246): [1] 3.installSucceeded: Successful install of jackpal.androidterm
I/Launcher( 1551): setLoadOnResume
I/ActivityManager( 1423): Start proc com.google.android.partnersetup for broadcast com.google.android.partnersetup/.AppInstalledReceiver: pid=3360 uid=10060 gids={3003}
I/ActivityManager( 1423): attachApplication process start(3360) com.google.android.partnersetup
I/ActivityThread( 3360): Pub com.google.android.partnersetup.rlzprovider: com.google.android.partnersetup.RlzProvider
I/ActivityThread( 3360): Pub com.google.android.partnersetup.rlzappprovider: com.google.android.partnersetup.RlzAppProvider
I/ActivityManager( 1423): Start proc com.svox.pico for broadcast com.svox.pico/.VoiceDataInstallerReceiver: pid=3367 uid=10072 gids={}
I/ActivityManager( 1423): No longer want com.nttdocomo.android.phonebookcopy (pid 2982): hidden #16
W/ActivityManager( 1423): Activity pause timeout for HistoryRecord{40a2fd80 com.android.vending/com.google.android.finsky.activities.MainActivity}
I/ActivityManager( 1423): attachApplication process start(3367) com.svox.pico
I/ActivityThread( 3367): Pub com.svox.pico.providers.SettingsProvider: com.svox.pico.providers.SettingsProvider
I/ActivityManager( 1423): Start proc com.android.voicedialer for broadcast com.android.voicedialer/.VoiceDialerReceiver: pid=3375 uid=10091 gids={3002}
I/ActivityManager( 1423): attachApplication process start(3375) com.android.voicedialer
D/VoiceDialerReceiver( 3375): onReceive Intent { act=android.intent.action.PACKAGE_ADDED dat=package:jackpal.androidterm flg=0x10000000 cmp=com.android.voicedialer/.VoiceDialerReceiver (has extras) }
V/RecognizerEngine( 3375): deleteCachedGrammarFiles /data/data/com.android.voicedialer/files/openentries.txt
I/ActivityManager( 1423): No longer want com.nttdocomo.app.calllog (pid 3061): hidden #16
D/GTalkService( 1585): handlePackageInstalled: re-initialize providers
D/GTalkService( 1585): [RawStanzaProvidersMgr] ##### searchProvidersFromIntent
D/GTalkService( 1585): [RawStanzaProvidersMgr] no intent receivers found
I/ActivityManager( 1423): Start proc com.google.android.apps.maps for broadcast com.google.android.apps.maps/com.google.android.location.internal.NlpPackageUpdateReceiver: pid=3384 uid=10015 gids={3003, 1015}
W/InputManagerService( 1423): Window already focused, ignoring focus gain of: com.android.internal.view.IInputMethodClient$Stub$Proxy@406dee28
I/ActivityManager( 1423): No longer want com.google.android.apps.uploader (pid 3030): hidden #16
I/ActivityManager( 1423): attachApplication process start(3384) com.google.android.apps.maps
I/ActivityThread( 3384): Pub com.google.android.maps.LayerInfoProvider: com.google.googlenav.layer.LayerInfoProvider
I/ActivityThread( 3384): Pub com.google.android.maps.OfflineIndexProvider: com.google.googlenav.provider.OfflineIndexProvider
I/dalvikvm( 3384): Could not find method android.content.ContentValues.keySet, referenced from method com.google.googlenav.provider.OfflineIndexProvider.b
W/dalvikvm( 3384): VFY: unable to resolve virtual method 7842: Landroid/content/ContentValues;.keySet ()Ljava/util/Set;
D/dalvikvm( 3384): VFY: replacing opcode 0x6e at 0x0029
D/dalvikvm( 3384): VFY: dead code 0x002c-002d in Lcom/google/googlenav/provider/OfflineIndexProvider;.b (Landroid/content/ContentValues;)Ljava/util/Set;
I/ActivityThread( 3384): Pub com.google.android.maps.TrafficAppWidgetProvider: com.google.googlenav.appwidget.traffic.TrafficAppWidgetProvider
I/ActivityThread( 3384): Pub com.google.android.maps.LocalActivePlacesProvider: com.google.googlenav.provider.LocalActivePlacesProvider
I/ActivityThread( 3384): Pub com.google.android.maps.StarredItemProvider: com.google.googlenav.provider.StarredItemProvider
D/dalvikvm( 3384): GC_CONCURRENT freed 651K, 46% free 3667K/6727K, external 1625K/2137K, paused 2ms+3ms
I/ActivityThread( 3384): Pub com.google.android.maps.LocalSuggestionProvider: com.google.googlenav.provider.LocalSuggestionProvider
I/ActivityThread( 3384): Pub com.google.android.maps.SearchHistoryProvider: com.google.googlenav.provider.SearchHistoryProvider
I/ActivityThread( 3384): Pub com.google.android.maps.NavigationAvailabilityProvider: com.google.googlenav.provider.NavigationAvailabilityProvider
I/ActivityThread( 3384): Pub com.google.android.maps.SuggestionProvider: com.google.googlenav.suggest.android.SuggestContentProvider
I/ActivityManager( 1423): Start proc com.noshufou.android.su for broadcast com.noshufou.android.su/.InstallReceiver: pid=3392 uid=10002 gids={3003, 1015}
I/ActivityManager( 1423): No longer want com.nttdocomo.app.livebookmark (pid 3068): hidden #16
D/dalvikvm( 1320): GC_EXPLICIT freed 11K, 50% free 2725K/5379K, external 1625K/2137K, paused 44ms
I/ActivityManager( 1423): attachApplication process start(3392) com.noshufou.android.su
D/dalvikvm( 1320): GC_EXPLICIT freed <1K, 50% free 2725K/5379K, external 1625K/2137K, paused 63ms
D/dalvikvm( 1320): GC_EXPLICIT freed <1K, 50% free 2725K/5379K, external 1625K/2137K, paused 44ms
I/ActivityThread( 3392): Pub com.noshufou.android.su.provider: com.noshufou.android.su.provider.PermissionsProvider
I/ConfigFetchService( 1767): PackageReceiver: Intent { act=android.intent.action.PACKAGE_ADDED dat=package:jackpal.androidterm flg=0x10000000 cmp=com.google.android.gms/.config.ConfigFetchService$PackageReceiver (has extras) }
I/ActivityManager( 1423): No longer want com.aide.premium.key:LicenseService (pid 3146): hidden #16
I/ConfigService( 1585): onCreate
I/ConfigFetchService( 1767): onStartCommand Intent { act=android.intent.action.PACKAGE_ADDED dat=package:jackpal.androidterm cmp=com.google.android.gms/.config.ConfigFetchService (has extras) }
I/ConfigFetchService( 1767): launchTask
I/ConfigService( 1585): onBind for Intent { act=com.google.android.gms.config.UPDATE pkg=com.google.android.gms } action com.google.android.gms.config.UPDATE
I/ConfigService( 1585): onBind returning update interface
I/ConfigService( 1585): onBind for Intent { act=com.google.android.gms.config.START pkg=com.google.android.gms } action com.google.android.gms.config.START
I/ConfigService( 1585): onBind returning config service
I/ConfigFetchService( 1767): service connected
I/ConfigClient( 1767): service connected
D/PackageBroadcastService( 1767): Received broadcast action=android.intent.action.PACKAGE_ADDED and uri=jackpal.androidterm
W/aidelicensing( 3136): Licensing service unexpectedly disconnected.
W/ActivityManager( 1423): Scheduling restart of crashed service com.aide.premium.key/com.aide.premium.LicenseService in 5000ms
I/PeopleContactsSync( 1767): CP2 sync disabled
I/ActivityManager( 1423): Start proc com.nttdocomo.app.livebookmark for broadcast com.nttdocomo.app.livebookmark/.widget.LiveBookmarkAppWidgetProvider: pid=3403 uid=10092 gids={1015, 3003}
I/ActivityManager( 1423): attachApplication process start(3403) com.nttdocomo.app.livebookmark
I/ActivityManager( 1423): Start proc com.google.android.googlequicksearchbox for broadcast com.google.android.googlequicksearchbox/.SourceUpdateReceiver: pid=3410 uid=10093 gids={3003}
I/ActivityManager( 1423): No longer want com.aide.ui:EngineService (pid 3160): hidden #16
I/ActivityManager( 1423): attachApplication process start(3410) com.google.android.googlequicksearchbox
I/ActivityThread( 3410): Pub com.google.android.googlequicksearchbox.shortcuts: com.google.android.googlequicksearchbox.WebHistoryProvider
I/ActivityThread( 3410): Pub com.google.android.googlequicksearchbox.google: com.google.android.googlequicksearchbox.google.GoogleSuggestionProvider
I/AIDE    ( 3136): Engine service disconnected from UI
I/AIDE    ( 3136): Trying to restart engine service
W/ActivityManager( 1423): Scheduling restart of crashed service com.aide.ui/com.aide.engine.service.CodeAnalysisEngineService in 14643ms
I/ActivityManager( 1423): Start proc com.aide.ui:EngineService for service com.aide.ui/com.aide.engine.service.CodeAnalysisEngineService: pid=3419 uid=10117 gids={1015, 3003, 1007}
I/ActivityManager( 1423): attachApplication process start(3419) com.aide.ui:EngineService
I/ActivityManager( 1423): No longer want com.android.settings (pid 2970): hidden #16
I/WindowManager( 1423): WIN DEATH: Window{4076f3a8 com.android.settings/com.android.settings.DevelopmentSettings paused=false}
I/global  ( 3246): Loaded time zone names for en_US in 3366ms.
D/wpa_supplicant( 1524): CMD: DRIVER RSSI
D/wpa_supplicant( 1524): wpa_driver_tista_driver_cmd RSSI
D/wpa_supplicant( 1524): rssi command
D/wpa_supplicant( 1524): wpa_driver_tista_private_send ioctl_cmd = 810a22  res = 0
D/wpa_supplicant( 1524): wpa_driver_tista_get_rssi data -66 beacon -68 success
D/wpa_supplicant( 1524): rssi_data -66 rssi_beacon -68
D/wpa_supplicant( 1524): buf BUFFALO-4B89E9 rssi -68
D/wpa_supplicant( 1524): CMD: DRIVER LINKSPEED
D/wpa_supplicant( 1524): wpa_driver_tista_driver_cmd LINKSPEED
D/wpa_supplicant( 1524): Link Speed command
D/wpa_supplicant( 1524): buf LinkSpeed 54
I/dalvikvm( 3419): Could not find method android.app.Service.onTrimMemory, referenced from method com.aide.engine.service.CodeAnalysisEngineService.onTrimMemory
W/dalvikvm( 3419): VFY: unable to resolve virtual method 3901: Landroid/app/Service;.onTrimMemory (I)V
D/dalvikvm( 3419): VFY: replacing opcode 0x6f at 0x0000
D/dalvikvm( 3419): VFY: dead code 0x0003-0015 in Lcom/aide/engine/service/CodeAnalysisEngineService;.onTrimMemory (I)V
D/dalvikvm( 3419): Trying to load lib /data/data/com.aide.ui/lib/libAIDE.so 0x40512e50
D/dalvikvm( 3419): Added shared lib /data/data/com.aide.ui/lib/libAIDE.so 0x40512e50
D/dalvikvm( 3419): No JNI_OnLoad found in /data/data/com.aide.ui/lib/libAIDE.so 0x40512e50, skipping init
I/AIDE    ( 3419): Engine service bound - pid 3419 id 1079187856
I/ActivityManager( 1423): No longer want com.android.defcontainer (pid 3344): hidden #16
I/AIDE    ( 3136): Engine service connected to UI
I/System.out( 3419): java.io.IOException: No solution
I/System.out( 3419): 	at com.aide.engine.d.tp(SourceFile:1945)
I/System.out( 3419): 	at com.aide.engine.d.run(SourceFile:2132)
I/System.out( 3419): 	at java.lang.Thread.run(Thread.java:1019)
D/dalvikvm( 1604): GC_CONCURRENT freed 413K, 48% free 3192K/6087K, external 1625K/2137K, paused 2ms+4ms
V/ConfigFetchTask( 1767): ConfigFetchTask getDeviceDataVersionInfo(): ABFEt1X9XVibxryZU2UyHYbmqtCIvCD-4AQj2ITPXCidnTyTGyZ6oywk83_K8D1w7u0NrtYH5XlvWp6aygNkp8z-9qMS0D_ZXOhLX3mF5V-3D2xNqm4ADMDPJKEFM1ByuEDsMNO3Suv_A4RgA2ZSdSE1AZoMPu1Zoxc9WHuHwqBKHuPrxhH6mQRVDteHa_onVW75E81GBqZLFdMKxb50DqJVEPbUYolHIa-xV9zxf8QDAFFGiziWz3l00KVCflI_TxVqoVFNZfZOx2c-nSPl7ffpWDQKfC_29TV-JWqjDJzs6apaUt6hRY1TfhfhHz9SRCpo7xwcHRPa41yxHfvMGkF3zilJZhPA00PWX5t8HR_5Kd9gEHW9pv8
I/GoogleHttpClient( 1767): Falling back to old SSLCertificateSocketFactory
D/Finsky  ( 3246): [1] DetailsDataBasedFragment.rebindViews: Page [class=DetailsFragment2] loaded in [17929 ms] (hasDetailsDataLoaded? false)
D/dalvikvm( 3419): GC_FOR_MALLOC freed 172K, 39% free 4065K/6663K, external 1625K/2137K, paused 36ms
D/dalvikvm( 1767): GC_CONCURRENT freed 1936K, 49% free 6313K/12295K, external 1625K/2137K, paused 4ms+86ms
D/dalvikvm( 3246): GC_EXTERNAL_ALLOC freed 1122K, 32% free 8239K/12039K, external 6018K/6708K, paused 73ms
D/dalvikvm( 3246): GC_EXTERNAL_ALLOC freed 8K, 32% free 8231K/12039K, external 7548K/7548K, paused 69ms
D/dalvikvm( 3419): GC_FOR_MALLOC freed 89K, 35% free 4836K/7431K, external 1625K/2137K, paused 24ms
I/ConfigFetchService( 1767): fetch service done; releasing wakelock
I/ConfigFetchService( 1767): stopping self
I/ConfigService( 1585): onDestroy
I/dalvikvm( 3246): Could not find method android.widget.LinearLayout.<init>, referenced from method com.google.android.finsky.layout.ForegroundLinearLayout.<init>
W/dalvikvm( 3246): VFY: unable to resolve direct method 10993: Landroid/widget/LinearLayout;.<init> (Landroid/content/Context;Landroid/util/AttributeSet;I)V
D/dalvikvm( 3246): VFY: replacing opcode 0x70 at 0x0001
D/dalvikvm( 3246): VFY: dead code 0x0004-001f in Lcom/google/android/finsky/layout/ForegroundLinearLayout;.<init> (Landroid/content/Context;Landroid/util/AttributeSet;I)V
I/dalvikvm( 3246): Could not find method com.google.android.finsky.layout.ForegroundLinearLayout.getLayoutDirection, referenced from method com.google.android.finsky.layout.ForegroundLinearLayout.draw
W/dalvikvm( 3246): VFY: unable to resolve virtual method 23565: Lcom/google/android/finsky/layout/ForegroundLinearLayout;.getLayoutDirection ()I
D/dalvikvm( 3246): VFY: replacing opcode 0x6e at 0x002f
D/dalvikvm( 3246): VFY: dead code 0x0032-003f in Lcom/google/android/finsky/layout/ForegroundLinearLayout;.draw (Landroid/graphics/Canvas;)V
I/dalvikvm( 3246): Could not find method android.widget.LinearLayout.drawableHotspotChanged, referenced from method com.google.android.finsky.layout.ForegroundLinearLayout.drawableHotspotChanged
W/dalvikvm( 3246): VFY: unable to resolve virtual method 10999: Landroid/widget/LinearLayout;.drawableHotspotChanged (FF)V
D/dalvikvm( 3246): VFY: replacing opcode 0x6f at 0x0000
D/dalvikvm( 3246): VFY: dead code 0x0003-000c in Lcom/google/android/finsky/layout/ForegroundLinearLayout;.drawableHotspotChanged (FF)V
I/dalvikvm( 3246): Could not find method android.widget.LinearLayout.jumpDrawablesToCurrentState, referenced from method com.google.android.finsky.layout.ForegroundLinearLayout.jumpDrawablesToCurrentState
W/dalvikvm( 3246): VFY: unable to resolve virtual method 11010: Landroid/widget/LinearLayout;.jumpDrawablesToCurrentState ()V
D/dalvikvm( 3246): VFY: replacing opcode 0x6f at 0x0000
D/dalvikvm( 3246): VFY: dead code 0x0003-0010 in Lcom/google/android/finsky/layout/ForegroundLinearLayout;.jumpDrawablesToCurrentState ()V
D/dalvikvm( 3419): GC_FOR_MALLOC freed 3K, 31% free 5796K/8391K, external 1625K/2137K, paused 156ms
D/wpa_supplicant( 1524): CMD: DRIVER RSSI
D/wpa_supplicant( 1524): wpa_driver_tista_driver_cmd RSSI
D/wpa_supplicant( 1524): rssi command
D/wpa_supplicant( 1524): wpa_driver_tista_private_send ioctl_cmd = 810a22  res = 0
D/wpa_supplicant( 1524): wpa_driver_tista_get_rssi data -66 beacon -67 success
D/wpa_supplicant( 1524): rssi_data -66 rssi_beacon -67
D/wpa_supplicant( 1524): buf BUFFALO-4B89E9 rssi -67
D/wpa_supplicant( 1524): CMD: DRIVER LINKSPEED
D/wpa_supplicant( 1524): wpa_driver_tista_driver_cmd LINKSPEED
D/wpa_supplicant( 1524): Link Speed command
D/wpa_supplicant( 1524): buf LinkSpeed 54
D/dalvikvm( 3246): GC_EXTERNAL_ALLOC freed 490K, 31% free 8372K/12039K, external 6973K/7809K, paused 72ms
D/dalvikvm( 3419): null clazz in OP_INSTANCE_OF, single-stepping
I/global  ( 3246): Loaded time zone names for en_US in 4075ms.
D/dalvikvm( 3419): null clazz in OP_INSTANCE_OF, single-stepping
I/ActivityManager( 1423): Start proc com.aide.premium.key:LicenseService for service com.aide.premium.key/com.aide.premium.LicenseService: pid=3430 uid=10117 gids={1015, 3003, 1007}
I/ActivityManager( 1423): attachApplication process start(3430) com.aide.premium.key:LicenseService
I/ActivityManager( 1423): Starting: Intent { act=android.intent.action.MAIN flg=0x10000000 cmp=jackpal.androidterm/.Term } from pid 3246
I/ActivityManager( 1423): No longer want com.tencent.tcuser (pid 3124): hidden #16
I/ActivityManager( 1423): Start proc jackpal.androidterm for activity jackpal.androidterm/.Term: pid=3437 uid=10007 gids={3003, 1015}
W/InputManagerService( 1423): Window already focused, ignoring focus gain of: com.android.internal.view.IInputMethodClient$Stub$Proxy@4062fae0
I/ActivityManager( 1423): attachApplication process start(3437) jackpal.androidterm
I/ActivityManager( 1423): No longer want com.android.voicedialer (pid 3375): hidden #16
V/Term    ( 3437): onCreate
D/Term    ( 3437): TermService started
I/TermService( 3437): Activity called onBind()
V/ActivityThread( 3437): Canvas.freeCaches()
D/skia    ( 3437): purging 6K from font cache [1 entries]
V/ActivityThread( 3437): Fonts.reLoadFontsLocal()
D/Fonts(JAVA)( 3437): <ReLoadFontsLocal>
D/        ( 3437): <Fonts_ReLoadFontsLocal>
I/Term    ( 3437): Bound to TermService
I/TermService( 3437): Activity binding to service
D/dalvikvm( 3437): Trying to load lib /data/data/jackpal.androidterm/lib/libjackpal-termexec2.so 0x40513850
D/dalvikvm( 3437): Added shared lib /data/data/jackpal.androidterm/lib/libjackpal-termexec2.so 0x40513850
D/dalvikvm( 3437): No JNI_OnLoad found in /data/data/jackpal.androidterm/lib/libjackpal-termexec2.so 0x40513850, skipping init
D/dalvikvm( 3437): Trying to load lib /data/data/jackpal.androidterm/lib/libjackpal-androidterm5.so 0x40513850
D/dalvikvm( 3437): Added shared lib /data/data/jackpal.androidterm/lib/libjackpal-androidterm5.so 0x40513850
I/libjackpal-androidterm( 3437): JNI_OnLoad
I/Term    ( 3437): waiting for: 3444
D/dalvikvm( 1546): GC_EXTERNAL_ALLOC freed 365K, 47% free 3645K/6855K, external 2260K/2823K, paused 162ms
I/ActivityManager( 1423): Displayed jackpal.androidterm/.Term: +892ms (total +7s981ms)
D/wpa_supplicant( 1524): CMD: DRIVER RSSI
D/wpa_supplicant( 1524): wpa_driver_tista_driver_cmd RSSI
D/wpa_supplicant( 1524): rssi command
D/wpa_supplicant( 1524): wpa_driver_tista_private_send ioctl_cmd = 810a22  res = 0
D/wpa_supplicant( 1524): wpa_driver_tista_get_rssi data -66 beacon -68 success
D/wpa_supplicant( 1524): rssi_data -66 rssi_beacon -68
D/wpa_supplicant( 1524): buf BUFFALO-4B89E9 rssi -68
D/wpa_supplicant( 1524): CMD: DRIVER LINKSPEED
D/wpa_supplicant( 1524): wpa_driver_tista_driver_cmd LINKSPEED
D/wpa_supplicant( 1524): Link Speed command
D/wpa_supplicant( 1524): buf LinkSpeed 54
I/dalvikvm( 3136): Jit: resizing JitTable from 4096 to 8192
W/GAV4    ( 1767): Thread[Thread-103,5,main]:  Using destination https://ssl.google-analytics.com
W/GAV4    ( 1767): Thread[Thread-103,5,main]:  Using destination https://ssl.google-analytics.com
D/dalvikvm( 3419): GC_CONCURRENT freed 1715K, 42% free 5666K/9735K, external 1625K/2137K, paused 332ms+3ms
D/dalvikvm( 3136): GC_CONCURRENT freed 1813K, 44% free 5418K/9671K, external 3672K/4485K, paused 2ms+4ms
D/wpa_supplicant( 1524): CMD: SCAN_RESULTS
D/wpa_supplicant( 1524): WPS: Unsupported attribute type 0x1049 len=6
D/wpa_supplicant( 1524): WPS: Unsupported attribute type 0x1049 len=6
D/wpa_supplicant( 1524): CMD: SCAN_RESULTS
D/wpa_supplicant( 1524): WPS: Unsupported attribute type 0x1049 len=6
D/wpa_supplicant( 1524): WPS: Unsupported attribute type 0x1049 len=6
D/wpa_supplicant( 1524): CMD: SCAN_RESULTS
D/wpa_supplicant( 1524): WPS: Unsupported attribute type 0x1049 len=6
D/wpa_supplicant( 1524): WPS: Unsupported attribute type 0x1049 len=6
D/wpa_supplicant( 1524): CMD: SCAN_RESULTS
D/wpa_supplicant( 1524): WPS: Unsupported attribute type 0x1049 len=6
D/wpa_supplicant( 1524): WPS: Unsupported attribute type 0x1049 len=6
D/wpa_supplicant( 1524): CMD: SCAN_RESULTS
D/wpa_supplicant( 1524): WPS: Unsupported attribute type 0x1049 len=6
D/wpa_supplicant( 1524): WPS: Unsupported attribute type 0x1049 len=6
D/wpa_supplicant( 1524): CMD: SCAN_RESULTS
D/wpa_supplicant( 1524): WPS: Unsupported attribute type 0x1049 len=6
D/wpa_supplicant( 1524): WPS: Unsupported attribute type 0x1049 len=6
D/wpa_supplicant( 1524): CMD: SCAN_RESULTS
D/wpa_supplicant( 1524): WPS: Unsupported attribute type 0x1049 len=6
D/wpa_supplicant( 1524): WPS: Unsupported attribute type 0x1049 len=6
D/wpa_supplicant( 1524): CMD: SCAN_RESULTS
D/wpa_supplicant( 1524): WPS: Unsupported attribute type 0x1049 len=6
D/wpa_supplicant( 1524): WPS: Unsupported attribute type 0x1049 len=6
D/wpa_supplicant( 1524): CMD: SCAN_RESULTS
D/wpa_supplicant( 1524): WPS: Unsupported attribute type 0x1049 len=6
D/wpa_supplicant( 1524): WPS: Unsupported attribute type 0x1049 len=6
D/wpa_supplicant( 1524): CMD: SCAN_RESULTS
D/wpa_supplicant( 1524): WPS: Unsupported attribute type 0x1049 len=6
D/wpa_supplicant( 1524): WPS: Unsupported attribute type 0x1049 len=6
D/wpa_supplicant( 1524): CMD: SCAN_RESULTS
D/wpa_supplicant( 1524): WPS: Unsupported attribute type 0x1049 len=6
D/wpa_supplicant( 1524): WPS: Unsupported attribute type 0x1049 len=6
D/wpa_supplicant( 1524): CMD: SCAN_RESULTS
D/wpa_supplicant( 1524): WPS: Unsupported attribute type 0x1049 len=6
D/wpa_supplicant( 1524): WPS: Unsupported attribute type 0x1049 len=6
D/wpa_supplicant( 1524): CMD: SCAN_RESULTS
D/wpa_supplicant( 1524): WPS: Unsupported attribute type 0x1049 len=6
D/wpa_supplicant( 1524): WPS: Unsupported attribute type 0x1049 len=6
D/wpa_supplicant( 1524): CMD: SCAN_RESULTS
D/wpa_supplicant( 1524): WPS: Unsupported attribute type 0x1049 len=6
D/wpa_supplicant( 1524): WPS: Unsupported attribute type 0x1049 len=6
D/wpa_supplicant( 1524): CMD: SCAN_RESULTS
D/wpa_supplicant( 1524): WPS: Unsupported attribute type 0x1049 len=6
D/wpa_supplicant( 1524): WPS: Unsupported attribute type 0x1049 len=6
D/wpa_supplicant( 1524): CMD: SCAN_RESULTS
D/wpa_supplicant( 1524): WPS: Unsupported attribute type 0x1049 len=6
D/wpa_supplicant( 1524): WPS: Unsupported attribute type 0x1049 len=6
D/wpa_supplicant( 1524): CMD: SCAN_RESULTS
D/wpa_supplicant( 1524): WPS: Unsupported attribute type 0x1049 len=6
D/wpa_supplicant( 1524): WPS: Unsupported attribute type 0x1049 len=6
D/wpa_supplicant( 1524): CMD: SCAN_RESULTS
D/wpa_supplicant( 1524): WPS: Unsupported attribute type 0x1049 len=6
D/wpa_supplicant( 1524): WPS: Unsupported attribute type 0x1049 len=6
D/wpa_supplicant( 1524): CMD: SCAN_RESULTS
D/wpa_supplicant( 1524): WPS: Unsupported attribute type 0x1049 len=6
D/wpa_supplicant( 1524): WPS: Unsupported attribute type 0x1049 len=6
D/wpa_supplicant( 1524): CMD: SCAN_RESULTS
D/wpa_supplicant( 1524): WPS: Unsupported attribute type 0x1049 len=6
D/wpa_supplicant( 1524): WPS: Unsupported attribute type 0x1049 len=6
D/wpa_supplicant( 1524): CMD: SCAN_RESULTS
D/wpa_supplicant( 1524): WPS: Unsupported attribute type 0x1049 len=6
D/wpa_supplicant( 1524): WPS: Unsupported attribute type 0x1049 len=6
D/wpa_supplicant( 1524): CMD: SCAN_RESULTS
D/wpa_supplicant( 1524): WPS: Unsupported attribute type 0x1049 len=6
D/wpa_supplicant( 1524): WPS: Unsupported attribute type 0x1049 len=6
D/wpa_supplicant( 1524): CMD: SCAN_RESULTS
D/wpa_supplicant( 1524): WPS: Unsupported attribute type 0x1049 len=6
D/wpa_supplicant( 1524): WPS: Unsupported attribute type 0x1049 len=6
D/wpa_supplicant( 1524): CMD: SCAN_RESULTS
D/wpa_supplicant( 1524): WPS: Unsupported attribute type 0x1049 len=6
D/wpa_supplicant( 1524): WPS: Unsupported attribute type 0x1049 len=6
D/wpa_supplicant( 1524): CMD: SCAN_RESULTS
D/wpa_supplicant( 1524): WPS: Unsupported attribute type 0x1049 len=6
D/wpa_supplicant( 1524): WPS: Unsupported attribute type 0x1049 len=6
D/wpa_supplicant( 1524): CMD: STATUS
D/wpa_supplicant( 1524): CMD: DRIVER RSSI
D/wpa_supplicant( 1524): wpa_driver_tista_driver_cmd RSSI
D/wpa_supplicant( 1524): rssi command
D/wpa_supplicant( 1524): wpa_driver_tista_private_send ioctl_cmd = 810a22  res = 0
D/wpa_supplicant( 1524): wpa_driver_tista_get_rssi data -66 beacon -68 success
D/wpa_supplicant( 1524): rssi_data -66 rssi_beacon -68
D/wpa_supplicant( 1524): buf BUFFALO-4B89E9 rssi -68
D/wpa_supplicant( 1524): CMD: DRIVER LINKSPEED
D/wpa_supplicant( 1524): wpa_driver_tista_driver_cmd LINKSPEED
D/wpa_supplicant( 1524): Link Speed command
D/wpa_supplicant( 1524): buf LinkSpeed 54
I/global  ( 3246): Loaded time zone names for en_US in 6332ms.
I/global  ( 3246): Loaded time zone names for en_US in 4426ms.
D/dalvikvm( 3419): GC_FOR_MALLOC freed 533K, 37% free 6180K/9735K, external 1625K/2137K, paused 30ms
D/wpa_supplicant( 1524): CMD: DRIVER RSSI
D/wpa_supplicant( 1524): wpa_driver_tista_driver_cmd RSSI
D/wpa_supplicant( 1524): rssi command
D/wpa_supplicant( 1524): wpa_driver_tista_private_send ioctl_cmd = 810a22  res = 0
D/wpa_supplicant( 1524): wpa_driver_tista_get_rssi data -66 beacon -68 success
D/wpa_supplicant( 1524): rssi_data -66 rssi_beacon -68
D/wpa_supplicant( 1524): buf BUFFALO-4B89E9 rssi -68
D/wpa_supplicant( 1524): CMD: DRIVER LINKSPEED
D/wpa_supplicant( 1524): wpa_driver_tista_driver_cmd LINKSPEED
D/wpa_supplicant( 1524): Link Speed command
D/wpa_supplicant( 1524): buf LinkSpeed 54
I/global  ( 3246): Loaded time zone names for en_US in 1675ms.
I/global  ( 3246): Loaded time zone names for en_US in 1324ms.
D/skia    ( 3246): Loading ARM decoder...
D/skia    ( 3246): Loading ARM decoder...
D/skia    ( 3246): Loading ARM decoder...
D/skia    ( 3246): Loading ARM decoder...
I/global  ( 3246): Loaded time zone names for en_US in 527ms.
D/skia    ( 3246): Loading ARM decoder...
D/skia    ( 3246): Loading ARM decoder...
D/PlayCommon( 3246): [1] BitmapLoader.onGetImageSuccess: https://lh5.ggpht.com/61J4OkEeyjUISu7BJNTmtdwVr8o0BKt5AfsmtH1D3zXE3-JRrxvtFtU6wUdjpCq0xwJO=h360 is not cached
D/dalvikvm( 3419): GC_CONCURRENT freed 28K, 25% free 7778K/10247K, external 1625K/2137K, paused 2ms+3ms
D/dalvikvm( 3419): GC_CONCURRENT freed 48K, 21% free 9715K/12231K, external 1625K/2137K, paused 2ms+3ms
D/dalvikvm( 2040): GC_EXPLICIT freed 1160K, 43% free 5136K/8903K, external 1625K/2137K, paused 50ms
I/System.out( 3419): Model loaded /mnt/sdcard/.aide/enginecache/.160d9bd7a2c83b2f.cgc
D/dalvikvm( 3419): GC_CONCURRENT freed 177K, 19% free 11595K/14215K, external 1625K/2137K, paused 2ms+2ms
D/wpa_supplicant( 1524): CMD: DRIVER RSSI
D/wpa_supplicant( 1524): wpa_driver_tista_driver_cmd RSSI
D/wpa_supplicant( 1524): rssi command
D/wpa_supplicant( 1524): wpa_driver_tista_private_send ioctl_cmd = 810a22  res = 0
D/wpa_supplicant( 1524): wpa_driver_tista_get_rssi data -65 beacon -68 success
D/wpa_supplicant( 1524): rssi_data -65 rssi_beacon -68
D/wpa_supplicant( 1524): buf BUFFALO-4B89E9 rssi -68
D/wpa_supplicant( 1524): CMD: DRIVER LINKSPEED
D/wpa_supplicant( 1524): wpa_driver_tista_driver_cmd LINKSPEED
D/wpa_supplicant( 1524): Link Speed command
D/wpa_supplicant( 1524): buf LinkSpeed 54
D/AndroidRuntime( 3457): 
D/AndroidRuntime( 3457): >>>>>> AndroidRuntime START com.android.internal.os.RuntimeInit <<<<<<
D/AndroidRuntime( 3457): CheckJNI is OFF
D/dalvikvm( 3457): creating instr width table
D/AndroidRuntime( 3457): Calling main entry com.android.commands.am.Am
I/ActivityManager( 1423): Start proc com.tencent.tcuser for broadcast com.tencent.tcuser/.receiver.SuRequestReceiver: pid=3465 uid=10120 gids={3003, 1015}
I/dalvikvm( 3419): Total arena pages for JIT: 11
I/ActivityManager( 1423): attachApplication process start(3465) com.tencent.tcuser
D/dalvikvm( 3465): Trying to load lib /data/data/com.tencent.tcuser/applib/libxy.so 0x40513c20
D/dalvikvm( 3465): Added shared lib /data/data/com.tencent.tcuser/applib/libxy.so 0x40513c20
D/dalvikvm( 3465): No JNI_OnLoad found in /data/data/com.tencent.tcuser/applib/libxy.so 0x40513c20, skipping init
I/tcuser_jni( 3465): decLen = 4174
I/tcuser_jni( 3465): decLen = 346
I/ActivityManager( 1423): Starting: Intent { flg=0x10000000 cmp=com.tencent.tcuser/.activitys.SuRequestActivity (has extras) } from pid 3465
D/PhoneWindow( 3437): couldn't save which view has focus because the focused view class jackpal.androidterm.TermView(ShellTermSession(1457610265540,null)) has no id.
D/AndroidRuntime( 3457): Shutting down VM
I/ActivityManager( 1423): No longer want com.nttdocomo.app.livebookmark (pid 3403): hidden #16
D/dalvikvm( 3457): GC_CONCURRENT freed 102K, 69% free 324K/1024K, external 0K/0K, paused 0ms+0ms
D/jdwp    ( 3457): adbd disconnected
V/ActivityThread( 3465): Canvas.freeCaches()
D/skia    ( 3465): purging 41K from font cache [6 entries]
V/ActivityThread( 3465): Fonts.reLoadFontsLocal()
D/Fonts(JAVA)( 3465): <ReLoadFontsLocal>
D/        ( 3465): <Fonts_ReLoadFontsLocal>
W/InputManagerService( 1423): Starting input on non-focused client com.android.internal.view.IInputMethodClient$Stub$Proxy@40858c50 (uid=10007 pid=3437)
W/IInputConnectionWrapper( 3437): showStatusIcon on inactive InputConnection
D/dalvikvm( 3419): GC_CONCURRENT freed 1347K, 24% free 12198K/16007K, external 1625K/2137K, paused 2ms+5ms
I/ActivityManager( 1423): Displayed com.tencent.tcuser/.activitys.SuRequestActivity: +436ms
D/dalvikvm( 1527): GC_CONCURRENT freed 717K, 50% free 3220K/6407K, external 3364K/3675K, paused 2ms+8ms
I/tcuser_jni( 3465): decLen = 105
D/dalvikvm( 3246): GC_CONCURRENT freed 1777K, 34% free 8420K/12679K, external 6245K/6315K, paused 3ms+6ms
D/wpa_supplicant( 1524): CMD: DRIVER RSSI
D/wpa_supplicant( 1524): wpa_driver_tista_driver_cmd RSSI
D/wpa_supplicant( 1524): rssi command
D/wpa_supplicant( 1524): wpa_driver_tista_private_send ioctl_cmd = 810a22  res = 0
D/wpa_supplicant( 1524): wpa_driver_tista_get_rssi data -65 beacon -68 success
D/wpa_supplicant( 1524): rssi_data -65 rssi_beacon -68
D/wpa_supplicant( 1524): buf BUFFALO-4B89E9 rssi -68
D/wpa_supplicant( 1524): CMD: DRIVER LINKSPEED
D/wpa_supplicant( 1524): wpa_driver_tista_driver_cmd LINKSPEED
D/wpa_supplicant( 1524): Link Speed command
D/wpa_supplicant( 1524): buf LinkSpeed 54
D/dalvikvm( 3419): GC_CONCURRENT freed 1738K, 26% free 12438K/16647K, external 1625K/2137K, paused 2ms+3ms
D/dalvikvm( 3419): GC_FOR_MALLOC freed 681K, 22% free 13272K/16967K, external 1625K/2137K, paused 57ms
D/Finsky  ( 3246): [1] AppStatesReplicator.handleContentSyncResponse: Completed 1 account content syncs with 1 successful.
D/Finsky  ( 3246): [1] 5.onFinished: Installation state replication succeeded.
I/tcuser_jni( 3465): decLen = 113
D/dalvikvm( 3419): GC_CONCURRENT freed 1340K, 22% free 13943K/17735K, external 1625K/2137K, paused 2ms+3ms
I/tcuser_jni( 3465): decLen = 76
D/dalvikvm( 3419): GC_FOR_MALLOC freed 212K, 21% free 14605K/18311K, external 1625K/2137K, paused 58ms
I/dalvikvm( 3419): Jit: resizing JitTable from 4096 to 8192
D/dalvikvm( 3419): GC_FOR_MALLOC freed 269K, 17% free 15814K/19015K, external 1625K/2137K, paused 58ms
D/dalvikvm( 3419): GC_FOR_MALLOC freed 507K, 19% free 16309K/19975K, external 1625K/2137K, paused 58ms
I/TcUser: ( 3465): 0
D/wpa_supplicant( 1524): CMD: DRIVER RSSI
D/wpa_supplicant( 1524): wpa_driver_tista_driver_cmd RSSI
D/wpa_supplicant( 1524): rssi command
D/wpa_supplicant( 1524): wpa_driver_tista_private_send ioctl_cmd = 810a22  res = 0
D/wpa_supplicant( 1524): wpa_driver_tista_get_rssi data -65 beacon -67 success
D/wpa_supplicant( 1524): rssi_data -65 rssi_beacon -67
D/wpa_supplicant( 1524): buf BUFFALO-4B89E9 rssi -67
D/wpa_supplicant( 1524): CMD: DRIVER LINKSPEED
D/wpa_supplicant( 1524): wpa_driver_tista_driver_cmd LINKSPEED
D/wpa_supplicant( 1524): Link Speed command
D/wpa_supplicant( 1524): buf LinkSpeed 54
W/ActivityManager( 1423): Duplicate finish request for HistoryRecord{40929610 com.tencent.tcuser/.activitys.SuRequestActivity}
D/dalvikvm( 3419): GC_CONCURRENT freed 241K, 14% free 18073K/20807K, external 1625K/2137K, paused 3ms+4ms
I/tcuser_jni( 3465): decLen = 57
D/dalvikvm( 3419): GC_CONCURRENT freed 378K, 13% free 19699K/22535K, external 1625K/2137K, paused 2ms+4ms
D/wpa_supplicant( 1524): CMD: DRIVER RSSI
D/wpa_supplicant( 1524): wpa_driver_tista_driver_cmd RSSI
D/wpa_supplicant( 1524): rssi command
D/wpa_supplicant( 1524): wpa_driver_tista_private_send ioctl_cmd = 810a22  res = 0
D/wpa_supplicant( 1524): wpa_driver_tista_get_rssi data -66 beacon -68 success
D/wpa_supplicant( 1524): rssi_data -66 rssi_beacon -68
D/wpa_supplicant( 1524): buf BUFFALO-4B89E9 rssi -68
D/wpa_supplicant( 1524): CMD: DRIVER LINKSPEED
D/wpa_supplicant( 1524): wpa_driver_tista_driver_cmd LINKSPEED
D/wpa_supplicant( 1524): Link Speed command
D/wpa_supplicant( 1524): buf LinkSpeed 54
D/dalvikvm( 3014): GC_EXPLICIT freed 771K, 49% free 3375K/6599K, external 1750K/2137K, paused 50ms
D/wpa_supplicant( 1524): CMD: DRIVER RSSI
D/wpa_supplicant( 1524): wpa_driver_tista_driver_cmd RSSI
D/wpa_supplicant( 1524): rssi command
D/wpa_supplicant( 1524): wpa_driver_tista_private_send ioctl_cmd = 810a22  res = 0
D/wpa_supplicant( 1524): wpa_driver_tista_get_rssi data -66 beacon -67 success
D/wpa_supplicant( 1524): rssi_data -66 rssi_beacon -67
D/wpa_supplicant( 1524): buf BUFFALO-4B89E9 rssi -67
D/wpa_supplicant( 1524): CMD: DRIVER LINKSPEED
D/wpa_supplicant( 1524): wpa_driver_tista_driver_cmd LINKSPEED
D/wpa_supplicant( 1524): Link Speed command
D/wpa_supplicant( 1524): buf LinkSpeed 54
D/dalvikvm( 3419): GC_CONCURRENT freed 1020K, 15% free 20745K/24199K, external 1625K/2137K, paused 2ms+4ms
D/dalvikvm( 3419): GC_CONCURRENT freed 713K, 13% free 21966K/25159K, external 1625K/2137K, paused 66ms+3ms
D/wpa_supplicant( 1524): CMD: DRIVER RSSI
D/wpa_supplicant( 1524): wpa_driver_tista_driver_cmd RSSI
D/wpa_supplicant( 1524): rssi command
D/wpa_supplicant( 1524): wpa_driver_tista_private_send ioctl_cmd = 810a22  res = 0
D/wpa_supplicant( 1524): wpa_driver_tista_get_rssi data -65 beacon -67 success
D/wpa_supplicant( 1524): rssi_data -65 rssi_beacon -67
D/wpa_supplicant( 1524): buf BUFFALO-4B89E9 rssi -67
D/wpa_supplicant( 1524): CMD: DRIVER LINKSPEED
D/wpa_supplicant( 1524): wpa_driver_tista_driver_cmd LINKSPEED
D/wpa_supplicant( 1524): Link Speed command
D/wpa_supplicant( 1524): buf LinkSpeed 54
D/dalvikvm( 3419): GC_FOR_MALLOC freed 864K, 13% free 22848K/26183K, external 1625K/2137K, paused 84ms
D/dalvikvm( 1767): GC_EXPLICIT freed 1342K, 51% free 6061K/12295K, external 1625K/2137K, paused 60ms
D/dalvikvm( 3419): GC_FOR_MALLOC freed 505K, 13% free 23256K/26631K, external 1625K/2137K, paused 249ms
I/dalvikvm-heap( 3419): Grow heap (frag case) to 27.880MB for 1280140-byte allocation
D/dalvikvm( 3419): GC_FOR_MALLOC freed 0K, 13% free 24506K/27911K, external 1625K/2137K, paused 272ms
D/wpa_supplicant( 1524): CMD: DRIVER RSSI
D/wpa_supplicant( 1524): wpa_driver_tista_driver_cmd RSSI
D/wpa_supplicant( 1524): rssi command
D/wpa_supplicant( 1524): wpa_driver_tista_private_send ioctl_cmd = 810a22  res = 0
D/wpa_supplicant( 1524): wpa_driver_tista_get_rssi data -65 beacon -66 success
D/wpa_supplicant( 1524): rssi_data -65 rssi_beacon -66
D/wpa_supplicant( 1524): buf BUFFALO-4B89E9 rssi -66
D/wpa_supplicant( 1524): CMD: DRIVER LINKSPEED
D/wpa_supplicant( 1524): wpa_driver_tista_driver_cmd LINKSPEED
D/wpa_supplicant( 1524): Link Speed command
D/wpa_supplicant( 1524): buf LinkSpeed 54
D/AndroidRuntime( 3485): 
D/AndroidRuntime( 3485): >>>>>> AndroidRuntime START com.android.internal.os.RuntimeInit <<<<<<
D/AndroidRuntime( 3485): CheckJNI is OFF
D/dalvikvm( 3485): creating instr width table
D/AndroidRuntime( 3485): Calling main entry com.android.commands.am.Am
D/AndroidRuntime( 3485): Shutting down VM
D/dalvikvm( 3485): GC_CONCURRENT freed 102K, 69% free 324K/1024K, external 0K/0K, paused 1ms+1ms
D/jdwp    ( 3485): adbd disconnected
I/AndroidRuntime( 3485): NOTE: attach of thread 'Binder Thread #3' failed
D/dalvikvm( 3437): GC_CONCURRENT freed 652K, 47% free 3631K/6727K, external 1625K/2137K, paused 2ms+9ms
D/dalvikvm( 3419): GC_CONCURRENT freed 1519K, 14% free 24939K/28935K, external 1625K/2137K, paused 7ms+4ms
D/wpa_supplicant( 1524): CMD: DRIVER RSSI
D/wpa_supplicant( 1524): wpa_driver_tista_driver_cmd RSSI
D/wpa_supplicant( 1524): rssi command
D/wpa_supplicant( 1524): wpa_driver_tista_private_send ioctl_cmd = 810a22  res = 0
D/wpa_supplicant( 1524): wpa_driver_tista_get_rssi data -65 beacon -65 success
D/wpa_supplicant( 1524): rssi_data -65 rssi_beacon -65
D/wpa_supplicant( 1524): buf BUFFALO-4B89E9 rssi -65
D/wpa_supplicant( 1524): CMD: DRIVER LINKSPEED
D/wpa_supplicant( 1524): wpa_driver_tista_driver_cmd LINKSPEED
D/wpa_supplicant( 1524): Link Speed command
D/wpa_supplicant( 1524): buf LinkSpeed 54
D/dalvikvm( 1712): GC_EXPLICIT freed 155K, 48% free 3168K/6087K, external 1625K/2137K, paused 36ms
D/wpa_supplicant( 1524): CMD: DRIVER RSSI
D/wpa_supplicant( 1524): wpa_driver_tista_driver_cmd RSSI
D/wpa_supplicant( 1524): rssi command
D/wpa_supplicant( 1524): wpa_driver_tista_private_send ioctl_cmd = 810a22  res = 0
D/wpa_supplicant( 1524): wpa_driver_tista_get_rssi data -64 beacon -64 success
D/wpa_supplicant( 1524): rssi_data -64 rssi_beacon -64
D/wpa_supplicant( 1524): buf BUFFALO-4B89E9 rssi -64
D/wpa_supplicant( 1524): CMD: DRIVER LINKSPEED
D/wpa_supplicant( 1524): wpa_driver_tista_driver_cmd LINKSPEED
D/wpa_supplicant( 1524): Link Speed command
D/wpa_supplicant( 1524): buf LinkSpeed 54
I/dalvikvm( 3419): Jit: resizing JitTable from 8192 to 16384
I/System.out( 3419): Shrink incremental: 2121900
D/wpa_supplicant( 1524): CMD: DRIVER RSSI
D/wpa_supplicant( 1524): wpa_driver_tista_driver_cmd RSSI
D/wpa_supplicant( 1524): rssi command
D/wpa_supplicant( 1524): wpa_driver_tista_private_send ioctl_cmd = 810a22  res = 0
D/wpa_supplicant( 1524): wpa_driver_tista_get_rssi data -64 beacon -64 success
D/wpa_supplicant( 1524): rssi_data -64 rssi_beacon -64
D/wpa_supplicant( 1524): buf BUFFALO-4B89E9 rssi -64
D/wpa_supplicant( 1524): CMD: DRIVER LINKSPEED
D/wpa_supplicant( 1524): wpa_driver_tista_driver_cmd LINKSPEED
D/wpa_supplicant( 1524): Link Speed command
D/wpa_supplicant( 1524): buf LinkSpeed 54
D/wpa_supplicant( 1524): CMD: DRIVER RSSI
D/wpa_supplicant( 1524): wpa_driver_tista_driver_cmd RSSI
D/wpa_supplicant( 1524): rssi command
D/wpa_supplicant( 1524): wpa_driver_tista_private_send ioctl_cmd = 810a22  res = 0
D/wpa_supplicant( 1524): wpa_driver_tista_get_rssi data -64 beacon -64 success
D/wpa_supplicant( 1524): rssi_data -64 rssi_beacon -64
D/wpa_supplicant( 1524): buf BUFFALO-4B89E9 rssi -64
D/wpa_supplicant( 1524): CMD: DRIVER LINKSPEED
D/wpa_supplicant( 1524): wpa_driver_tista_driver_cmd LINKSPEED
D/wpa_supplicant( 1524): Link Speed command
D/wpa_supplicant( 1524): buf LinkSpeed 54
D/dalvikvm( 2603): GC_EXPLICIT freed 235K, 52% free 3244K/6727K, external 1625K/2137K, paused 112ms
D/wpa_supplicant( 1524): CMD: DRIVER RSSI
D/wpa_supplicant( 1524): wpa_driver_tista_driver_cmd RSSI
D/wpa_supplicant( 1524): rssi command
D/wpa_supplicant( 1524): wpa_driver_tista_private_send ioctl_cmd = 810a22  res = 0
D/wpa_supplicant( 1524): wpa_driver_tista_get_rssi data -64 beacon -63 success
D/wpa_supplicant( 1524): rssi_data -64 rssi_beacon -63
D/wpa_supplicant( 1524): buf BUFFALO-4B89E9 rssi -63
D/wpa_supplicant( 1524): CMD: DRIVER LINKSPEED
D/wpa_supplicant( 1524): wpa_driver_tista_driver_cmd LINKSPEED
D/wpa_supplicant( 1524): Link Speed command
D/wpa_supplicant( 1524): buf LinkSpeed 54
D/wpa_supplicant( 1524): CMD: DRIVER RSSI
D/wpa_supplicant( 1524): wpa_driver_tista_driver_cmd RSSI
D/wpa_supplicant( 1524): rssi command
