--------- beginning of /dev/log/system
I/ActivityManager( 1423): No longer want com.nttdocomo.android.phonebookcopy (pid 2159): hidden #16
E/AndroidRuntime( 2612): FATAL EXCEPTION: main
E/AndroidRuntime( 2612): android.view.InflateException: Binary XML file line #24: Error inflating class android.view.View
E/AndroidRuntime( 2612): 	at android.view.LayoutInflater.createView(LayoutInflater.java:518)
E/AndroidRuntime( 2612): 	at android.view.LayoutInflater.onCreateView(LayoutInflater.java:549)
E/AndroidRuntime( 2612): 	at uk.co.chrisjenx.calligraphy.CalligraphyLayoutInflater.onCreateView(CalligraphyLayoutInflater.java:170)
E/AndroidRuntime( 2612): 	at android.view.LayoutInflater.createViewFromTag(LayoutInflater.java:568)
E/AndroidRuntime( 2612): 	at android.view.LayoutInflater.rInflate(LayoutInflater.java:623)
E/AndroidRuntime( 2612): 	at android.view.LayoutInflater.inflate(LayoutInflater.java:408)
E/AndroidRuntime( 2612): 	at uk.co.chrisjenx.calligraphy.CalligraphyLayoutInflater.inflate(CalligraphyLayoutInflater.java:60)
E/AndroidRuntime( 2612): 	at android.view.LayoutInflater.inflate(LayoutInflater.java:320)
E/AndroidRuntime( 2612): 	at android.view.LayoutInflater.inflate(LayoutInflater.java:276)
E/AndroidRuntime( 2612): 	at com.nao20010128nao.Wisecraft.misc.KVListAdapter.getView(KVListAdapter.java:16)
E/AndroidRuntime( 2612): 	at android.widget.AbsListView.obtainView(AbsListView.java:1430)
E/AndroidRuntime( 2612): 	at android.widget.ListView.makeAndAddView(ListView.java:1745)
E/AndroidRuntime( 2612): 	at android.widget.ListView.fillDown(ListView.java:670)
E/AndroidRuntime( 2612): 	at android.widget.ListView.fillFromTop(ListView.java:727)
E/AndroidRuntime( 2612): 	at android.widget.ListView.layoutChildren(ListView.java:1598)
E/AndroidRuntime( 2612): 	at android.widget.AbsListView.onLayout(AbsListView.java:1260)
E/AndroidRuntime( 2612): 	at android.view.View.layout(View.java:7186)
E/AndroidRuntime( 2612): 	at android.widget.FrameLayout.onLayout(FrameLayout.java:338)
E/AndroidRuntime( 2612): 	at android.view.View.layout(View.java:7186)
E/AndroidRuntime( 2612): 	at android.widget.FrameLayout.onLayout(FrameLayout.java:338)
E/AndroidRuntime( 2612): 	at android.view.View.layout(View.java:7186)
E/AndroidRuntime( 2612): 	at android.widget.LinearLayout.setChildFrame(LinearLayout.java:1254)
E/AndroidRuntime( 2612): 	at android.widget.LinearLayout.layoutVertical(LinearLayout.java:1130)
E/AndroidRuntime( 2612): 	at android.widget.LinearLayout.onLayout(LinearLayout.java:1047)
E/AndroidRuntime( 2612): 	at android.view.View.layout(View.java:7186)
E/AndroidRuntime( 2612): 	at android.widget.FrameLayout.onLayout(FrameLayout.java:338)
E/AndroidRuntime( 2612): 	at android.view.View.layout(View.java:7186)
E/AndroidRuntime( 2612): 	at android.widget.LinearLayout.setChildFrame(LinearLayout.java:1254)
E/AndroidRuntime( 2612): 	at android.widget.LinearLayout.layoutVertical(LinearLayout.java:1130)
E/AndroidRuntime( 2612): 	at android.widget.LinearLayout.onLayout(LinearLayout.java:1047)
E/AndroidRuntime( 2612): 	at android.view.View.layout(View.java:7186)
E/AndroidRuntime( 2612): 	at android.widget.FrameLayout.onLayout(FrameLayout.java:338)
E/AndroidRuntime( 2612): 	at android.view.View.layout(View.java:7186)
E/AndroidRuntime( 2612): 	at android.widget.LinearLayout.setChildFrame(LinearLayout.java:1254)
E/AndroidRuntime( 2612): 	at android.widget.LinearLayout.layoutVertical(LinearLayout.java:1130)
E/AndroidRuntime( 2612): 	at android.widget.LinearLayout.onLayout(LinearLayout.java:1047)
E/AndroidRuntime( 2612): 	at android.view.View.layout(View.java:7186)
E/AndroidRuntime( 2612): 	at android.widget.FrameLayout.onLayout(FrameLayout.java:338)
E/AndroidRuntime( 2612): 	at android.view.View.layout(View.java:7186)
E/AndroidRuntime( 2612): 	at android.view.ViewRoot.performTraversals(ViewRoot.java:1140)
E/AndroidRuntime( 2612): 	at android.view.ViewRoot.handleMessage(ViewRoot.java:1859)
E/AndroidRuntime( 2612): 	at android.os.Handler.dispatchMessage(Handler.java:99)
E/AndroidRuntime( 2612): 	at android.os.Looper.loop(Looper.java:123)
E/AndroidRuntime( 2612): 	at android.app.ActivityThread.main(ActivityThread.java:3717)
E/AndroidRuntime( 2612): 	at java.lang.reflect.Method.invokeNative(Native Method)
E/AndroidRuntime( 2612): 	at java.lang.reflect.Method.invoke(Method.java:507)
E/AndroidRuntime( 2612): 	at com.android.internal.os.ZygoteInit$MethodAndArgsCaller.run(ZygoteInit.java:839)
E/AndroidRuntime( 2612): 	at com.android.internal.os.ZygoteInit.main(ZygoteInit.java:597)
E/AndroidRuntime( 2612): 	at dalvik.system.NativeStart.main(Native Method)
E/AndroidRuntime( 2612): Caused by: java.lang.reflect.InvocationTargetException
E/AndroidRuntime( 2612): 	at java.lang.reflect.Constructor.constructNative(Native Method)
E/AndroidRuntime( 2612): 	at java.lang.reflect.Constructor.newInstance(Constructor.java:415)
E/AndroidRuntime( 2612): 	at android.view.LayoutInflater.createView(LayoutInflater.java:505)
E/AndroidRuntime( 2612): 	... 48 more
E/AndroidRuntime( 2612): Caused by: android.content.res.Resources$NotFoundException: Resource is not a Drawable (color or path): TypedValue{t=0x2/d=0x101032c a=-1}
E/AndroidRuntime( 2612): 	at android.content.res.Resources.loadDrawable(Resources.java:1681)
E/AndroidRuntime( 2612): 	at android.content.res.TypedArray.getDrawable(TypedArray.java:601)
E/AndroidRuntime( 2612): 	at android.view.View.<init>(View.java:1951)
E/AndroidRuntime( 2612): 	at android.view.View.<init>(View.java:1899)
E/AndroidRuntime( 2612): 	... 51 more
W/ActivityManager( 1423):   Force finishing activity com.nao20010128nao.Wisecraft/.ServerInfoActivity
W/ActivityManager( 1423): Activity pause timeout for HistoryRecord{409e2678 com.nao20010128nao.Wisecraft/.ServerInfoActivity}
I/ActivityManager( 1423): No longer want com.aide.premium.key:LicenseUpdateService (pid 2490): hidden #16
I/ActivityManager( 1423): Start proc com.svox.pico for broadcast com.svox.pico/.VoiceDataInstallerReceiver: pid=2682 uid=10072 gids={}
I/ActivityManager( 1423): Process com.nao20010128nao.Wisecraft (pid 2612) has died.
I/WindowManager( 1423): WIN DEATH: Window{407cb518 com.nao20010128nao.Wisecraft/com.nao20010128nao.Wisecraft.ServerListActivity paused=false}
I/WindowManager( 1423): WIN DEATH: Window{407f68c0 com.nao20010128nao.Wisecraft/com.nao20010128nao.Wisecraft.ServerInfoActivity paused=false}
W/InputManagerService( 1423): Got RemoteException sending setActive(false) notification to pid 2612 uid 10003
I/ActivityManager( 1423): Start proc com.panasonic.mobile.MakerSiteLink for broadcast com.panasonic.mobile.MakerSiteLink/.StartupReceiver: pid=2699 uid=10075 gids={3003}
I/ActivityManager( 1423): Start proc com.google.android.apps.maps:FriendService for broadcast com.google.android.apps.maps/com.google.googlenav.friend.android.ServiceReceiver: pid=2706 uid=10015 gids={3003, 1015}
I/ActivityManager( 1423): No longer want com.google.android.gms.unstable (pid 2126): hidden #16
I/ActivityManager( 1423): No longer want com.google.android.voicesearch (pid 2539): hidden #16
I/ActivityManager( 1423): No longer want com.android.defcontainer (pid 2479): hidden #16
I/ActivityManager( 1423): Start proc com.google.android.googlequicksearchbox for broadcast com.google.android.googlequicksearchbox/.SourceUpdateReceiver: pid=2713 uid=10093 gids={3003}
I/ActivityManager( 1423): Starting: Intent { act=android.intent.action.MAIN cat=[android.intent.category.LAUNCHER] flg=0x10200000 cmp=com.nao20010128nao.Wisecraft/.ServerListActivity } from pid 1551
I/ActivityManager( 1423): Start proc com.nao20010128nao.Wisecraft for activity com.nao20010128nao.Wisecraft/.ServerListActivity: pid=2723 uid=10003 gids={3003, 1015}
I/ActivityManager( 1423): No longer want com.google.android.gms.ui (pid 2660): hidden #16
I/ActivityManager( 1423): No longer want com.android.voicedialer (pid 2576): hidden #16
I/ActivityManager( 1423): Starting: Intent { cmp=com.nao20010128nao.Wisecraft/.ServerInfoActivity } from pid 2723
E/AndroidRuntime( 2723): FATAL EXCEPTION: main
E/AndroidRuntime( 2723): android.view.InflateException: Binary XML file line #24: Error inflating class android.view.View
E/AndroidRuntime( 2723): 	at android.view.LayoutInflater.createView(LayoutInflater.java:518)
E/AndroidRuntime( 2723): 	at android.view.LayoutInflater.onCreateView(LayoutInflater.java:549)
E/AndroidRuntime( 2723): 	at uk.co.chrisjenx.calligraphy.CalligraphyLayoutInflater.onCreateView(CalligraphyLayoutInflater.java:170)
E/AndroidRuntime( 2723): 	at android.view.LayoutInflater.createViewFromTag(LayoutInflater.java:568)
E/AndroidRuntime( 2723): 	at android.view.LayoutInflater.rInflate(LayoutInflater.java:623)
E/AndroidRuntime( 2723): 	at android.view.LayoutInflater.inflate(LayoutInflater.java:408)
E/AndroidRuntime( 2723): 	at uk.co.chrisjenx.calligraphy.CalligraphyLayoutInflater.inflate(CalligraphyLayoutInflater.java:60)
E/AndroidRuntime( 2723): 	at android.view.LayoutInflater.inflate(LayoutInflater.java:320)
E/AndroidRuntime( 2723): 	at android.view.LayoutInflater.inflate(LayoutInflater.java:276)
E/AndroidRuntime( 2723): 	at com.nao20010128nao.Wisecraft.misc.KVListAdapter.getView(KVListAdapter.java:16)
E/AndroidRuntime( 2723): 	at android.widget.AbsListView.obtainView(AbsListView.java:1430)
E/AndroidRuntime( 2723): 	at android.widget.ListView.makeAndAddView(ListView.java:1745)
E/AndroidRuntime( 2723): 	at android.widget.ListView.fillDown(ListView.java:670)
E/AndroidRuntime( 2723): 	at android.widget.ListView.fillFromTop(ListView.java:727)
E/AndroidRuntime( 2723): 	at android.widget.ListView.layoutChildren(ListView.java:1598)
E/AndroidRuntime( 2723): 	at android.widget.AbsListView.onLayout(AbsListView.java:1260)
E/AndroidRuntime( 2723): 	at android.view.View.layout(View.java:7186)
E/AndroidRuntime( 2723): 	at android.widget.FrameLayout.onLayout(FrameLayout.java:338)
E/AndroidRuntime( 2723): 	at android.view.View.layout(View.java:7186)
E/AndroidRuntime( 2723): 	at android.widget.FrameLayout.onLayout(FrameLayout.java:338)
E/AndroidRuntime( 2723): 	at android.view.View.layout(View.java:7186)
E/AndroidRuntime( 2723): 	at android.widget.LinearLayout.setChildFrame(LinearLayout.java:1254)
E/AndroidRuntime( 2723): 	at android.widget.LinearLayout.layoutVertical(LinearLayout.java:1130)
E/AndroidRuntime( 2723): 	at android.widget.LinearLayout.onLayout(LinearLayout.java:1047)
E/AndroidRuntime( 2723): 	at android.view.View.layout(View.java:7186)
E/AndroidRuntime( 2723): 	at android.widget.FrameLayout.onLayout(FrameLayout.java:338)
E/AndroidRuntime( 2723): 	at android.view.View.layout(View.java:7186)
E/AndroidRuntime( 2723): 	at android.widget.LinearLayout.setChildFrame(LinearLayout.java:1254)
E/AndroidRuntime( 2723): 	at android.widget.LinearLayout.layoutVertical(LinearLayout.java:1130)
E/AndroidRuntime( 2723): 	at android.widget.LinearLayout.onLayout(LinearLayout.java:1047)
E/AndroidRuntime( 2723): 	at android.view.View.layout(View.java:7186)
E/AndroidRuntime( 2723): 	at android.widget.FrameLayout.onLayout(FrameLayout.java:338)
E/AndroidRuntime( 2723): 	at android.view.View.layout(View.java:7186)
E/AndroidRuntime( 2723): 	at android.widget.LinearLayout.setChildFrame(LinearLayout.java:1254)
E/AndroidRuntime( 2723): 	at android.widget.LinearLayout.layoutVertical(LinearLayout.java:1130)
E/AndroidRuntime( 2723): 	at android.widget.LinearLayout.onLayout(LinearLayout.java:1047)
E/AndroidRuntime( 2723): 	at android.view.View.layout(View.java:7186)
E/AndroidRuntime( 2723): 	at android.widget.FrameLayout.onLayout(FrameLayout.java:338)
E/AndroidRuntime( 2723): 	at android.view.View.layout(View.java:7186)
E/AndroidRuntime( 2723): 	at android.view.ViewRoot.performTraversals(ViewRoot.java:1140)
E/AndroidRuntime( 2723): 	at android.view.ViewRoot.handleMessage(ViewRoot.java:1859)
E/AndroidRuntime( 2723): 	at android.os.Handler.dispatchMessage(Handler.java:99)
E/AndroidRuntime( 2723): 	at android.os.Looper.loop(Looper.java:123)
E/AndroidRuntime( 2723): 	at android.app.ActivityThread.main(ActivityThread.java:3717)
E/AndroidRuntime( 2723): 	at java.lang.reflect.Method.invokeNative(Native Method)
E/AndroidRuntime( 2723): 	at java.lang.reflect.Method.invoke(Method.java:507)
E/AndroidRuntime( 2723): 	at com.android.internal.os.ZygoteInit$MethodAndArgsCaller.run(ZygoteInit.java:839)
E/AndroidRuntime( 2723): 	at com.android.internal.os.ZygoteInit.main(ZygoteInit.java:597)
E/AndroidRuntime( 2723): 	at dalvik.system.NativeStart.main(Native Method)
E/AndroidRuntime( 2723): Caused by: java.lang.reflect.InvocationTargetException
E/AndroidRuntime( 2723): 	at java.lang.reflect.Constructor.constructNative(Native Method)
E/AndroidRuntime( 2723): 	at java.lang.reflect.Constructor.newInstance(Constructor.java:415)
E/AndroidRuntime( 2723): 	at android.view.LayoutInflater.createView(LayoutInflater.java:505)
E/AndroidRuntime( 2723): 	... 48 more
E/AndroidRuntime( 2723): Caused by: android.content.res.Resources$NotFoundException: Resource is not a Drawable (color or path): TypedValue{t=0x2/d=0x101032c a=-1}
E/AndroidRuntime( 2723): 	at android.content.res.Resources.loadDrawable(Resources.java:1681)
E/AndroidRuntime( 2723): 	at android.content.res.TypedArray.getDrawable(TypedArray.java:601)
E/AndroidRuntime( 2723): 	at android.view.View.<init>(View.java:1951)
E/AndroidRuntime( 2723): 	at android.view.View.<init>(View.java:1899)
E/AndroidRuntime( 2723): 	... 51 more
W/ActivityManager( 1423):   Force finishing activity com.nao20010128nao.Wisecraft/.ServerInfoActivity
W/ActivityManager( 1423): Activity pause timeout for HistoryRecord{40aad8d0 com.nao20010128nao.Wisecraft/.ServerInfoActivity}
I/ActivityManager( 1423): Process com.nao20010128nao.Wisecraft (pid 2723) has died.
I/WindowManager( 1423): WIN DEATH: Window{40986bf0 com.nao20010128nao.Wisecraft/com.nao20010128nao.Wisecraft.ServerListActivity paused=false}
I/WindowManager( 1423): WIN DEATH: Window{408ae2e8 com.nao20010128nao.Wisecraft/com.nao20010128nao.Wisecraft.ServerInfoActivity paused=false}
W/InputManagerService( 1423): Got RemoteException sending setActive(false) notification to pid 2723 uid 10003
I/ActivityManager( 1423): Starting: Intent { act=android.intent.action.MAIN cat=[android.intent.category.LAUNCHER] flg=0x10200000 cmp=com.nao20010128nao.Wisecraft/.ServerListActivity } from pid 1551
I/ActivityManager( 1423): Start proc com.nao20010128nao.Wisecraft for activity com.nao20010128nao.Wisecraft/.ServerListActivity: pid=2754 uid=10003 gids={3003, 1015}
I/ActivityManager( 1423): Starting: Intent { cmp=com.nao20010128nao.Wisecraft/.ServerInfoActivity } from pid 2754
I/ActivityManager( 1423): No longer want com.panasonic.mobile.dtv.app1 (pid 2586): hidden #16
W/InputManagerService( 1423): Window already focused, ignoring focus gain of: com.android.internal.view.IInputMethodClient$Stub$Proxy@407f63b0
I/ActivityManager( 1423): Starting: Intent { cmp=com.nao20010128nao.Wisecraft/.SettingsActivity } from pid 2754
I/ActivityManager( 1423): No longer want com.tencent.tcuser (pid 2225): hidden #16
I/ActivityManager( 1423): Start proc com.android.providers.calendar for content provider com.android.providers.calendar/.CalendarProvider2: pid=2792 uid=10050 gids={3003}
I/ActivityManager( 1423): Starting: Intent { cmp=com.nao20010128nao.Wisecraft/.ServerInfoActivity } from pid 2754
E/AndroidRuntime( 2754): FATAL EXCEPTION: main
E/AndroidRuntime( 2754): android.view.InflateException: Binary XML file line #24: Error inflating class android.view.View
E/AndroidRuntime( 2754): 	at android.view.LayoutInflater.createView(LayoutInflater.java:518)
E/AndroidRuntime( 2754): 	at android.view.LayoutInflater.onCreateView(LayoutInflater.java:549)
E/AndroidRuntime( 2754): 	at uk.co.chrisjenx.calligraphy.CalligraphyLayoutInflater.onCreateView(CalligraphyLayoutInflater.java:170)
E/AndroidRuntime( 2754): 	at android.view.LayoutInflater.createViewFromTag(LayoutInflater.java:568)
E/AndroidRuntime( 2754): 	at android.view.LayoutInflater.rInflate(LayoutInflater.java:623)
E/AndroidRuntime( 2754): 	at android.view.LayoutInflater.inflate(LayoutInflater.java:408)
E/AndroidRuntime( 2754): 	at uk.co.chrisjenx.calligraphy.CalligraphyLayoutInflater.inflate(CalligraphyLayoutInflater.java:60)
E/AndroidRuntime( 2754): 	at android.view.LayoutInflater.inflate(LayoutInflater.java:320)
E/AndroidRuntime( 2754): 	at android.view.LayoutInflater.inflate(LayoutInflater.java:276)
E/AndroidRuntime( 2754): 	at com.nao20010128nao.Wisecraft.misc.KVListAdapter.getView(KVListAdapter.java:16)
E/AndroidRuntime( 2754): 	at android.widget.AbsListView.obtainView(AbsListView.java:1430)
E/AndroidRuntime( 2754): 	at android.widget.ListView.makeAndAddView(ListView.java:1745)
E/AndroidRuntime( 2754): 	at android.widget.ListView.fillDown(ListView.java:670)
E/AndroidRuntime( 2754): 	at android.widget.ListView.fillFromTop(ListView.java:727)
E/AndroidRuntime( 2754): 	at android.widget.ListView.layoutChildren(ListView.java:1598)
E/AndroidRuntime( 2754): 	at android.widget.AbsListView.onLayout(AbsListView.java:1260)
E/AndroidRuntime( 2754): 	at android.view.View.layout(View.java:7186)
E/AndroidRuntime( 2754): 	at android.widget.FrameLayout.onLayout(FrameLayout.java:338)
E/AndroidRuntime( 2754): 	at android.view.View.layout(View.java:7186)
E/AndroidRuntime( 2754): 	at android.widget.FrameLayout.onLayout(FrameLayout.java:338)
E/AndroidRuntime( 2754): 	at android.view.View.layout(View.java:7186)
E/AndroidRuntime( 2754): 	at android.widget.LinearLayout.setChildFrame(LinearLayout.java:1254)
E/AndroidRuntime( 2754): 	at android.widget.LinearLayout.layoutVertical(LinearLayout.java:1130)
E/AndroidRuntime( 2754): 	at android.widget.LinearLayout.onLayout(LinearLayout.java:1047)
E/AndroidRuntime( 2754): 	at android.view.View.layout(View.java:7186)
E/AndroidRuntime( 2754): 	at android.widget.FrameLayout.onLayout(FrameLayout.java:338)
E/AndroidRuntime( 2754): 	at android.view.View.layout(View.java:7186)
E/AndroidRuntime( 2754): 	at android.widget.LinearLayout.setChildFrame(LinearLayout.java:1254)
E/AndroidRuntime( 2754): 	at android.widget.LinearLayout.layoutVertical(LinearLayout.java:1130)
E/AndroidRuntime( 2754): 	at android.widget.LinearLayout.onLayout(LinearLayout.java:1047)
E/AndroidRuntime( 2754): 	at android.view.View.layout(View.java:7186)
E/AndroidRuntime( 2754): 	at android.widget.FrameLayout.onLayout(FrameLayout.java:338)
E/AndroidRuntime( 2754): 	at android.view.View.layout(View.java:7186)
E/AndroidRuntime( 2754): 	at android.widget.LinearLayout.setChildFrame(LinearLayout.java:1254)
E/AndroidRuntime( 2754): 	at android.widget.LinearLayout.layoutVertical(LinearLayout.java:1130)
E/AndroidRuntime( 2754): 	at android.widget.LinearLayout.onLayout(LinearLayout.java:1047)
E/AndroidRuntime( 2754): 	at android.view.View.layout(View.java:7186)
E/AndroidRuntime( 2754): 	at android.widget.FrameLayout.onLayout(FrameLayout.java:338)
E/AndroidRuntime( 2754): 	at android.view.View.layout(View.java:7186)
E/AndroidRuntime( 2754): 	at android.view.ViewRoot.performTraversals(ViewRoot.java:1140)
E/AndroidRuntime( 2754): 	at android.view.ViewRoot.handleMessage(ViewRoot.java:1859)
E/AndroidRuntime( 2754): 	at android.os.Handler.dispatchMessage(Handler.java:99)
E/AndroidRuntime( 2754): 	at android.os.Looper.loop(Looper.java:123)
E/AndroidRuntime( 2754): 	at android.app.ActivityThread.main(ActivityThread.java:3717)
E/AndroidRuntime( 2754): 	at java.lang.reflect.Method.invokeNative(Native Method)
E/AndroidRuntime( 2754): 	at java.lang.reflect.Method.invoke(Method.java:507)
E/AndroidRuntime( 2754): 	at com.android.internal.os.ZygoteInit$MethodAndArgsCaller.run(ZygoteInit.java:839)
E/AndroidRuntime( 2754): 	at com.android.internal.os.ZygoteInit.main(ZygoteInit.java:597)
E/AndroidRuntime( 2754): 	at dalvik.system.NativeStart.main(Native Method)
E/AndroidRuntime( 2754): Caused by: java.lang.reflect.InvocationTargetException
E/AndroidRuntime( 2754): 	at java.lang.reflect.Constructor.constructNative(Native Method)
E/AndroidRuntime( 2754): 	at java.lang.reflect.Constructor.newInstance(Constructor.java:415)
E/AndroidRuntime( 2754): 	at android.view.LayoutInflater.createView(LayoutInflater.java:505)
E/AndroidRuntime( 2754): 	... 48 more
E/AndroidRuntime( 2754): Caused by: android.content.res.Resources$NotFoundException: Resource is not a Drawable (color or path): TypedValue{t=0x2/d=0x101032c a=-1}
E/AndroidRuntime( 2754): 	at android.content.res.Resources.loadDrawable(Resources.java:1681)
E/AndroidRuntime( 2754): 	at android.content.res.TypedArray.getDrawable(TypedArray.java:601)
E/AndroidRuntime( 2754): 	at android.view.View.<init>(View.java:1951)
E/AndroidRuntime( 2754): 	at android.view.View.<init>(View.java:1899)
E/AndroidRuntime( 2754): 	... 51 more
W/ActivityManager( 1423):   Force finishing activity com.nao20010128nao.Wisecraft/.ServerInfoActivity
W/ActivityManager( 1423): Activity pause timeout for HistoryRecord{407a7038 com.nao20010128nao.Wisecraft/.ServerInfoActivity}
I/WindowManager( 1423): WIN DEATH: Window{407c2068 com.nao20010128nao.Wisecraft/com.nao20010128nao.Wisecraft.ServerListActivity paused=false}
I/ActivityManager( 1423): Process com.nao20010128nao.Wisecraft (pid 2754) has died.
I/WindowManager( 1423): WIN DEATH: Window{407cb518 com.nao20010128nao.Wisecraft/com.nao20010128nao.Wisecraft.ServerInfoActivity paused=false}
W/InputManagerService( 1423): Got RemoteException sending setActive(false) notification to pid 2754 uid 10003
D/Vold    ( 1313): USB connected
D/Vold    ( 1313): Share method ums now available
W/Vold    ( 1313): Ignoring unknown switch 'usb_mass_storage'
I/ActivityManager( 1423): Start proc com.android.settings for broadcast com.android.settings/.TetheringStateChangeBroadcastReciver: pid=2970 uid=1000 gids={3002, 3001, 3003}
I/StorageNotification( 1527): UMS connection changed to true (media state mounted)
I/ActivityManager( 1423): No longer want com.google.android.apps.maps:FriendService (pid 2706): hidden #16
W/InputManagerService( 1423): Window already focused, ignoring focus gain of: com.android.internal.view.IInputMethodClient$Stub$Proxy@40ab8938
I/ActivityManager( 1423): Starting: Intent { act=android.settings.APPLICATION_DEVELOPMENT_SETTINGS flg=0x10200000 cmp=com.android.settings/.DevelopmentSettings bnds=[0,143][480,239] } from pid -1
I/ActivityManager( 1423): Starting: Intent { flg=0x10000000 cmp=com.android.systemui/.usb.UsbStorageActivity bnds=[0,241][480,337] } from pid -1
D/VoldCmdListener( 1313): volume shared /mnt/sdcard ums
W/InputManagerService( 1423): Starting input on non-focused client com.android.internal.view.IInputMethodClient$Stub$Proxy@406fac48 (uid=1000 pid=2970)
D/VoldCmdListener( 1313): storage users /mnt/sdcard
D/VoldCmdListener( 1313): asec list
W/InputManagerService( 1423): Window already focused, ignoring focus gain of: com.android.internal.view.IInputMethodClient$Stub$Proxy@40525c68
D/VoldCmdListener( 1313): storage users /mnt/sdcard
W/ActivityManager( 1423): Killing processes unmount media at adjustment 7
W/ActivityManager( 1423): Killing ProcessRecord{407903c8 1690:com.estrongs.android.pop/10118} (adj 9): unmount media
D/VoldCmdListener( 1313): storage users /mnt/sdcard
I/MountService( 1423): Retrying to kill storage users again
I/WindowManager( 1423): WIN DEATH: Window{4082fc60 com.estrongs.android.pop/com.estrongs.android.pop.view.FileExplorerActivity paused=false}
E/WifiService( 1423): Multicaster binderDied
D/VoldCmdListener( 1313): storage users /mnt/sdcard
W/ActivityManager( 1423): Killing processes unmount media at adjustment 0
D/VoldCmdListener( 1313): storage users /mnt/sdcard
I/MountService( 1423): Retrying to kill storage users again
D/VoldCmdListener( 1313): storage users /mnt/sdcard
W/ActivityManager( 1423): Killing processes unmount media at adjustment 0
D/VoldCmdListener( 1313): storage users /mnt/sdcard
I/MountService( 1423): Retrying to kill storage users again
D/VoldCmdListener( 1313): storage users /mnt/sdcard
W/ActivityManager( 1423): Killing processes unmount media at adjustment 0
D/VoldCmdListener( 1313): storage users /mnt/sdcard
I/MountService( 1423): Retrying to kill storage users again
D/VoldCmdListener( 1313): storage users /mnt/sdcard
W/ActivityManager( 1423): Killing processes unmount media at adjustment 0
D/VoldCmdListener( 1313): storage users /mnt/sdcard
I/MountService( 1423): Failed to unmount media inspite of 4 retries. Forcibly killing processes now
D/VoldCmdListener( 1313): volume unmount /mnt/sdcard force
D/Vold    ( 1313): Volume sdcard state changing 4 (Mounted) -> 5 (Unmounting)
I/ActivityManager( 1423): Start proc com.nttdocomo.android.phonebookcopy for broadcast com.nttdocomo.android.phonebookcopy/.ui.activity.MainActivity$SdReceiver: pid=2982 uid=10051 gids={1015}
I/ActivityManager( 1423): Start proc com.panasonic.mobile.dtv.app1 for broadcast com.panasonic.mobile.dtv.app1/.view.P_DTVA_BroadcastReceiver: pid=2991 uid=1001 gids={3002, 3001, 3003, 1015}
I/ActivityManager( 1423): No longer want com.nttdocomo.app.livebookmark (pid 2240): hidden #16
I/Vold    ( 1313): /mnt/secure/staging/.android_secure sucessfully unmounted
I/Vold    ( 1313): /mnt/secure/asec sucessfully unmounted
W/Vold    ( 1313): Failed to unmount /mnt/secure/staging (Device or resource busy, retries 9, action 0)
E/ProcessKiller( 1313): Process /system/bin/mediaserver (1321) has open file /mnt/secure/staging/Notifications/hangout_ringtone.m4a
W/Vold    ( 1313): Failed to unmount /mnt/secure/staging (Device or resource busy, retries 8, action 0)
E/ProcessKiller( 1313): Process /system/bin/mediaserver (1321) has open file /mnt/secure/staging/Notifications/hangout_ringtone.m4a
W/Vold    ( 1313): Failed to unmount /mnt/secure/staging (Device or resource busy, retries 7, action 0)
E/ProcessKiller( 1313): Process /system/bin/mediaserver (1321) has open file /mnt/secure/staging/Notifications/hangout_ringtone.m4a
W/Vold    ( 1313): Failed to unmount /mnt/secure/staging (Device or resource busy, retries 6, action 0)
E/ProcessKiller( 1313): Process /system/bin/mediaserver (1321) has open file /mnt/secure/staging/Notifications/hangout_ringtone.m4a
W/Vold    ( 1313): Failed to unmount /mnt/secure/staging (Device or resource busy, retries 5, action 0)
E/ProcessKiller( 1313): Process /system/bin/mediaserver (1321) has open file /mnt/secure/staging/Notifications/hangout_ringtone.m4a
W/Vold    ( 1313): Failed to unmount /mnt/secure/staging (Device or resource busy, retries 4, action 0)
E/ProcessKiller( 1313): Process /system/bin/mediaserver (1321) has open file /mnt/secure/staging/Notifications/hangout_ringtone.m4a
W/Vold    ( 1313): Failed to unmount /mnt/secure/staging (Device or resource busy, retries 3, action 0)
E/ProcessKiller( 1313): Process /system/bin/mediaserver (1321) has open file /mnt/secure/staging/Notifications/hangout_ringtone.m4a
W/Vold    ( 1313): Failed to unmount /mnt/secure/staging (Device or resource busy, retries 2, action 1)
E/ProcessKiller( 1313): Process /system/bin/mediaserver (1321) has open file /mnt/secure/staging/Notifications/hangout_ringtone.m4a
W/ProcessKiller( 1313): Sending SIGHUP to process 1321
I/Vold    ( 1313): /mnt/secure/staging sucessfully unmounted
I/Vold    ( 1313): /mnt/sdcard unmounted sucessfully
D/Vold    ( 1313): Volume sdcard state changing 5 (Unmounting) -> 1 (Idle-Unmounted)
I/ActivityManager( 1423): Start proc com.estrongs.android.pop for broadcast com.estrongs.android.pop/.EnableOEMConfig: pid=3014 uid=10118 gids={3003, 3002, 3001, 1015}
I/StorageNotification( 1527): Media {/mnt/sdcard} state changed from {mounted} -> {unmounted}
D/VoldCmdListener( 1313): volume share /mnt/sdcard ums
D/Vold    ( 1313): Volume sdcard state changing 1 (Idle-Unmounted) -> 7 (Shared-Unmounted)
W/MountService( 1423): Duplicate state transition (unmounted -> unmounted)
D/VoldCmdListener( 1313): volume shared /mnt/sdcard ums
I/StorageNotification( 1527): Media {/mnt/sdcard} state changed from {unmounted} -> {shared}
I/ActivityManager( 1423): Starting: Intent { flg=0x10000000 cmp=com.android.systemui/.usb.UsbStorageActivity bnds=[0,241][480,337] } from pid -1
D/VoldCmdListener( 1313): volume shared /mnt/sdcard ums
W/InputManagerService( 1423): Starting input on non-focused client com.android.internal.view.IInputMethodClient$Stub$Proxy@406fac48 (uid=1000 pid=2970)
D/VoldCmdListener( 1313): volume unshare /mnt/sdcard ums
D/Vold    ( 1313): Volume sdcard state changing 7 (Shared-Unmounted) -> 1 (Idle-Unmounted)
D/VoldCmdListener( 1313): volume mount /mnt/sdcard
I/Vold    ( 1313): /dev/block/vold/179:1 being considered for volume sdcard
D/Vold    ( 1313): Volume sdcard state changing 1 (Idle-Unmounted) -> 3 (Checking)
I/StorageNotification( 1527): Media {/mnt/sdcard} state changed from {shared} -> {unmounted}
E/Vold    ( 1313): Filesystem check failed (not an exFAT filesystem)
I/ActivityManager( 1423): Starting: Intent { act=android.settings.APPLICATION_DEVELOPMENT_SETTINGS flg=0x10200000 cmp=com.android.settings/.DevelopmentSettings bnds=[0,143][480,239] } from pid -1
I/Vold    ( 1313): Filesystem check completed OK
I/Vold    ( 1313): Device /dev/block/vold/179:1, target /mnt/sdcard mounted @ /mnt/secure/staging
D/Vold    ( 1313): Volume sdcard state changing 3 (Checking) -> 4 (Mounted)
D/VoldCmdListener( 1313): volume shared /mnt/sdcard ums
I/StorageNotification( 1527): Media {/mnt/sdcard} state changed from {unmounted} -> {checking}
I/StorageNotification( 1527): Media {/mnt/sdcard} state changed from {checking} -> {mounted}
I/ActivityManager( 1423): Start proc com.google.android.apps.uploader for broadcast com.google.android.apps.uploader/.ConnectivityBroadcastReceiver: pid=3030 uid=10025 gids={3003}
D/VoldCmdListener( 1313): asec list
W/PackageManager( 1423): Unknown permission com.nttdocomo.android.syncmlapp.RECEIVE_SYNCML_PUSH in package com.nttdocomo.android.syncmlapp
W/PackageManager( 1423): Unknown permission com.nttdocomo.android.syncmlapp.SyncML_ViewLog.PICT_REFRESH in package com.nttdocomo.android.syncmlapp
W/PackageManager( 1423): Unknown permission android.permission.ADD_SYSTEM_SERVICE in package com.android.phone
W/PackageManager( 1423): Not granting permission android.permission.SEND_DOWNLOAD_COMPLETED_INTENTS to package com.android.browser (protectionLevel=2 flags=0x9be45)
W/PackageManager( 1423): Unknown permission android.permission.ACCESS_SUPERUSER in package net.zhuoweizhang.mcpelauncher.pro
W/PackageManager( 1423): Unknown permission com.felicanetworks.mfc.permission.MFC_ACCESS in package jp.co.mcdonalds.android
W/Vold    ( 1313): Ignoring unknown switch 'usb_mass_storage'
W/PackageManager( 1423): Unknown permission android.permission.READ_CALL_LOG in package com.google.android.gms
W/PackageManager( 1423): Unknown permission com.android.voicemail.permission.READ_VOICEMAIL in package com.google.android.gms
W/PackageManager( 1423): Unknown permission com.android.voicemail.permission.ADD_VOICEMAIL in package com.google.android.gms
W/PackageManager( 1423): Unknown permission android.permission.BODY_SENSORS in package com.google.android.gms
W/PackageManager( 1423): Not granting permission android.permission.FORCE_STOP_PACKAGES to package com.google.android.gms (protectionLevel=2 flags=0x83e44)
W/PackageManager( 1423): Unknown permission android.permission.INTERACT_ACROSS_USERS in package com.google.android.gms
W/PackageManager( 1423): Unknown permission android.permission.RECOVERY in package com.google.android.gms
W/PackageManager( 1423): Unknown permission android.permission.READ_DREAM_STATE in package com.google.android.gms
W/PackageManager( 1423): Unknown permission android.permission.RECEIVE_DATA_ACTIVITY_CHANGE in package com.google.android.gms
W/PackageManager( 1423): Unknown permission android.permission.READ_EXTERNAL_STORAGE in package com.google.android.gms
W/PackageManager( 1423): Unknown permission android.permission.PROVIDE_TRUST_AGENT in package com.google.android.gms
W/PackageManager( 1423): Unknown permission com.google.android.apps.enterprise.dmagent.permission.AutoSyncPermission in package com.google.android.gms
W/PackageManager( 1423): Unknown permission android.permission.LOCATION_HARDWARE in package com.google.android.gms
W/PackageManager( 1423): Unknown permission android.permission.GET_APP_OPS_STATS in package com.google.android.gms
W/PackageManager( 1423): Unknown permission android.permission.UPDATE_APP_OPS_STATS in package com.google.android.gms
W/PackageManager( 1423): Unknown permission android.permission.CAPTURE_AUDIO_HOTWORD in package com.google.android.gms
W/PackageManager( 1423): Unknown permission com.google.android.googlequicksearchbox.permission.PAUSE_HOTWORD in package com.google.android.gms
W/PackageManager( 1423): Unknown permission android.permission.MANAGE_VOICE_KEYPHRASES in package com.google.android.gms
W/PackageManager( 1423): Unknown permission android.permission.REAL_GET_TASKS in package com.google.android.gms
W/PackageManager( 1423): Unknown permission android.permission.READ_PROFILE in package com.google.android.gms
W/PackageManager( 1423): Unknown permission android.permission.WRITE_PROFILE in package com.google.android.gms
W/PackageManager( 1423): Unknown permission android.permission.READ_SOCIAL_STREAM in package com.google.android.gms
W/PackageManager( 1423): Unknown permission android.permission.WRITE_SOCIAL_STREAM in package com.google.android.gms
W/PackageManager( 1423): Unknown permission com.google.android.hangouts.START_HANGOUT in package com.google.android.gms
W/PackageManager( 1423): Unknown permission android.permission.ACCESS_NETWORK_CONDITIONS in package com.google.android.gms
W/PackageManager( 1423): Unknown permission android.permission.MANAGE_DEVICE_ADMINS in package com.google.android.gms
W/PackageManager( 1423): Unknown permission android.permission.READ_WIFI_CREDENTIAL in package com.google.android.gms
W/PackageManager( 1423): Not granting permission android.permission.MODIFY_PHONE_STATE to package com.google.android.gms (protectionLevel=3 flags=0x83e44)
W/PackageManager( 1423): Unknown permission android.permission.CONTROL_INCALL_EXPERIENCE in package com.google.android.gms
W/PackageManager( 1423): Unknown permission android.permission.MANAGE_USB in package com.google.android.gms
W/PackageManager( 1423): Not granting permission android.permission.CALL_PRIVILEGED to package com.google.android.gms (protectionLevel=3 flags=0x83e44)
W/PackageManager( 1423): Unknown permission android.permission.BLUETOOTH_PRIVILEGED in package com.google.android.gms
W/PackageManager( 1423): Unknown permission android.permission.USER_ACTIVITY in package com.google.android.gms
W/PackageManager( 1423): Unknown permission android.permission.CAPTURE_AUDIO_OUTPUT in package com.google.android.gms
W/PackageManager( 1423): Unknown permission android.permission.CAPTURE_VIDEO_OUTPUT in package com.google.android.gms
W/PackageManager( 1423): Unknown permission android.permission.CAPTURE_SECURE_VIDEO_OUTPUT in package com.google.android.gms
W/PackageManager( 1423): Not granting permission android.permission.READ_FRAME_BUFFER to package com.google.android.gms (protectionLevel=2 flags=0x83e44)
W/PackageManager( 1423): Unknown permission com.google.android.wearable.READ_SETTINGS in package com.google.android.gms
W/PackageManager( 1423): Unknown permission android.permission.SCORE_NETWORKS in package com.google.android.gms
W/PackageManager( 1423): Unknown permission android.permission.MODIFY_NETWORK_ACCOUNTING in package com.google.android.gms
W/PackageManager( 1423): Unknown permission android.permission.MANAGE_DOCUMENTS in package com.nao20010128nao.MC_PE.SkinChanger
W/PackageManager( 1423): Unknown permission android.permission.ACCESS_FOTA_DEVICE in package com.panasonic.mobile.pmcadl
W/PackageManager( 1423): Unknown permission android.webkit.permission.PLUGIN in package com.adobe.flashplayer
W/PackageManager( 1423): Unknown permission android.permission.READ_OWNER_DATA in package com.android.email
W/PackageManager( 1423): Unknown permission com.android.providers.im.permission.READ_ONLY in package com.google.android.apps.maps
W/PackageManager( 1423): Unknown permission android.Manifest.permission.BLUETOOTH in package com.panasonic.mobile.dtv.app1
W/PackageManager( 1423): Not granting permission android.permission.SET_PREFERRED_APPLICATIONS to package com.nttdocomo.android.homeswitcher (protectionLevel=2 flags=0x8be45)
W/PackageManager( 1423): Unknown permission android.permission.WRITE_SYNC_STATS in package com.google.android.apps.docs
W/PackageManager( 1423): Not granting permission android.permission.ACCESS_SURFACE_FLINGER to package com.panasonic.mobile.gallery.garnet (protectionLevel=2 flags=0xbe45)
W/PackageManager( 1423): Unknown permission com.android.vending.permission.UPDATE_MARKET_FAILURE in package com.android.vending.updater
W/PackageManager( 1423): Unknown permission com.google.android.apps.googlevoice.permission.AUTO_SEND in package com.google.android.voicesearch
W/PackageManager( 1423): Unknown permission com.panasonic.mobile.decoscreen.dsp.permission.READ_SETTINGS_ITEM in package com.panasonic.mobile.irda
W/PackageManager( 1423): Unknown permission com.panasonic.mobile.decoscreen.dsp.permission.WRITE_SETTINGS_ITEM in package com.panasonic.mobile.irda
W/PackageManager( 1423): Unknown permission com.panasonic.mobile.decoscreen.dsp.permission.READ_SETTINGS_BG in package com.panasonic.mobile.irda
W/PackageManager( 1423): Unknown permission com.panasonic.mobile.decoscreen.dsp.permission.WRITE_SETTINGS_BG in package com.panasonic.mobile.irda
W/PackageManager( 1423): Unknown permission com.panasonic.mobile.decoscreen.dsp.permission.READ_SETTINGS_HOME in package com.panasonic.mobile.irda
W/PackageManager( 1423): Unknown permission com.panasonic.mobile.decoscreen.dsp.permission.WRITE_SETTINGS_HOME in package com.panasonic.mobile.irda
W/PackageManager( 1423): Unknown permission android.permission.READ_OWNER_DATA in package com.android.setupwizard
W/PackageManager( 1423): Unknown permission android.permission.WRITE_OWNER_DATA in package com.android.setupwizard
W/PackageManager( 1423): Unknown permission android.permission.ACCESS_FOTA_DEVICE in package com.panasonic.mobile.settings.settingsupdate
W/PackageManager( 1423): Not granting permission com.google.android.gm.permission.READ_GMAIL to package com.google.android.apps.uploader (protectionLevel=2 flags=0xbe45)
W/PackageManager( 1423): Not granting permission android.permission.DEVICE_POWER to package com.panasonic.mobile.camera.aries (protectionLevel=2 flags=0xbe45)
W/PackageManager( 1423): Not granting permission android.permission.BROADCAST_SMS to package com.panasonic.mobile.camera.aries (protectionLevel=2 flags=0xbe45)
W/PackageManager( 1423): Unknown permission android.permission.READ_MMS in package com.panasonic.mobile.camera.aries
W/PackageManager( 1423): Not granting permission android.permission.ACCESS_SURFACE_FLINGER to package com.panasonic.mobile.camera.aries (protectionLevel=2 flags=0xbe45)
W/PackageManager( 1423): Unknown permission android.permission.READ_PROFILE in package com.google.android.apps.plus
W/PackageManager( 1423): Unknown permission android.permission.WRITE_PROFILE in package com.google.android.apps.plus
W/PackageManager( 1423): Unknown permission android.permission.READ_SOCIAL_STREAM in package com.google.android.apps.plus
W/PackageManager( 1423): Unknown permission android.permission.WRITE_SOCIAL_STREAM in package com.google.android.apps.plus
W/PackageManager( 1423): Unknown permission android.permission.REAL_GET_TASKS in package com.android.vending
W/PackageManager( 1423): Unknown permission android.permission.READ_EXTERNAL_STORAGE in package com.android.vending
W/PackageManager( 1423): Not granting permission android.permission.SEND_DOWNLOAD_COMPLETED_INTENTS to package com.android.vending (protectionLevel=2 flags=0xabec5)
W/PackageManager( 1423): Unknown permission android.permission.SEND_SMS_NO_CONFIRMATION in package com.android.vending
W/PackageManager( 1423): Unknown permission android.permission.GET_PACKAGE_IMPORTANCE in package com.android.vending
W/PackageManager( 1423): Unknown permission android.permission.GET_ACCOUNTS_PRIVILEGED in package com.android.vending
W/PackageManager( 1423): Unknown permission android.permission.INSTALL_GRANT_RUNTIME_PERMISSIONS in package com.android.vending
W/PackageManager( 1423): Unknown permission android.permission.GRANT_RUNTIME_PERMISSIONS in package com.android.vending
W/PackageManager( 1423): Unknown permission android.permission.REVOKE_RUNTIME_PERMISSIONS in package com.android.vending
W/PackageManager( 1423): Unknown permission android.permission.PACKAGE_VERIFICATION_AGENT in package com.android.vending
W/PackageManager( 1423): Unknown permission android.permission.MANAGE_USERS in package com.android.vending
W/PackageManager( 1423): Unknown permission android.permission.INTERACT_ACROSS_USERS in package com.android.vending
W/PackageManager( 1423): Not granting permission android.permission.WRITE_SECURE_SETTINGS to package com.android.vending (protectionLevel=3 flags=0xabec5)
W/PackageManager( 1423): Not granting permission android.permission.FORCE_STOP_PACKAGES to package com.android.vending (protectionLevel=2 flags=0xabec5)
W/PackageManager( 1423): Unknown permission com.google.android.gms.permission.AD_ID_NOTIFICATION in package com.android.vending
W/PackageManager( 1423): Unknown permission android.permission.WRITE_MEDIA_STORAGE in package com.estrongs.android.pop
W/PackageManager( 1423): Unknown permission android.permission.ACCESS_SUPERUSER in package com.estrongs.android.pop
W/PackageManager( 1423): Unknown permission .PERMISSION in package com.estrongs.android.pop
W/PackageManager( 1423): Not granting permission android.permission.DEVICE_POWER to package com.android.deskclock (protectionLevel=2 flags=0x8be45)
W/Vold    ( 1313): Ignoring unknown switch 'usb_mass_storage'
W/InputManagerService( 1423): Window already focused, ignoring focus gain of: com.android.internal.view.IInputMethodClient$Stub$Proxy@4083ba78
W/Vold    ( 1313): Ignoring unknown switch 'usb_mass_storage'
W/Vold    ( 1313): Ignoring unknown switch 'usb_mass_storage'
I/ActivityManager( 1423): Start proc com.nttdocomo.app.calllog for broadcast com.nttdocomo.app.calllog/.PhoneCallWidget: pid=3061 uid=10049 gids={}
I/ActivityManager( 1423): Start proc com.nttdocomo.app.livebookmark for broadcast com.nttdocomo.app.livebookmark/.BootReceiver: pid=3068 uid=10092 gids={1015, 3003}
I/ActivityManager( 1423): No longer want jp.co.omronsoft.iwnnime.ml (pid 2629): hidden #16
I/ActivityManager( 1423): No longer want com.google.android.partnersetup (pid 2530): hidden #16
I/ActivityManager( 1423): No longer want com.svox.pico (pid 2682): hidden #16
I/WindowManager( 1423): Setting rotation to 3, animFlags=0
I/ActivityManager( 1423): Config changed: { scale=1.0 imsi=0/0 loc=ja_JP touch=3 keys=1/1/2 nav=1/1 orien=2 layout=34 uiMode=17 seq=5}
W/Vold    ( 1313): Ignoring unknown switch 'usb_mass_storage'
D/Vold    ( 1313): USB disconnected
D/Vold    ( 1313): Share method ums now unavailable
I/StorageNotification( 1527): UMS connection changed to false (media state mounted)
I/WindowManager( 1423): Setting rotation to 0, animFlags=0
I/ActivityManager( 1423): Config changed: { scale=1.0 imsi=0/0 loc=ja_JP touch=3 keys=1/1/2 nav=1/1 orien=1 layout=34 uiMode=17 seq=6}
I/ActivityManager( 1423): Start proc com.tencent.tcuser for broadcast com.tencent.tcuser/.receiver.ScreenEventReceiver: pid=3124 uid=10120 gids={3003, 1015}
W/InputManagerService( 1423): Window already focused, ignoring focus gain of: com.android.internal.view.IInputMethodClient$Stub$Proxy@40838988
I/ActivityManager( 1423): No longer want com.noshufou.android.su (pid 2651): hidden #16
I/ActivityManager( 1423): Starting: Intent { act=android.intent.action.MAIN cat=[android.intent.category.HOME] flg=0x10200000 cmp=com.android.launcher/com.android.launcher2.Launcher } from pid 1423
I/ActivityManager( 1423): No longer want com.google.android.apps.docs (pid 2668): hidden #16
I/ActivityManager( 1423): Starting: Intent { act=android.intent.action.MAIN cat=[android.intent.category.LAUNCHER] flg=0x10200000 cmp=com.aide.ui/.MainActivity } from pid 1551
I/ActivityManager( 1423): Start proc com.aide.ui for activity com.aide.ui/.MainActivity: pid=3136 uid=10117 gids={1015, 3003, 1007}
W/ActivityThread( 3136): ClassLoader.getResources: The class loader returned by Thread.getContextClassLoader() may fail for processes that host multiple applications. You should explicitly specify a context class loader. For example: Thread.setContextClassLoader(getClass().getClassLoader());
I/ActivityManager( 1423): Start proc com.aide.premium.key:LicenseService for service com.aide.premium.key/com.aide.premium.LicenseService: pid=3146 uid=10117 gids={1015, 3003, 1007}
I/ActivityManager( 1423): Start proc com.aide.ui:EngineService for service com.aide.ui/com.aide.engine.service.CodeAnalysisEngineService: pid=3160 uid=10117 gids={1015, 3003, 1007}
W/InputManagerService( 1423): Window already focused, ignoring focus gain of: com.android.internal.view.IInputMethodClient$Stub$Proxy@407660e8
I/ActivityManager( 1423): Starting: Intent { act=android.intent.action.MAIN cat=[android.intent.category.HOME] flg=0x10200000 cmp=com.android.launcher/com.android.launcher2.Launcher } from pid 1423
I/ActivityManager( 1423): No longer want com.android.vending (pid 2028): hidden #16
I/ActivityManager( 1423): No longer want com.google.android.googlequicksearchbox (pid 2713): hidden #17
I/ActivityManager( 1423): No longer want com.panasonic.mobile.MakerSiteLink (pid 2699): hidden #18
I/ActivityManager( 1423): Start proc com.google.android.apps.docs for service com.google.android.apps.docs/.sync.syncadapter.DocsSyncAdapterService: pid=3212 uid=10115 gids={1006, 3003, 1015}
E/ActivityThread( 3212): Failed to find provider info for com.google.android.apps.docs.editors.kix.statesyncer
E/ActivityThread( 3212): Failed to find provider info for com.google.android.apps.docs.editors.trix.statesyncer
E/ActivityThread( 3212): Failed to find provider info for com.google.android.apps.docs.editors.punch.statesyncer
E/ActivityThread( 3212): Failed to find provider info for com.google.android.apps.docs.editors.drawings.statesyncer
W/InputManagerService( 1423): Window already focused, ignoring focus gain of: com.android.internal.view.IInputMethodClient$Stub$Proxy@40834508
I/ActivityManager( 1423): No longer want com.google.android.apps.maps (pid 2642): hidden #16
E/ActivityThread( 3212): Failed to find provider info for com.google.android.apps.docs.editors.kix.statesyncer
E/ActivityThread( 3212): Failed to find provider info for com.google.android.apps.docs.editors.trix.statesyncer
E/ActivityThread( 3212): Failed to find provider info for com.google.android.apps.docs.editors.punch.statesyncer
E/ActivityThread( 3212): Failed to find provider info for com.google.android.apps.docs.editors.drawings.statesyncer
I/ActivityManager( 1423): Starting: Intent { act=android.intent.action.MAIN cat=[android.intent.category.LAUNCHER] flg=0x10200000 cmp=com.android.vending/.AssetBrowserActivity } from pid 1551
I/ActivityManager( 1423): Start proc com.android.vending for activity com.android.vending/.AssetBrowserActivity: pid=3246 uid=10014 gids={3003, 1015}
E/ActivityThread( 3212): Failed to find provider info for com.google.android.apps.docs.editors.kix.statesyncer
E/ActivityThread( 3212): Failed to find provider info for com.google.android.apps.docs.editors.trix.statesyncer
E/ActivityThread( 3212): Failed to find provider info for com.google.android.apps.docs.editors.punch.statesyncer
E/ActivityThread( 3212): Failed to find provider info for com.google.android.apps.docs.editors.drawings.statesyncer
I/ActivityManager( 1423): Starting: Intent { act=android.intent.action.MAIN cat=[android.intent.category.LAUNCHER] flg=0x10000000 cmp=com.android.vending/com.google.android.finsky.activities.MainActivity } from pid 3246
I/ActivityManager( 1423): Starting: Intent { cmp=com.android.vending/com.google.android.finsky.billing.lightpurchase.LightPurchaseFlowActivity (has extras) } from pid 3246
I/ActivityManager( 1423): Starting: Intent { cmp=com.android.vending/com.google.android.finsky.activities.AppsPermissionsActivity (has extras) } from pid 3246
W/InputManagerService( 1423): Window already focused, ignoring focus gain of: com.android.internal.view.IInputMethodClient$Stub$Proxy@408b64c0
I/ActivityManager( 1423): Start proc com.android.defcontainer for service com.android.defcontainer/.DefaultContainerService: pid=3344 uid=10077 gids={1015, 2001}
W/ActivityManager( 1423): No content provider found for: 
W/ActivityManager( 1423): No content provider found for: 
I/ActivityManager( 1423): No longer want com.panasonic.mobile.dtv.app1 (pid 2991): hidden #16
I/PackageManager( 1423): Unpacking native libraries for /data/app/jackpal.androidterm-1.apk
I/ActivityManager( 1423): Force stopping package jackpal.androidterm uid=10007
W/PackageManager( 1423): Unknown permission com.nttdocomo.android.syncmlapp.RECEIVE_SYNCML_PUSH in package com.nttdocomo.android.syncmlapp
W/PackageManager( 1423): Unknown permission com.nttdocomo.android.syncmlapp.SyncML_ViewLog.PICT_REFRESH in package com.nttdocomo.android.syncmlapp
W/PackageManager( 1423): Unknown permission android.permission.ADD_SYSTEM_SERVICE in package com.android.phone
W/PackageManager( 1423): Not granting permission android.permission.SEND_DOWNLOAD_COMPLETED_INTENTS to package com.android.browser (protectionLevel=2 flags=0x9be45)
W/PackageManager( 1423): Unknown permission android.permission.ACCESS_SUPERUSER in package net.zhuoweizhang.mcpelauncher.pro
W/PackageManager( 1423): Unknown permission com.felicanetworks.mfc.permission.MFC_ACCESS in package jp.co.mcdonalds.android
W/PackageManager( 1423): Unknown permission android.permission.READ_CALL_LOG in package com.google.android.gms
W/PackageManager( 1423): Unknown permission com.android.voicemail.permission.READ_VOICEMAIL in package com.google.android.gms
