I/PeopleSync( 1767): Sync finished, successful=true, took 10490ms
I/PeopleSync( 1767): Sync start: cannotHavePeople=false isPageExistenceCheckOnly=false
D/dalvikvm( 1423): GC_EXPLICIT freed 1750K, 38% free 7623K/12167K, external 4719K/5400K, paused 213ms
I/ActivityManager( 1423): Starting: Intent { act=android.intent.action.MAIN cat=[android.intent.category.LAUNCHER] flg=0x10200000 cmp=com.nao20010128nao.Wisecraft/.ServerListActivity } from pid 1551
I/ActivityManager( 1423): Start proc com.nao20010128nao.Wisecraft for activity com.nao20010128nao.Wisecraft/.ServerListActivity: pid=3527 uid=10003 gids={3003, 1015}
I/ActivityManager( 1423): attachApplication process start(3527) com.nao20010128nao.Wisecraft
D/szipinf ( 3527): Initializing inflate state
D/ghost_query( 3527): port=19500
E/dalvikvm( 3527): Could not find class 'android.view.LayoutInflater$Factory2', referenced from method uk.co.chrisjenx.calligraphy.CalligraphyLayoutInflater.setPrivateFactoryInternal
W/dalvikvm( 3527): VFY: unable to resolve instanceof 1747 (Landroid/view/LayoutInflater$Factory2;) in Luk/co/chrisjenx/calligraphy/CalligraphyLayoutInflater;
D/dalvikvm( 3527): VFY: replacing opcode 0x20 at 0x0014
D/dalvikvm( 3527): VFY: dead code 0x0016-003c in Luk/co/chrisjenx/calligraphy/CalligraphyLayoutInflater;.setPrivateFactoryInternal ()V
I/dalvikvm( 3527): Could not find method uk.co.chrisjenx.calligraphy.CalligraphyLayoutInflater.getFactory2, referenced from method uk.co.chrisjenx.calligraphy.CalligraphyLayoutInflater.setUpLayoutFactories
W/dalvikvm( 3527): VFY: unable to resolve virtual method 22315: Luk/co/chrisjenx/calligraphy/CalligraphyLayoutInflater;.getFactory2 ()Landroid/view/LayoutInflater$Factory2;
D/dalvikvm( 3527): VFY: replacing opcode 0x6e at 0x0009
D/dalvikvm( 3527): VFY: dead code 0x000c-001d in Luk/co/chrisjenx/calligraphy/CalligraphyLayoutInflater;.setUpLayoutFactories (Z)V
I/dalvikvm( 3527): Could not find method android.view.LayoutInflater.onCreateView, referenced from method uk.co.chrisjenx.calligraphy.CalligraphyLayoutInflater.onCreateView
W/dalvikvm( 3527): VFY: unable to resolve virtual method 14128: Landroid/view/LayoutInflater;.onCreateView (Landroid/view/View;Ljava/lang/String;Landroid/util/AttributeSet;)Landroid/view/View;
D/dalvikvm( 3527): VFY: replacing opcode 0x6f at 0x0002
D/dalvikvm( 3527): VFY: dead code 0x0005-000e in Luk/co/chrisjenx/calligraphy/CalligraphyLayoutInflater;.onCreateView (Landroid/view/View;Ljava/lang/String;Landroid/util/AttributeSet;)Landroid/view/View;
I/dalvikvm( 3527): Failed resolving Luk/co/chrisjenx/calligraphy/CalligraphyLayoutInflater$WrapperFactory2; interface 1747 'Landroid/view/LayoutInflater$Factory2;'
W/dalvikvm( 3527): Link of class 'Luk/co/chrisjenx/calligraphy/CalligraphyLayoutInflater$WrapperFactory2;' failed
E/dalvikvm( 3527): Could not find class 'uk.co.chrisjenx.calligraphy.CalligraphyLayoutInflater$WrapperFactory2', referenced from method uk.co.chrisjenx.calligraphy.CalligraphyLayoutInflater.setFactory2
W/dalvikvm( 3527): VFY: unable to resolve instanceof 3061 (Luk/co/chrisjenx/calligraphy/CalligraphyLayoutInflater$WrapperFactory2;) in Luk/co/chrisjenx/calligraphy/CalligraphyLayoutInflater;
D/dalvikvm( 3527): VFY: replacing opcode 0x20 at 0x0000
D/dalvikvm( 3527): VFY: dead code 0x0002-0012 in Luk/co/chrisjenx/calligraphy/CalligraphyLayoutInflater;.setFactory2 (Landroid/view/LayoutInflater$Factory2;)V
I/dalvikvm( 3527): Could not find method android.view.ViewGroup.onHoverEvent, referenced from method android.support.v7.widget.Toolbar.onHoverEvent
W/dalvikvm( 3527): VFY: unable to resolve virtual method 14495: Landroid/view/ViewGroup;.onHoverEvent (Landroid/view/MotionEvent;)Z
D/dalvikvm( 3527): VFY: replacing opcode 0x6f at 0x0010
D/dalvikvm( 3527): VFY: dead code 0x0013-0019 in Landroid/support/v7/widget/Toolbar;.onHoverEvent (Landroid/view/MotionEvent;)Z
I/dalvikvm( 3527): Could not find method android.view.ViewGroup.onRtlPropertiesChanged, referenced from method android.support.v7.widget.Toolbar.onRtlPropertiesChanged
W/dalvikvm( 3527): VFY: unable to resolve virtual method 14504: Landroid/view/ViewGroup;.onRtlPropertiesChanged (I)V
D/dalvikvm( 3527): VFY: replacing opcode 0x6f at 0x0007
D/nao20010128nao( 3527): Starting ping
D/nao20010128nao( 3527): sfb.noip.me:19132 false
D/nao20010128nao( 3527): PE
D/nao20010128nao( 3527): Starting ping
D/nao20010128nao( 3527): onsen.so:50029 false
D/nao20010128nao( 3527): PE
D/nao20010128nao( 3527): Starting ping
D/nao20010128nao( 3527): sg23.lbsg.net:19132 false
D/nao20010128nao( 3527): PE
D/nao20010128nao( 3527): Starting ping
D/nao20010128nao( 3527): play.fsaba.cf:19132 false
D/nao20010128nao( 3527): PE
D/nao20010128nao( 3527): Starting ping
D/nao20010128nao( 3527): localhost:19132 false
D/nao20010128nao( 3527): PE
D/nao20010128nao( 3527): Starting ping
D/nao20010128nao( 3527): play.niwatori.xyz:19132 false
D/nao20010128nao( 3527): PE
D/wpa_supplicant( 1524): CMD: DRIVER RSSI
D/wpa_supplicant( 1524): wpa_driver_tista_driver_cmd RSSI
D/wpa_supplicant( 1524): rssi command
D/wpa_supplicant( 1524): wpa_driver_tista_private_send ioctl_cmd = 810a22  res = 0
D/wpa_supplicant( 1524): wpa_driver_tista_get_rssi data -66 beacon -66 success
D/wpa_supplicant( 1524): rssi_data -66 rssi_beacon -66
D/wpa_supplicant( 1524): buf BUFFALO-4B89E9 rssi -66
D/wpa_supplicant( 1524): CMD: DRIVER LINKSPEED
D/wpa_supplicant( 1524): wpa_driver_tista_driver_cmd LINKSPEED
D/wpa_supplicant( 1524): Link Speed command
D/wpa_supplicant( 1524): buf LinkSpeed 54
D/dalvikvm( 3527): GC_CONCURRENT freed 645K, 46% free 3673K/6727K, external 2002K/2137K, paused 2ms+3ms
D/dalvikvm( 3527): GC_FOR_MALLOC freed 114K, 45% free 3887K/6983K, external 2002K/2137K, paused 24ms
D/dalvikvm( 3527): GC_FOR_MALLOC freed 152K, 45% free 3958K/7175K, external 2002K/2137K, paused 20ms
D/dalvikvm( 3527): GC_FOR_MALLOC freed 673K, 50% free 3758K/7495K, external 2002K/2137K, paused 20ms
D/dalvikvm( 3527): GC_FOR_MALLOC freed 364K, 44% free 4201K/7495K, external 2002K/2137K, paused 24ms
D/dalvikvm( 3527): GC_FOR_MALLOC freed 154K, 38% free 4851K/7815K, external 2002K/2137K, paused 23ms
V/ActivityThread( 3527): Canvas.freeCaches()
D/skia    ( 3527): purging 13K from font cache [2 entries]
V/ActivityThread( 3527): Fonts.reLoadFontsLocal()
D/Fonts(JAVA)( 3527): <ReLoadFontsLocal>
D/        ( 3527): <Fonts_ReLoadFontsLocal>
D/nao20010128nao( 3527): Success: Full Stat
D/nao20010128nao( 3527): Success: Full Stat & Unconnected Ping
D/nao20010128nao( 3527): Next
D/nao20010128nao( 3527): Starting ping
D/nao20010128nao( 3527): kcraftpe.orz.hm:19132 false
D/nao20010128nao( 3527): PE
I/ActivityManager( 1423): Displayed com.nao20010128nao.Wisecraft/.ServerListActivity: +1s130ms
D/dalvikvm( 3527): GC_FOR_MALLOC freed 2103K, 55% free 3977K/8711K, external 2002K/2137K, paused 42ms
D/dalvikvm( 3527): GC_CONCURRENT freed 10K, 42% free 5058K/8711K, external 2002K/2137K, paused 2ms+4ms
D/dalvikvm( 3527): GC_FOR_MALLOC freed <1K, 30% free 6326K/8967K, external 2002K/2137K, paused 28ms
D/nao20010128nao( 3527): Success: Full Stat
D/nao20010128nao( 3527): Success: Full Stat
D/nao20010128nao( 3527): Success: Full Stat & Unconnected Ping
D/nao20010128nao( 3527): Next
D/nao20010128nao( 3527): Starting ping
D/nao20010128nao( 3527): onigiriserver.pgw.jp:19133 false
D/nao20010128nao( 3527): PE
D/nao20010128nao( 3527): Success: Full Stat & Unconnected Ping
D/nao20010128nao( 3527): Next
D/nao20010128nao( 3527): Starting ping
D/nao20010128nao( 3527): a44481.leet.cc:44481 false
D/nao20010128nao( 3527): PE
D/dalvikvm( 3527): GC_FOR_MALLOC freed 3602K, 59% free 4349K/10503K, external 2002K/2137K, paused 42ms
I/dalvikvm( 3527): Could not find method android.support.v4.app.BaseFragmentActivityDonut.onCreateView, referenced from method android.support.v4.app.BaseFragmentActivityHoneycomb.onCreateView
W/dalvikvm( 3527): VFY: unable to resolve virtual method 1572: Landroid/support/v4/app/BaseFragmentActivityDonut;.onCreateView (Landroid/view/View;Ljava/lang/String;Landroid/content/Context;Landroid/util/AttributeSet;)Landroid/view/View;
D/dalvikvm( 3527): VFY: replacing opcode 0x6f at 0x000c
D/dalvikvm( 3527): VFY: dead code 0x000f-000f in Landroid/support/v4/app/BaseFragmentActivityHoneycomb;.onCreateView (Landroid/view/View;Ljava/lang/String;Landroid/content/Context;Landroid/util/AttributeSet;)Landroid/view/View;
I/ActivityManager( 1423): Starting: Intent { cmp=com.nao20010128nao.Wisecraft/.ServerInfoActivity } from pid 3527
I/dalvikvm( 3527): Could not find method java.lang.ReflectiveOperationException.printStackTrace, referenced from method uk.co.chrisjenx.calligraphy.ReflectionUtils.invokeMethod
W/dalvikvm( 3527): VFY: unable to resolve virtual method 20415: Ljava/lang/ReflectiveOperationException;.printStackTrace ()V
D/dalvikvm( 3527): VFY: replacing opcode 0x6e at 0x0008
D/dalvikvm( 3527): VFY: dead code 0x000b-000b in Luk/co/chrisjenx/calligraphy/ReflectionUtils;.invokeMethod (Ljava/lang/Object;Ljava/lang/reflect/Method;[Ljava/lang/Object;)V
D/dalvikvm( 3527): GC_CONCURRENT freed 687K, 54% free 4876K/10503K, external 2002K/2137K, paused 3ms+4ms
D/nao20010128nao( 3527): Success: Full Stat
D/dalvikvm( 3527): GC_EXTERNAL_ALLOC freed 904K, 61% free 4166K/10503K, external 2049K/2137K, paused 33ms
D/nao20010128nao( 3527): Success: Full Stat & Unconnected Ping
D/nao20010128nao( 3527): Next
D/nao20010128nao( 3527): Starting ping
D/nao20010128nao( 3527): sotecraft.fam.cx:19132 false
D/nao20010128nao( 3527): PE
I/PeopleSync( 1767): Sync finished, successful=true, took 3719ms
I/ActivityManager( 1423): Displayed com.nao20010128nao.Wisecraft/.ServerInfoActivity: +555ms
I/PeopleSync( 1767): Sync start: cannotHavePeople=false isPageExistenceCheckOnly=false
W/System.err( 3527): Socket Timeout! Is the server offline?
W/System.err( 3527): java.net.SocketTimeoutException: Try again
W/System.err( 3527): 	at org.apache.harmony.luni.platform.OSNetworkSystem.recv(Native Method)
W/System.err( 3527): 	at dalvik.system.BlockGuard$WrappedNetworkSystem.recv(BlockGuard.java:321)
W/System.err( 3527): 	at org.apache.harmony.luni.net.PlainDatagramSocketImpl.doRecv(PlainDatagramSocketImpl.java:172)
W/System.err( 3527): 	at org.apache.harmony.luni.net.PlainDatagramSocketImpl.receive(PlainDatagramSocketImpl.java:181)
W/System.err( 3527): 	at java.net.DatagramSocket.receive(DatagramSocket.java:402)
W/System.err( 3527): 	at com.nao20010128nao.MCPing.pe.PEQuery.sendUDP(PEQuery.java:129)
W/System.err( 3527): 	at com.nao20010128nao.MCPing.pe.PEQuery.handshake(PEQuery.java:47)
W/System.err( 3527): 	at com.nao20010128nao.MCPing.pe.PEQuery.fullStatUni(PEQuery.java:84)
W/System.err( 3527): 	at com.nao20010128nao.Wisecraft.provider.NormalServerPingProvider$PingThread.run(NormalServerPingProvider.java:67)
W/System.err( 3527): java.lang.NullPointerException
W/System.err( 3527): 	at java.lang.String.<init>(String.java:141)
W/System.err( 3527): 	at com.nao20010128nao.MCPing.pe.PEQuery.handshake(PEQuery.java:49)
W/System.err( 3527): 	at com.nao20010128nao.MCPing.pe.PEQuery.fullStatUni(PEQuery.java:84)
W/System.err( 3527): 	at com.nao20010128nao.Wisecraft.provider.NormalServerPingProvider$PingThread.run(NormalServerPingProvider.java:67)
W/System.err( 3527): Socket Timeout! Is the server offline?
W/System.err( 3527): java.net.SocketTimeoutException: Try again
W/System.err( 3527): 	at org.apache.harmony.luni.platform.OSNetworkSystem.recv(Native Method)
W/System.err( 3527): 	at dalvik.system.BlockGuard$WrappedNetworkSystem.recv(BlockGuard.java:321)
W/System.err( 3527): 	at org.apache.harmony.luni.net.PlainDatagramSocketImpl.doRecv(PlainDatagramSocketImpl.java:172)
W/System.err( 3527): 	at org.apache.harmony.luni.net.PlainDatagramSocketImpl.receive(PlainDatagramSocketImpl.java:181)
W/System.err( 3527): 	at java.net.DatagramSocket.receive(DatagramSocket.java:402)
W/System.err( 3527): 	at com.nao20010128nao.MCPing.pe.PEQuery.sendUDP(PEQuery.java:129)
W/System.err( 3527): 	at com.nao20010128nao.MCPing.pe.PEQuery.handshake(PEQuery.java:47)
W/System.err( 3527): 	at com.nao20010128nao.MCPing.pe.PEQuery.fullStatUni(PEQuery.java:84)
W/System.err( 3527): 	at com.nao20010128nao.Wisecraft.provider.NormalServerPingProvider$PingThread.run(NormalServerPingProvider.java:67)
W/System.err( 3527): java.lang.NullPointerException
W/System.err( 3527): 	at java.lang.String.<init>(String.java:141)
W/System.err( 3527): 	at com.nao20010128nao.MCPing.pe.PEQuery.handshake(PEQuery.java:49)
W/System.err( 3527): 	at com.nao20010128nao.MCPing.pe.PEQuery.fullStatUni(PEQuery.java:84)
W/System.err( 3527): 	at com.nao20010128nao.Wisecraft.provider.NormalServerPingProvider$PingThread.run(NormalServerPingProvider.java:67)
D/AndroidRuntime( 3527): Shutting down VM
W/dalvikvm( 3527): threadid=1: thread exiting with uncaught exception (group=0x40015560)
E/AndroidRuntime( 3527): FATAL EXCEPTION: main
E/AndroidRuntime( 3527): android.view.InflateException: Binary XML file line #24: Error inflating class android.view.View
E/AndroidRuntime( 3527): 	at android.view.LayoutInflater.createView(LayoutInflater.java:518)
E/AndroidRuntime( 3527): 	at android.view.LayoutInflater.onCreateView(LayoutInflater.java:549)
E/AndroidRuntime( 3527): 	at uk.co.chrisjenx.calligraphy.CalligraphyLayoutInflater.onCreateView(CalligraphyLayoutInflater.java:170)
E/AndroidRuntime( 3527): 	at android.view.LayoutInflater.createViewFromTag(LayoutInflater.java:568)
E/AndroidRuntime( 3527): 	at android.view.LayoutInflater.rInflate(LayoutInflater.java:623)
E/AndroidRuntime( 3527): 	at android.view.LayoutInflater.inflate(LayoutInflater.java:408)
E/AndroidRuntime( 3527): 	at uk.co.chrisjenx.calligraphy.CalligraphyLayoutInflater.inflate(CalligraphyLayoutInflater.java:60)
E/AndroidRuntime( 3527): 	at android.view.LayoutInflater.inflate(LayoutInflater.java:320)
E/AndroidRuntime( 3527): 	at android.view.LayoutInflater.inflate(LayoutInflater.java:276)
E/AndroidRuntime( 3527): 	at com.nao20010128nao.Wisecraft.misc.KVListAdapter.getView(KVListAdapter.java:16)
E/AndroidRuntime( 3527): 	at android.widget.AbsListView.obtainView(AbsListView.java:1430)
E/AndroidRuntime( 3527): 	at android.widget.ListView.makeAndAddView(ListView.java:1745)
E/AndroidRuntime( 3527): 	at android.widget.ListView.fillDown(ListView.java:670)
E/AndroidRuntime( 3527): 	at android.widget.ListView.fillFromTop(ListView.java:727)
E/AndroidRuntime( 3527): 	at android.widget.ListView.layoutChildren(ListView.java:1598)
E/AndroidRuntime( 3527): 	at android.widget.AbsListView.onLayout(AbsListView.java:1260)
E/AndroidRuntime( 3527): 	at android.view.View.layout(View.java:7186)
E/AndroidRuntime( 3527): 	at android.widget.FrameLayout.onLayout(FrameLayout.java:338)
E/AndroidRuntime( 3527): 	at android.view.View.layout(View.java:7186)
E/AndroidRuntime( 3527): 	at android.widget.FrameLayout.onLayout(FrameLayout.java:338)
E/AndroidRuntime( 3527): 	at android.view.View.layout(View.java:7186)
E/AndroidRuntime( 3527): 	at android.widget.LinearLayout.setChildFrame(LinearLayout.java:1254)
E/AndroidRuntime( 3527): 	at android.widget.LinearLayout.layoutVertical(LinearLayout.java:1130)
E/AndroidRuntime( 3527): 	at android.widget.LinearLayout.onLayout(LinearLayout.java:1047)
E/AndroidRuntime( 3527): 	at android.view.View.layout(View.java:7186)
E/AndroidRuntime( 3527): 	at android.widget.FrameLayout.onLayout(FrameLayout.java:338)
E/AndroidRuntime( 3527): 	at android.view.View.layout(View.java:7186)
E/AndroidRuntime( 3527): 	at android.widget.LinearLayout.setChildFrame(LinearLayout.java:1254)
E/AndroidRuntime( 3527): 	at android.widget.LinearLayout.layoutVertical(LinearLayout.java:1130)
E/AndroidRuntime( 3527): 	at android.widget.LinearLayout.onLayout(LinearLayout.java:1047)
E/AndroidRuntime( 3527): 	at android.view.View.layout(View.java:7186)
E/AndroidRuntime( 3527): 	at android.widget.FrameLayout.onLayout(FrameLayout.java:338)
E/AndroidRuntime( 3527): 	at android.view.View.layout(View.java:7186)
E/AndroidRuntime( 3527): 	at android.widget.LinearLayout.setChildFrame(LinearLayout.java:1254)
E/AndroidRuntime( 3527): 	at android.widget.LinearLayout.layoutVertical(LinearLayout.java:1130)
E/AndroidRuntime( 3527): 	at android.widget.LinearLayout.onLayout(LinearLayout.java:1047)
E/AndroidRuntime( 3527): 	at android.view.View.layout(View.java:7186)
E/AndroidRuntime( 3527): 	at android.widget.FrameLayout.onLayout(FrameLayout.java:338)
E/AndroidRuntime( 3527): 	at android.view.View.layout(View.java:7186)
E/AndroidRuntime( 3527): 	at android.view.ViewRoot.performTraversals(ViewRoot.java:1140)
E/AndroidRuntime( 3527): 	at android.view.ViewRoot.handleMessage(ViewRoot.java:1859)
E/AndroidRuntime( 3527): 	at android.os.Handler.dispatchMessage(Handler.java:99)
E/AndroidRuntime( 3527): 	at android.os.Looper.loop(Looper.java:123)
E/AndroidRuntime( 3527): 	at android.app.ActivityThread.main(ActivityThread.java:3717)
E/AndroidRuntime( 3527): 	at java.lang.reflect.Method.invokeNative(Native Method)
E/AndroidRuntime( 3527): 	at java.lang.reflect.Method.invoke(Method.java:507)
E/AndroidRuntime( 3527): 	at com.android.internal.os.ZygoteInit$MethodAndArgsCaller.run(ZygoteInit.java:839)
E/AndroidRuntime( 3527): 	at com.android.internal.os.ZygoteInit.main(ZygoteInit.java:597)
E/AndroidRuntime( 3527): 	at dalvik.system.NativeStart.main(Native Method)
E/AndroidRuntime( 3527): Caused by: java.lang.reflect.InvocationTargetException
E/AndroidRuntime( 3527): 	at java.lang.reflect.Constructor.constructNative(Native Method)
E/AndroidRuntime( 3527): 	at java.lang.reflect.Constructor.newInstance(Constructor.java:415)
E/AndroidRuntime( 3527): 	at android.view.LayoutInflater.createView(LayoutInflater.java:505)
E/AndroidRuntime( 3527): 	... 48 more
E/AndroidRuntime( 3527): Caused by: android.content.res.Resources$NotFoundException: Resource is not a Drawable (color or path): TypedValue{t=0x2/d=0x101032c a=-1}
E/AndroidRuntime( 3527): 	at android.content.res.Resources.loadDrawable(Resources.java:1681)
E/AndroidRuntime( 3527): 	at android.content.res.TypedArray.getDrawable(TypedArray.java:601)
E/AndroidRuntime( 3527): 	at android.view.View.<init>(View.java:1951)
E/AndroidRuntime( 3527): 	at android.view.View.<init>(View.java:1899)
E/AndroidRuntime( 3527): 	... 51 more
W/ActivityManager( 1423):   Force finishing activity com.nao20010128nao.Wisecraft/.ServerInfoActivity
D/wpa_supplicant( 1524): CMD: DRIVER RSSI
D/wpa_supplicant( 1524): wpa_driver_tista_driver_cmd RSSI
D/wpa_supplicant( 1524): rssi command
D/wpa_supplicant( 1524): wpa_driver_tista_private_send ioctl_cmd = 810a22  res = 0
D/wpa_supplicant( 1524): wpa_driver_tista_get_rssi data -67 beacon -67 success
D/wpa_supplicant( 1524): rssi_data -67 rssi_beacon -67
D/wpa_supplicant( 1524): buf BUFFALO-4B89E9 rssi -67
D/wpa_supplicant( 1524): CMD: DRIVER LINKSPEED
D/wpa_supplicant( 1524): wpa_driver_tista_driver_cmd LINKSPEED
D/wpa_supplicant( 1524): Link Speed command
D/wpa_supplicant( 1524): buf LinkSpeed 54
W/ActivityManager( 1423): Activity pause timeout for HistoryRecord{407ac470 com.nao20010128nao.Wisecraft/.ServerInfoActivity}
W/System.err( 3527): Socket Timeout! Is the server offline?
W/System.err( 3527): java.net.SocketTimeoutException: Try again
W/System.err( 3527): 	at org.apache.harmony.luni.platform.OSNetworkSystem.recv(Native Method)
W/System.err( 3527): 	at dalvik.system.BlockGuard$WrappedNetworkSystem.recv(BlockGuard.java:321)
W/System.err( 3527): 	at org.apache.harmony.luni.net.PlainDatagramSocketImpl.doRecv(PlainDatagramSocketImpl.java:172)
W/System.err( 3527): 	at org.apache.harmony.luni.net.PlainDatagramSocketImpl.receive(PlainDatagramSocketImpl.java:181)
W/System.err( 3527): 	at java.net.DatagramSocket.receive(DatagramSocket.java:402)
W/System.err( 3527): 	at com.nao20010128nao.MCPing.pe.PEQuery.sendUDP(PEQuery.java:129)
W/System.err( 3527): 	at com.nao20010128nao.MCPing.pe.PEQuery.handshake(PEQuery.java:47)
W/System.err( 3527): 	at com.nao20010128nao.MCPing.pe.PEQuery.fullStatUni(PEQuery.java:84)
W/System.err( 3527): 	at com.nao20010128nao.Wisecraft.provider.NormalServerPingProvider$PingThread.run(NormalServerPingProvider.java:67)
W/System.err( 3527): java.lang.NullPointerException
W/System.err( 3527): 	at java.lang.String.<init>(String.java:141)
W/System.err( 3527): 	at com.nao20010128nao.MCPing.pe.PEQuery.handshake(PEQuery.java:49)
W/System.err( 3527): 	at com.nao20010128nao.MCPing.pe.PEQuery.fullStatUni(PEQuery.java:84)
W/System.err( 3527): 	at com.nao20010128nao.Wisecraft.provider.NormalServerPingProvider$PingThread.run(NormalServerPingProvider.java:67)
W/System.err( 3527): Socket Timeout! Is the server offline?
W/System.err( 3527): java.net.SocketTimeoutException: Try again
W/System.err( 3527): 	at org.apache.harmony.luni.platform.OSNetworkSystem.recv(Native Method)
W/System.err( 3527): 	at dalvik.system.BlockGuard$WrappedNetworkSystem.recv(BlockGuard.java:321)
W/System.err( 3527): 	at org.apache.harmony.luni.net.PlainDatagramSocketImpl.doRecv(PlainDatagramSocketImpl.java:172)
W/System.err( 3527): 	at org.apache.harmony.luni.net.PlainDatagramSocketImpl.receive(PlainDatagramSocketImpl.java:181)
W/System.err( 3527): 	at java.net.DatagramSocket.receive(DatagramSocket.java:402)
W/System.err( 3527): 	at com.nao20010128nao.MCPing.pe.PEQuery.sendUDP(PEQuery.java:129)
W/System.err( 3527): 	at com.nao20010128nao.MCPing.pe.PEQuery.handshake(PEQuery.java:47)
W/System.err( 3527): 	at com.nao20010128nao.MCPing.pe.PEQuery.fullStatUni(PEQuery.java:84)
W/System.err( 3527): 	at com.nao20010128nao.Wisecraft.provider.NormalServerPingProvider$PingThread.run(NormalServerPingProvider.java:67)
W/System.err( 3527): java.lang.NullPointerException
W/System.err( 3527): 	at java.lang.String.<init>(String.java:141)
W/System.err( 3527): 	at com.nao20010128nao.MCPing.pe.PEQuery.handshake(PEQuery.java:49)
W/System.err( 3527): 	at com.nao20010128nao.MCPing.pe.PEQuery.fullStatUni(PEQuery.java:84)
W/System.err( 3527): 	at com.nao20010128nao.Wisecraft.provider.NormalServerPingProvider$PingThread.run(NormalServerPingProvider.java:67)
W/System.err( 3527): Socket Timeout! Is the server offline?
W/System.err( 3527): java.net.SocketTimeoutException: Try again
W/System.err( 3527): 	at org.apache.harmony.luni.platform.OSNetworkSystem.recv(Native Method)
W/System.err( 3527): 	at dalvik.system.BlockGuard$WrappedNetworkSystem.recv(BlockGuard.java:321)
W/System.err( 3527): 	at org.apache.harmony.luni.net.PlainDatagramSocketImpl.doRecv(PlainDatagramSocketImpl.java:172)
W/System.err( 3527): 	at org.apache.harmony.luni.net.PlainDatagramSocketImpl.receive(PlainDatagramSocketImpl.java:181)
W/System.err( 3527): 	at java.net.DatagramSocket.receive(DatagramSocket.java:402)
W/System.err( 3527): 	at com.nao20010128nao.MCPing.pe.PEQuery.sendUDP(PEQuery.java:129)
W/System.err( 3527): 	at com.nao20010128nao.MCPing.pe.PEQuery.handshake(PEQuery.java:47)
W/System.err( 3527): 	at com.nao20010128nao.MCPing.pe.PEQuery.fullStatUni(PEQuery.java:84)
W/System.err( 3527): 	at com.nao20010128nao.Wisecraft.provider.NormalServerPingProvider$PingThread.run(NormalServerPingProvider.java:67)
W/System.err( 3527): java.lang.NullPointerException
W/System.err( 3527): 	at java.lang.String.<init>(String.java:141)
W/System.err( 3527): 	at com.nao20010128nao.MCPing.pe.PEQuery.handshake(PEQuery.java:49)
W/System.err( 3527): 	at com.nao20010128nao.MCPing.pe.PEQuery.fullStatUni(PEQuery.java:84)
W/System.err( 3527): 	at com.nao20010128nao.Wisecraft.provider.NormalServerPingProvider$PingThread.run(NormalServerPingProvider.java:67)
I/Process ( 3527): Sending signal. PID: 3527 SIG: 9
I/ActivityManager( 1423): Process com.nao20010128nao.Wisecraft (pid 3527) has died.
I/WindowManager( 1423): WIN DEATH: Window{408a7290 com.nao20010128nao.Wisecraft/com.nao20010128nao.Wisecraft.ServerListActivity paused=false}
I/WindowManager( 1423): WIN DEATH: Window{40910d78 com.nao20010128nao.Wisecraft/com.nao20010128nao.Wisecraft.ServerInfoActivity paused=false}
W/InputManagerService( 1423): Got RemoteException sending setActive(false) notification to pid 3527 uid 10003
E/Volley  ( 1767): [28] a.a: Unexpected response code 410 for https://www.googleapis.com/plus/v2whitelisted/people/me/people/all?prettyPrint=false&fields=items(etag,id,names,nicknames,images,urls,sortKeys,taglines,emails,phoneNumbers,addresses,metadata,memberships,legacyFields/mobileOwnerId),nextPageToken,nextSyncToken&includeAffinity=gplusAutocomplete&includeAffinity=chatAutocomplete&includeAffinity=emailAutocomplete&includeOthers=true&maxResults=100&onBehalfOf=107991037939857550363&orderBy=modified&syncToken=CKHsyZ6uKhIBMRjlEioECAEQAQ
I/PeopleSync( 1767): Sync Token out of date, syncing all people/gaia-map
D/dalvikvm( 1767): GC_CONCURRENT freed 1684K, 50% free 6198K/12295K, external 1625K/2137K, paused 10ms+32ms
D/wpa_supplicant( 1524): CMD: DRIVER RSSI
D/wpa_supplicant( 1524): wpa_driver_tista_driver_cmd RSSI
D/wpa_supplicant( 1524): rssi command
D/wpa_supplicant( 1524): wpa_driver_tista_private_send ioctl_cmd = 810a22  res = 0
D/wpa_supplicant( 1524): wpa_driver_tista_get_rssi data -67 beacon -66 success
D/wpa_supplicant( 1524): rssi_data -67 rssi_beacon -66
D/wpa_supplicant( 1524): buf BUFFALO-4B89E9 rssi -66
D/wpa_supplicant( 1524): CMD: DRIVER LINKSPEED
D/wpa_supplicant( 1524): wpa_driver_tista_driver_cmd LINKSPEED
D/wpa_supplicant( 1524): Link Speed command
D/wpa_supplicant( 1524): buf LinkSpeed 54
I/ActivityManager( 1423): Starting: Intent { flg=0x10000000 cmp=jackpal.androidterm/.Term bnds=[0,143][480,239] } from pid -1
I/Term    ( 3437): Bound to TermService
I/TermService( 3437): Activity binding to service
I/PeopleSync( 1767): Sync finished, successful=true, took 5069ms
I/PeopleSync( 1767): Sync start: cannotHavePeople=false isPageExistenceCheckOnly=false
D/wpa_supplicant( 1524): CMD: DRIVER RSSI
D/wpa_supplicant( 1524): wpa_driver_tista_driver_cmd RSSI
D/wpa_supplicant( 1524): rssi command
D/wpa_supplicant( 1524): wpa_driver_tista_private_send ioctl_cmd = 810a22  res = 0
D/wpa_supplicant( 1524): wpa_driver_tista_get_rssi data -66 beacon -65 success
D/wpa_supplicant( 1524): rssi_data -66 rssi_beacon -65
D/wpa_supplicant( 1524): buf BUFFALO-4B89E9 rssi -65
D/wpa_supplicant( 1524): CMD: DRIVER LINKSPEED
D/wpa_supplicant( 1524): wpa_driver_tista_driver_cmd LINKSPEED
D/wpa_supplicant( 1524): Link Speed command
D/wpa_supplicant( 1524): buf LinkSpeed 54
E/Volley  ( 1767): [28] a.a: Unexpected response code 410 for https://www.googleapis.com/plus/v2whitelisted/people/me/people/all?prettyPrint=false&fields=items(etag,id,names,nicknames,images,urls,sortKeys,taglines,emails,phoneNumbers,addresses,metadata,memberships,legacyFields/mobileOwnerId),nextPageToken,nextSyncToken&includeAffinity=gplusAutocomplete&includeAffinity=chatAutocomplete&includeAffinity=emailAutocomplete&includeOthers=true&maxResults=100&onBehalfOf=105239469047057454001&orderBy=modified&syncToken=CPqMyp6uKhIBMRjmEioECAEQAQ
I/PeopleSync( 1767): Sync Token out of date, syncing all people/gaia-map
