D/wpa_supplicant( 1524): wpa_driver_tista_private_send ioctl_cmd = 810a22  res = 0
D/wpa_supplicant( 1524): wpa_driver_tista_get_rssi data -64 beacon -62 success
D/wpa_supplicant( 1524): rssi_data -64 rssi_beacon -62
D/wpa_supplicant( 1524): buf BUFFALO-4B89E9 rssi -62
D/wpa_supplicant( 1524): CMD: DRIVER LINKSPEED
D/wpa_supplicant( 1524): wpa_driver_tista_driver_cmd LINKSPEED
D/wpa_supplicant( 1524): Link Speed command
D/wpa_supplicant( 1524): buf LinkSpeed 54
D/dalvikvm( 3212): GC_EXPLICIT freed 556K, 51% free 4707K/9415K, external 1625K/2137K, paused 100ms
D/wpa_supplicant( 1524): CMD: DRIVER RSSI
D/wpa_supplicant( 1524): wpa_driver_tista_driver_cmd RSSI
D/wpa_supplicant( 1524): rssi command
D/wpa_supplicant( 1524): wpa_driver_tista_private_send ioctl_cmd = 810a22  res = 0
D/wpa_supplicant( 1524): wpa_driver_tista_get_rssi data -64 beacon -63 success
D/wpa_supplicant( 1524): rssi_data -64 rssi_beacon -63
D/wpa_supplicant( 1524): buf BUFFALO-4B89E9 rssi -63
D/wpa_supplicant( 1524): CMD: DRIVER LINKSPEED
D/wpa_supplicant( 1524): wpa_driver_tista_driver_cmd LINKSPEED
D/wpa_supplicant( 1524): Link Speed command
D/wpa_supplicant( 1524): buf LinkSpeed 54
D/dalvikvm( 1546): GC_CONCURRENT freed 784K, 46% free 3867K/7111K, external 2260K/2894K, paused 12ms+13ms
D/wpa_supplicant( 1524): CMD: DRIVER RSSI
D/wpa_supplicant( 1524): wpa_driver_tista_driver_cmd RSSI
D/wpa_supplicant( 1524): rssi command
D/wpa_supplicant( 1524): wpa_driver_tista_private_send ioctl_cmd = 810a22  res = 0
D/wpa_supplicant( 1524): wpa_driver_tista_get_rssi data -64 beacon -63 success
D/wpa_supplicant( 1524): rssi_data -64 rssi_beacon -63
D/wpa_supplicant( 1524): buf BUFFALO-4B89E9 rssi -63
D/wpa_supplicant( 1524): CMD: DRIVER LINKSPEED
D/wpa_supplicant( 1524): wpa_driver_tista_driver_cmd LINKSPEED
D/wpa_supplicant( 1524): Link Speed command
D/wpa_supplicant( 1524): buf LinkSpeed 54
I/Sensors ( 1423): ACC: State is not changed.
D/wpa_supplicant( 1524): CMD: AP_SCAN 2
D/wpa_supplicant( 1524): ap_scan = 2
D/wpa_supplicant( 1524): CMD: SCAN
D/wpa_supplicant( 1524): Setting scan request: 0 sec 0 usec
D/wpa_supplicant( 1524): wpa_supplicant_scan: scan_req = 2, ap_scan = 2
D/wpa_supplicant( 1524): Starting AP scan (broadcast SSID)
D/wpa_supplicant( 1524): wpa_driver_tista_scan
D/wpa_supplicant( 1524): wpa_driver_tista_private_send ioctl_cmd = 8021501  res = 0
D/wpa_supplicant( 1524): wpa_driver_tista_scan success
D/wpa_supplicant( 1524): Scan requested (ret=0) - scan timeout 30 sec
D/wpa_supplicant( 1524): RTM_NEWLINK: operstate=1 ifi_flags=0x11043 ([UP][RUNNING][LOWER_UP])
D/wpa_supplicant( 1524): RTM_NEWLINK, IFLA_IFNAME: Interface 'tiwlan0' added
D/wpa_supplicant( 1524): Wireless event: cmd=0x8b19 len=8
D/wpa_supplicant( 1524): Received 5594 bytes of scan results (9 BSSes)
D/wpa_supplicant( 1524): Actual APs number 9
D/wpa_supplicant( 1524): After merge, APs number 13
D/wpa_supplicant( 1524): New scan results available
D/wpa_supplicant( 1524): CMD: AP_SCAN 1
D/wpa_supplicant( 1524): ap_scan = 1
D/wpa_supplicant( 1524): CMD: SCAN_RESULTS
D/wpa_supplicant( 1524): WPS: Unsupported attribute type 0x1049 len=6
D/wpa_supplicant( 1524): WPS: Unsupported attribute type 0x1049 len=6
D/wpa_supplicant( 1524): CMD: SCAN_RESULTS
D/wpa_supplicant( 1524): WPS: Unsupported attribute type 0x1049 len=6
D/wpa_supplicant( 1524): WPS: Unsupported attribute type 0x1049 len=6
D/wpa_supplicant( 1524): CMD: SCAN_RESULTS
D/wpa_supplicant( 1524): WPS: Unsupported attribute type 0x1049 len=6
D/wpa_supplicant( 1524): WPS: Unsupported attribute type 0x1049 len=6
D/wpa_supplicant( 1524): CMD: SCAN_RESULTS
D/wpa_supplicant( 1524): WPS: Unsupported attribute type 0x1049 len=6
D/wpa_supplicant( 1524): WPS: Unsupported attribute type 0x1049 len=6
D/wpa_supplicant( 1524): CMD: STATUS
D/wpa_supplicant( 1524): CMD: DRIVER RSSI
D/wpa_supplicant( 1524): wpa_driver_tista_driver_cmd RSSI
D/wpa_supplicant( 1524): rssi command
D/wpa_supplicant( 1524): wpa_driver_tista_private_send ioctl_cmd = 810a22  res = 0
D/wpa_supplicant( 1524): wpa_driver_tista_get_rssi data -64 beacon -63 success
D/wpa_supplicant( 1524): rssi_data -64 rssi_beacon -63
D/wpa_supplicant( 1524): buf BUFFALO-4B89E9 rssi -63
D/wpa_supplicant( 1524): CMD: DRIVER LINKSPEED
D/wpa_supplicant( 1524): wpa_driver_tista_driver_cmd LINKSPEED
D/wpa_supplicant( 1524): Link Speed command
D/wpa_supplicant( 1524): buf LinkSpeed 54
D/wpa_supplicant( 1524): CMD: LIST_NETWORKS
D/wpa_supplicant( 1524): CMD: GET_NETWORK 0 ssid
D/wpa_supplicant( 1524): CTRL_IFACE: GET_NETWORK id=0 name='ssid'
D/wpa_supplicant( 1524): CMD: GET_NETWORK 0 bssid
D/wpa_supplicant( 1524): CTRL_IFACE: GET_NETWORK id=0 name='bssid'
D/wpa_supplicant( 1524): CTRL_IFACE: Failed to get network variable 'bssid'
D/wpa_supplicant( 1524): CMD: GET_NETWORK 0 priority
D/wpa_supplicant( 1524): CTRL_IFACE: GET_NETWORK id=0 name='priority'
D/wpa_supplicant( 1524): CMD: GET_NETWORK 0 scan_ssid
D/wpa_supplicant( 1524): CTRL_IFACE: GET_NETWORK id=0 name='scan_ssid'
D/wpa_supplicant( 1524): CMD: GET_NETWORK 0 wep_tx_keyidx
D/wpa_supplicant( 1524): CTRL_IFACE: GET_NETWORK id=0 name='wep_tx_keyidx'
D/wpa_supplicant( 1524): CMD: GET_NETWORK 0 wep_key0
D/wpa_supplicant( 1524): CTRL_IFACE: GET_NETWORK id=0 name='wep_key0'
D/wpa_supplicant( 1524): CTRL_IFACE: Failed to get network variable 'wep_key0'
D/wpa_supplicant( 1524): CMD: GET_NETWORK 0 wep_key1
D/wpa_supplicant( 1524): CTRL_IFACE: GET_NETWORK id=0 name='wep_key1'
D/wpa_supplicant( 1524): CTRL_IFACE: Failed to get network variable 'wep_key1'
D/wpa_supplicant( 1524): CMD: GET_NETWORK 0 wep_key2
D/wpa_supplicant( 1524): CTRL_IFACE: GET_NETWORK id=0 name='wep_key2'
D/wpa_supplicant( 1524): CTRL_IFACE: Failed to get network variable 'wep_key2'
D/wpa_supplicant( 1524): CMD: GET_NETWORK 0 wep_key3
D/wpa_supplicant( 1524): CTRL_IFACE: GET_NETWORK id=0 name='wep_key3'
D/wpa_supplicant( 1524): CTRL_IFACE: Failed to get network variable 'wep_key3'
D/wpa_supplicant( 1524): CMD: GET_NETWORK 0 psk
D/wpa_supplicant( 1524): CTRL_IFACE: GET_NETWORK id=0 name='psk'
D/wpa_supplicant( 1524): Do not allow key_data field to be exposed
D/wpa_supplicant( 1524): CMD: GET_NETWORK 0 proto
D/wpa_supplicant( 1524): CTRL_IFACE: GET_NETWORK id=0 name='proto'
D/wpa_supplicant( 1524): CMD: GET_NETWORK 0 key_mgmt
D/wpa_supplicant( 1524): CTRL_IFACE: GET_NETWORK id=0 name='key_mgmt'
D/wpa_supplicant( 1524): CMD: GET_NETWORK 0 auth_alg
D/wpa_supplicant( 1524): CTRL_IFACE: GET_NETWORK id=0 name='auth_alg'
D/wpa_supplicant( 1524): CMD: GET_NETWORK 0 pairwise
D/wpa_supplicant( 1524): CTRL_IFACE: GET_NETWORK id=0 name='pairwise'
D/wpa_supplicant( 1524): CMD: GET_NETWORK 0 group
D/wpa_supplicant( 1524): CTRL_IFACE: GET_NETWORK id=0 name='group'
D/wpa_supplicant( 1524): CMD: GET_NETWORK 0 eap
D/wpa_supplicant( 1524): CTRL_IFACE: GET_NETWORK id=0 name='eap'
D/wpa_supplicant( 1524): CTRL_IFACE: Failed to get network variable 'eap'
D/wpa_supplicant( 1524): CMD: GET_NETWORK 0 phase2
D/wpa_supplicant( 1524): CTRL_IFACE: GET_NETWORK id=0 name='phase2'
D/wpa_supplicant( 1524): CTRL_IFACE: Failed to get network variable 'phase2'
D/wpa_supplicant( 1524): CMD: GET_NETWORK 0 identity
D/wpa_supplicant( 1524): CTRL_IFACE: GET_NETWORK id=0 name='identity'
D/wpa_supplicant( 1524): CTRL_IFACE: Failed to get network variable 'identity'
D/wpa_supplicant( 1524): CMD: GET_NETWORK 0 anonymous_identity
D/wpa_supplicant( 1524): CTRL_IFACE: GET_NETWORK id=0 name='anonymous_identity'
D/wpa_supplicant( 1524): CTRL_IFACE: Failed to get network variable 'anonymous_identity'
D/wpa_supplicant( 1524): CMD: GET_NETWORK 0 password
D/wpa_supplicant( 1524): CTRL_IFACE: GET_NETWORK id=0 name='password'
D/wpa_supplicant( 1524): CTRL_IFACE: Failed to get network variable 'password'
D/wpa_supplicant( 1524): CMD: GET_NETWORK 0 client_cert
D/wpa_supplicant( 1524): CTRL_IFACE: GET_NETWORK id=0 name='client_cert'
D/wpa_supplicant( 1524): CTRL_IFACE: Failed to get network variable 'client_cert'
D/wpa_supplicant( 1524): CMD: GET_NETWORK 0 private_key
D/wpa_supplicant( 1524): CTRL_IFACE: GET_NETWORK id=0 name='private_key'
D/wpa_supplicant( 1524): CTRL_IFACE: Failed to get network variable 'private_key'
D/wpa_supplicant( 1524): CMD: GET_NETWORK 0 ca_cert
D/wpa_supplicant( 1524): CTRL_IFACE: GET_NETWORK id=0 name='ca_cert'
D/wpa_supplicant( 1524): CTRL_IFACE: Failed to get network variable 'ca_cert'
D/wpa_supplicant( 1524): CMD: LIST_NETWORKS
D/wpa_supplicant( 1524): CMD: GET_NETWORK 0 ssid
D/wpa_supplicant( 1524): CTRL_IFACE: GET_NETWORK id=0 name='ssid'
D/wpa_supplicant( 1524): CMD: GET_NETWORK 0 bssid
D/wpa_supplicant( 1524): CTRL_IFACE: GET_NETWORK id=0 name='bssid'
D/wpa_supplicant( 1524): CTRL_IFACE: Failed to get network variable 'bssid'
D/wpa_supplicant( 1524): CMD: GET_NETWORK 0 priority
D/wpa_supplicant( 1524): CTRL_IFACE: GET_NETWORK id=0 name='priority'
D/wpa_supplicant( 1524): CMD: GET_NETWORK 0 scan_ssid
D/wpa_supplicant( 1524): CTRL_IFACE: GET_NETWORK id=0 name='scan_ssid'
D/wpa_supplicant( 1524): CMD: GET_NETWORK 0 wep_tx_keyidx
D/wpa_supplicant( 1524): CTRL_IFACE: GET_NETWORK id=0 name='wep_tx_keyidx'
D/wpa_supplicant( 1524): CMD: GET_NETWORK 0 wep_key0
D/wpa_supplicant( 1524): CTRL_IFACE: GET_NETWORK id=0 name='wep_key0'
D/wpa_supplicant( 1524): CTRL_IFACE: Failed to get network variable 'wep_key0'
D/wpa_supplicant( 1524): CMD: GET_NETWORK 0 wep_key1
D/wpa_supplicant( 1524): CTRL_IFACE: GET_NETWORK id=0 name='wep_key1'
D/wpa_supplicant( 1524): CTRL_IFACE: Failed to get network variable 'wep_key1'
D/wpa_supplicant( 1524): CMD: GET_NETWORK 0 wep_key2
D/wpa_supplicant( 1524): CTRL_IFACE: GET_NETWORK id=0 name='wep_key2'
D/wpa_supplicant( 1524): CTRL_IFACE: Failed to get network variable 'wep_key2'
D/wpa_supplicant( 1524): CMD: GET_NETWORK 0 wep_key3
D/wpa_supplicant( 1524): CTRL_IFACE: GET_NETWORK id=0 name='wep_key3'
D/wpa_supplicant( 1524): CTRL_IFACE: Failed to get network variable 'wep_key3'
D/wpa_supplicant( 1524): CMD: GET_NETWORK 0 psk
D/wpa_supplicant( 1524): CTRL_IFACE: GET_NETWORK id=0 name='psk'
D/wpa_supplicant( 1524): Do not allow key_data field to be exposed
D/wpa_supplicant( 1524): CMD: GET_NETWORK 0 proto
D/wpa_supplicant( 1524): CTRL_IFACE: GET_NETWORK id=0 name='proto'
D/wpa_supplicant( 1524): CMD: GET_NETWORK 0 key_mgmt
D/wpa_supplicant( 1524): CTRL_IFACE: GET_NETWORK id=0 name='key_mgmt'
D/wpa_supplicant( 1524): CMD: GET_NETWORK 0 auth_alg
D/wpa_supplicant( 1524): CTRL_IFACE: GET_NETWORK id=0 name='auth_alg'
D/wpa_supplicant( 1524): CMD: GET_NETWORK 0 pairwise
D/wpa_supplicant( 1524): CTRL_IFACE: GET_NETWORK id=0 name='pairwise'
D/wpa_supplicant( 1524): CMD: GET_NETWORK 0 group
D/wpa_supplicant( 1524): CTRL_IFACE: GET_NETWORK id=0 name='group'
D/wpa_supplicant( 1524): CMD: GET_NETWORK 0 eap
D/wpa_supplicant( 1524): CTRL_IFACE: GET_NETWORK id=0 name='eap'
D/wpa_supplicant( 1524): CTRL_IFACE: Failed to get network variable 'eap'
D/wpa_supplicant( 1524): CMD: GET_NETWORK 0 phase2
D/wpa_supplicant( 1524): CTRL_IFACE: GET_NETWORK id=0 name='phase2'
D/wpa_supplicant( 1524): CTRL_IFACE: Failed to get network variable 'phase2'
D/wpa_supplicant( 1524): CMD: GET_NETWORK 0 identity
D/wpa_supplicant( 1524): CTRL_IFACE: GET_NETWORK id=0 name='identity'
D/wpa_supplicant( 1524): CTRL_IFACE: Failed to get network variable 'identity'
D/wpa_supplicant( 1524): CMD: GET_NETWORK 0 anonymous_identity
D/wpa_supplicant( 1524): CTRL_IFACE: GET_NETWORK id=0 name='anonymous_identity'
D/wpa_supplicant( 1524): CTRL_IFACE: Failed to get network variable 'anonymous_identity'
D/wpa_supplicant( 1524): CMD: GET_NETWORK 0 password
D/wpa_supplicant( 1524): CTRL_IFACE: GET_NETWORK id=0 name='password'
D/wpa_supplicant( 1524): CTRL_IFACE: Failed to get network variable 'password'
D/wpa_supplicant( 1524): CMD: GET_NETWORK 0 client_cert
D/wpa_supplicant( 1524): CTRL_IFACE: GET_NETWORK id=0 name='client_cert'
D/wpa_supplicant( 1524): CTRL_IFACE: Failed to get network variable 'client_cert'
D/wpa_supplicant( 1524): CMD: GET_NETWORK 0 private_key
D/wpa_supplicant( 1524): CTRL_IFACE: GET_NETWORK id=0 name='private_key'
D/wpa_supplicant( 1524): CTRL_IFACE: Failed to get network variable 'private_key'
D/wpa_supplicant( 1524): CMD: GET_NETWORK 0 ca_cert
D/wpa_supplicant( 1524): CTRL_IFACE: GET_NETWORK id=0 name='ca_cert'
D/wpa_supplicant( 1524): CTRL_IFACE: Failed to get network variable 'ca_cert'
I/GCoreUlr( 2040): Successfully inserted location
I/GCoreUlr( 2040): Not calling LocationReporter, hasMoved: false, elapsed millis: 359560, request: Stationary(3600000)
D/dalvikvm( 3437): GC_CONCURRENT freed 763K, 48% free 3616K/6855K, external 1626K/2137K, paused 2ms+5ms
D/wpa_supplicant( 1524): CMD: DRIVER RSSI
D/wpa_supplicant( 1524): wpa_driver_tista_driver_cmd RSSI
D/wpa_supplicant( 1524): rssi command
D/wpa_supplicant( 1524): wpa_driver_tista_private_send ioctl_cmd = 810a22  res = 0
D/wpa_supplicant( 1524): wpa_driver_tista_get_rssi data -65 beacon -64 success
D/wpa_supplicant( 1524): rssi_data -65 rssi_beacon -64
D/wpa_supplicant( 1524): buf BUFFALO-4B89E9 rssi -64
D/wpa_supplicant( 1524): CMD: DRIVER LINKSPEED
D/wpa_supplicant( 1524): wpa_driver_tista_driver_cmd LINKSPEED
D/wpa_supplicant( 1524): Link Speed command
D/wpa_supplicant( 1524): buf LinkSpeed 54
D/wpa_supplicant( 1524): CMD: DRIVER RSSI
D/wpa_supplicant( 1524): wpa_driver_tista_driver_cmd RSSI
D/wpa_supplicant( 1524): rssi command
D/wpa_supplicant( 1524): wpa_driver_tista_private_send ioctl_cmd = 810a22  res = 0
D/wpa_supplicant( 1524): wpa_driver_tista_get_rssi data -64 beacon -64 success
D/wpa_supplicant( 1524): rssi_data -64 rssi_beacon -64
D/wpa_supplicant( 1524): buf BUFFALO-4B89E9 rssi -64
D/wpa_supplicant( 1524): CMD: DRIVER LINKSPEED
D/wpa_supplicant( 1524): wpa_driver_tista_driver_cmd LINKSPEED
D/wpa_supplicant( 1524): Link Speed command
D/wpa_supplicant( 1524): buf LinkSpeed 54
D/dalvikvm( 3246): GC_EXPLICIT freed 781K, 38% free 7953K/12679K, external 6187K/6315K, paused 80ms
D/wpa_supplicant( 1524): CMD: DRIVER RSSI
D/wpa_supplicant( 1524): wpa_driver_tista_driver_cmd RSSI
D/wpa_supplicant( 1524): rssi command
D/wpa_supplicant( 1524): wpa_driver_tista_private_send ioctl_cmd = 810a22  res = 0
D/wpa_supplicant( 1524): wpa_driver_tista_get_rssi data -64 beacon -63 success
D/wpa_supplicant( 1524): rssi_data -64 rssi_beacon -63
D/wpa_supplicant( 1524): buf BUFFALO-4B89E9 rssi -63
D/wpa_supplicant( 1524): CMD: DRIVER LINKSPEED
D/wpa_supplicant( 1524): wpa_driver_tista_driver_cmd LINKSPEED
D/wpa_supplicant( 1524): Link Speed command
D/wpa_supplicant( 1524): buf LinkSpeed 54
I/Sensors ( 1423): ACC: State is not changed.
D/wpa_supplicant( 1524): CMD: DRIVER RSSI
D/wpa_supplicant( 1524): wpa_driver_tista_driver_cmd RSSI
D/wpa_supplicant( 1524): rssi command
D/wpa_supplicant( 1524): wpa_driver_tista_private_send ioctl_cmd = 810a22  res = 0
D/wpa_supplicant( 1524): wpa_driver_tista_get_rssi data -64 beacon -64 success
D/wpa_supplicant( 1524): rssi_data -64 rssi_beacon -64
D/wpa_supplicant( 1524): buf BUFFALO-4B89E9 rssi -64
D/wpa_supplicant( 1524): CMD: DRIVER LINKSPEED
D/wpa_supplicant( 1524): wpa_driver_tista_driver_cmd LINKSPEED
D/wpa_supplicant( 1524): Link Speed command
D/wpa_supplicant( 1524): buf LinkSpeed 54
D/dalvikvm( 2040): GC_FOR_MALLOC freed 1151K, 43% free 5176K/8967K, external 1625K/2137K, paused 50ms
D/wpa_supplicant( 1524): CMD: DRIVER RSSI
D/wpa_supplicant( 1524): wpa_driver_tista_driver_cmd RSSI
D/wpa_supplicant( 1524): rssi command
D/wpa_supplicant( 1524): wpa_driver_tista_private_send ioctl_cmd = 810a22  res = 0
D/wpa_supplicant( 1524): wpa_driver_tista_get_rssi data -64 beacon -64 success
D/wpa_supplicant( 1524): rssi_data -64 rssi_beacon -64
D/wpa_supplicant( 1524): buf BUFFALO-4B89E9 rssi -64
D/wpa_supplicant( 1524): CMD: DRIVER LINKSPEED
D/wpa_supplicant( 1524): wpa_driver_tista_driver_cmd LINKSPEED
D/wpa_supplicant( 1524): Link Speed command
D/wpa_supplicant( 1524): buf LinkSpeed 54
D/wpa_supplicant( 1524): CMD: DRIVER RSSI
D/wpa_supplicant( 1524): wpa_driver_tista_driver_cmd RSSI
D/wpa_supplicant( 1524): rssi command
D/wpa_supplicant( 1524): wpa_driver_tista_private_send ioctl_cmd = 810a22  res = 0
D/wpa_supplicant( 1524): wpa_driver_tista_get_rssi data -64 beacon -63 success
D/wpa_supplicant( 1524): rssi_data -64 rssi_beacon -63
D/wpa_supplicant( 1524): buf BUFFALO-4B89E9 rssi -63
D/wpa_supplicant( 1524): CMD: DRIVER LINKSPEED
D/wpa_supplicant( 1524): wpa_driver_tista_driver_cmd LINKSPEED
D/wpa_supplicant( 1524): Link Speed command
D/wpa_supplicant( 1524): buf LinkSpeed 54
D/dalvikvm( 1423): GC_EXPLICIT freed 1367K, 39% free 7464K/12167K, external 4710K/5882K, paused 198ms
I/Sensors ( 1423): ACC: State is not changed.
D/wpa_supplicant( 1524): CMD: DRIVER RSSI
D/wpa_supplicant( 1524): wpa_driver_tista_driver_cmd RSSI
D/wpa_supplicant( 1524): rssi command
D/wpa_supplicant( 1524): wpa_driver_tista_private_send ioctl_cmd = 810a22  res = 0
D/wpa_supplicant( 1524): wpa_driver_tista_get_rssi data -64 beacon -64 success
D/wpa_supplicant( 1524): rssi_data -64 rssi_beacon -64
D/wpa_supplicant( 1524): buf BUFFALO-4B89E9 rssi -64
D/wpa_supplicant( 1524): CMD: DRIVER LINKSPEED
D/wpa_supplicant( 1524): wpa_driver_tista_driver_cmd LINKSPEED
D/wpa_supplicant( 1524): Link Speed command
D/wpa_supplicant( 1524): buf LinkSpeed 54
D/wpa_supplicant( 1524): CMD: DRIVER RSSI
D/wpa_supplicant( 1524): wpa_driver_tista_driver_cmd RSSI
D/wpa_supplicant( 1524): rssi command
D/wpa_supplicant( 1524): wpa_driver_tista_private_send ioctl_cmd = 810a22  res = 0
D/wpa_supplicant( 1524): wpa_driver_tista_get_rssi data -64 beacon -64 success
D/wpa_supplicant( 1524): rssi_data -64 rssi_beacon -64
D/wpa_supplicant( 1524): buf BUFFALO-4B89E9 rssi -64
D/wpa_supplicant( 1524): CMD: DRIVER LINKSPEED
D/wpa_supplicant( 1524): wpa_driver_tista_driver_cmd LINKSPEED
D/wpa_supplicant( 1524): Link Speed command
D/wpa_supplicant( 1524): buf LinkSpeed 54
D/dalvikvm( 2040): GC_EXPLICIT freed 340K, 43% free 5143K/8967K, external 1625K/2137K, paused 309ms
D/dalvikvm( 3437): GC_CONCURRENT freed 752K, 47% free 3635K/6855K, external 1626K/2137K, paused 3ms+4ms
D/wpa_supplicant( 1524): CMD: DRIVER RSSI
D/wpa_supplicant( 1524): wpa_driver_tista_driver_cmd RSSI
D/wpa_supplicant( 1524): rssi command
D/wpa_supplicant( 1524): wpa_driver_tista_private_send ioctl_cmd = 810a22  res = 0
D/wpa_supplicant( 1524): wpa_driver_tista_get_rssi data -64 beacon -64 success
D/wpa_supplicant( 1524): rssi_data -64 rssi_beacon -64
D/wpa_supplicant( 1524): buf BUFFALO-4B89E9 rssi -64
D/wpa_supplicant( 1524): CMD: DRIVER LINKSPEED
D/wpa_supplicant( 1524): wpa_driver_tista_driver_cmd LINKSPEED
D/wpa_supplicant( 1524): Link Speed command
D/wpa_supplicant( 1524): buf LinkSpeed 54
I/Sensors ( 1423): ACC: State is not changed.
D/wpa_supplicant( 1524): CMD: DRIVER RSSI
D/wpa_supplicant( 1524): wpa_driver_tista_driver_cmd RSSI
D/wpa_supplicant( 1524): rssi command
D/wpa_supplicant( 1524): wpa_driver_tista_private_send ioctl_cmd = 810a22  res = 0
D/wpa_supplicant( 1524): wpa_driver_tista_get_rssi data -64 beacon -64 success
D/wpa_supplicant( 1524): rssi_data -64 rssi_beacon -64
D/wpa_supplicant( 1524): buf BUFFALO-4B89E9 rssi -64
D/wpa_supplicant( 1524): CMD: DRIVER LINKSPEED
D/wpa_supplicant( 1524): wpa_driver_tista_driver_cmd LINKSPEED
D/wpa_supplicant( 1524): Link Speed command
D/wpa_supplicant( 1524): buf LinkSpeed 54
D/dalvikvm( 1546): GC_CONCURRENT freed 1022K, 48% free 3871K/7367K, external 2260K/2894K, paused 10ms+25ms
D/wpa_supplicant( 1524): CMD: DRIVER RSSI
D/wpa_supplicant( 1524): wpa_driver_tista_driver_cmd RSSI
D/wpa_supplicant( 1524): rssi command
D/wpa_supplicant( 1524): wpa_driver_tista_private_send ioctl_cmd = 810a22  res = 0
D/wpa_supplicant( 1524): wpa_driver_tista_get_rssi data -64 beacon -64 success
D/wpa_supplicant( 1524): rssi_data -64 rssi_beacon -64
D/wpa_supplicant( 1524): buf BUFFALO-4B89E9 rssi -64
D/wpa_supplicant( 1524): CMD: DRIVER LINKSPEED
D/wpa_supplicant( 1524): wpa_driver_tista_driver_cmd LINKSPEED
D/wpa_supplicant( 1524): Link Speed command
D/wpa_supplicant( 1524): buf LinkSpeed 54
D/wpa_supplicant( 1524): CMD: DRIVER RSSI
D/wpa_supplicant( 1524): wpa_driver_tista_driver_cmd RSSI
D/wpa_supplicant( 1524): rssi command
D/wpa_supplicant( 1524): wpa_driver_tista_private_send ioctl_cmd = 810a22  res = 0
D/wpa_supplicant( 1524): wpa_driver_tista_get_rssi data -64 beacon -63 success
D/wpa_supplicant( 1524): rssi_data -64 rssi_beacon -63
D/wpa_supplicant( 1524): buf BUFFALO-4B89E9 rssi -63
D/wpa_supplicant( 1524): CMD: DRIVER LINKSPEED
D/wpa_supplicant( 1524): wpa_driver_tista_driver_cmd LINKSPEED
D/wpa_supplicant( 1524): Link Speed command
D/wpa_supplicant( 1524): buf LinkSpeed 54
D/wpa_supplicant( 1524): CMD: DRIVER RSSI
D/wpa_supplicant( 1524): wpa_driver_tista_driver_cmd RSSI
D/wpa_supplicant( 1524): rssi command
D/wpa_supplicant( 1524): wpa_driver_tista_private_send ioctl_cmd = 810a22  res = 0
D/wpa_supplicant( 1524): wpa_driver_tista_get_rssi data -64 beacon -63 success
D/wpa_supplicant( 1524): rssi_data -64 rssi_beacon -63
D/wpa_supplicant( 1524): buf BUFFALO-4B89E9 rssi -63
D/wpa_supplicant( 1524): CMD: DRIVER LINKSPEED
D/wpa_supplicant( 1524): wpa_driver_tista_driver_cmd LINKSPEED
D/wpa_supplicant( 1524): Link Speed command
D/wpa_supplicant( 1524): buf LinkSpeed 54
D/dalvikvm( 3437): GC_CONCURRENT freed 732K, 47% free 3646K/6855K, external 1626K/2137K, paused 6ms+13ms
D/wpa_supplicant( 1524): CMD: DRIVER RSSI
D/wpa_supplicant( 1524): wpa_driver_tista_driver_cmd RSSI
D/wpa_supplicant( 1524): rssi command
D/wpa_supplicant( 1524): wpa_driver_tista_private_send ioctl_cmd = 810a22  res = 0
D/wpa_supplicant( 1524): wpa_driver_tista_get_rssi data -64 beacon -65 success
D/wpa_supplicant( 1524): rssi_data -64 rssi_beacon -65
D/wpa_supplicant( 1524): buf BUFFALO-4B89E9 rssi -65
D/wpa_supplicant( 1524): CMD: DRIVER LINKSPEED
D/wpa_supplicant( 1524): wpa_driver_tista_driver_cmd LINKSPEED
D/wpa_supplicant( 1524): Link Speed command
D/wpa_supplicant( 1524): buf LinkSpeed 54
I/PeopleSync( 1767): onPerformSync() [a844728a]
I/PeopleSync( 1767): Setting subscription: result=true [a844728a]
I/PeopleSync( 1767): Starting sync, feed=null [a844728a]
I/PeopleSync( 1767): Sync start: cannotHavePeople=false isPageExistenceCheckOnly=false
D/wpa_supplicant( 1524): CMD: DRIVER RSSI
D/wpa_supplicant( 1524): wpa_driver_tista_driver_cmd RSSI
D/wpa_supplicant( 1524): rssi command
D/wpa_supplicant( 1524): wpa_driver_tista_private_send ioctl_cmd = 810a22  res = 0
D/wpa_supplicant( 1524): wpa_driver_tista_get_rssi data -64 beacon -63 success
D/wpa_supplicant( 1524): rssi_data -64 rssi_beacon -63
D/wpa_supplicant( 1524): buf BUFFALO-4B89E9 rssi -63
D/wpa_supplicant( 1524): CMD: DRIVER LINKSPEED
D/wpa_supplicant( 1524): wpa_driver_tista_driver_cmd LINKSPEED
D/wpa_supplicant( 1524): Link Speed command
D/wpa_supplicant( 1524): buf LinkSpeed 54
D/dalvikvm( 1585): GC_EXPLICIT freed 711K, 43% free 5630K/9799K, external 1625K/2137K, paused 65ms
I/ActivityManager( 1423): Starting: Intent { act=android.intent.action.MAIN cat=[android.intent.category.HOME] flg=0x10200000 cmp=com.android.launcher/com.android.launcher2.Launcher } from pid 1423
D/PhoneWindow( 3437): couldn't save which view has focus because the focused view class jackpal.androidterm.TermView(ShellTermSession(1457610265540,null)) has no id.
W/IInputConnectionWrapper( 3437): showStatusIcon on inactive InputConnection
W/InputManagerService( 1423): Starting input on non-focused client com.android.internal.view.IInputMethodClient$Stub$Proxy@40858c50 (uid=10007 pid=3437)
E/PeopleIS( 1767): Error retrieving image at URL https:https://lh3.googleusercontent.com/-3CEtvbwVObQ/AAAAAAAAAAI/AAAAAAAAAAA/7jNZAevJJK8/photo.jpg?sz=50 (Error executing network request for https:https://lh3.googleusercontent.com/-3CEtvbwVObQ/AAAAAAAAAAI/AAAAAAAAAAA/7jNZAevJJK8/s180-ns/ [none] [ac])
E/PeopleIS( 1767): Error retrieving image at URL https:https://lh3.googleusercontent.com/-THl0R4wkdm4/AAAAAAAAAAI/AAAAAAAAAAA/1g4ID-rs5iQ/photo.jpg?sz=50 (Error executing network request for https:https://lh3.googleusercontent.com/-THl0R4wkdm4/AAAAAAAAAAI/AAAAAAAAAAA/1g4ID-rs5iQ/s180-ns/ [none] [ac])
E/PeopleIS( 1767): Error retrieving image at URL https:https://lh3.googleusercontent.com/-btrk6AyPg3U/AAAAAAAAAAI/AAAAAAAAAAA/GveYpnwcV_c/photo.jpg?sz=50 (Error executing network request for https:https://lh3.googleusercontent.com/-btrk6AyPg3U/AAAAAAAAAAI/AAAAAAAAAAA/GveYpnwcV_c/s180-ns/ [none] [ac])
E/PeopleIS( 1767): Error retrieving image at URL https:https://lh3.googleusercontent.com/-9TlNIGJpQUI/AAAAAAAAAAI/AAAAAAAAAAA/ze1pxmJSqkY/photo.jpg?sz=50 (Error executing network request for https:https://lh3.googleusercontent.com/-9TlNIGJpQUI/AAAAAAAAAAI/AAAAAAAAAAA/ze1pxmJSqkY/s180-ns/ [none] [ac])
E/PeopleIS( 1767): Error retrieving image at URL https:https://lh3.googleusercontent.com/-mTUp0pEL9-c/AAAAAAAAAAI/AAAAAAAAAAA/vov2oO0laHE/photo.jpg?sz=50 (Error executing network request for https:https://lh3.googleusercontent.com/-mTUp0pEL9-c/AAAAAAAAAAI/AAAAAAAAAAA/vov2oO0laHE/s180-ns/ [none] [ac])
E/PeopleIS( 1767): Error retrieving image at URL https:https://lh3.googleusercontent.com/-raI4NwnGVV0/AAAAAAAAAAI/AAAAAAAAAAA/zSAjY7Hc0QI/photo.jpg?sz=50 (Error executing network request for https:https://lh3.googleusercontent.com/-raI4NwnGVV0/AAAAAAAAAAI/AAAAAAAAAAA/zSAjY7Hc0QI/s180-ns/ [none] [ac])
E/PeopleIS( 1767): Error retrieving image at URL https:https://lh3.googleusercontent.com/-7le3WH0nc5s/AAAAAAAAAAI/AAAAAAAAAAA/4qmhlxHmmUw/photo.jpg?sz=50 (Error executing network request for https:https://lh3.googleusercontent.com/-7le3WH0nc5s/AAAAAAAAAAI/AAAAAAAAAAA/4qmhlxHmmUw/s180-ns/ [none] [ac])
E/PeopleIS( 1767): Error retrieving image at URL https:https://lh3.googleusercontent.com/-F985zveHaB8/AAAAAAAAAAI/AAAAAAAAAAA/G29Sk8kERok/photo.jpg?sz=50 (Error executing network request for https:https://lh3.googleusercontent.com/-F985zveHaB8/AAAAAAAAAAI/AAAAAAAAAAA/G29Sk8kERok/s180-ns/ [none] [ac])
D/wpa_supplicant( 1524): CMD: DRIVER RSSI
D/wpa_supplicant( 1524): wpa_driver_tista_driver_cmd RSSI
D/wpa_supplicant( 1524): rssi command
D/wpa_supplicant( 1524): wpa_driver_tista_private_send ioctl_cmd = 810a22  res = 0
D/wpa_supplicant( 1524): wpa_driver_tista_get_rssi data -64 beacon -65 success
D/wpa_supplicant( 1524): rssi_data -64 rssi_beacon -65
D/wpa_supplicant( 1524): buf BUFFALO-4B89E9 rssi -65
D/wpa_supplicant( 1524): CMD: DRIVER LINKSPEED
D/wpa_supplicant( 1524): wpa_driver_tista_driver_cmd LINKSPEED
D/wpa_supplicant( 1524): Link Speed command
D/wpa_supplicant( 1524): buf LinkSpeed 54
D/dalvikvm( 1551): GC_EXPLICIT freed 502K, 47% free 3800K/7047K, external 8640K/9893K, paused 39ms
I/ActivityManager( 1423): Starting: Intent { act=android.intent.action.MAIN cat=[android.intent.category.LAUNCHER] flg=0x10200000 cmp=com.nao20010128nao.Wisecraft/.ServerListActivity } from pid 1551
I/ActivityManager( 1423): Start proc com.nao20010128nao.Wisecraft for activity com.nao20010128nao.Wisecraft/.ServerListActivity: pid=3508 uid=10003 gids={3003, 1015}
I/ActivityManager( 1423): attachApplication process start(3508) com.nao20010128nao.Wisecraft
D/szipinf ( 3508): Initializing inflate state
D/ghost_query( 3508): port=19500
E/dalvikvm( 3508): Could not find class 'android.view.LayoutInflater$Factory2', referenced from method uk.co.chrisjenx.calligraphy.CalligraphyLayoutInflater.setPrivateFactoryInternal
W/dalvikvm( 3508): VFY: unable to resolve instanceof 1747 (Landroid/view/LayoutInflater$Factory2;) in Luk/co/chrisjenx/calligraphy/CalligraphyLayoutInflater;
D/dalvikvm( 3508): VFY: replacing opcode 0x20 at 0x0014
D/dalvikvm( 3508): VFY: dead code 0x0016-003c in Luk/co/chrisjenx/calligraphy/CalligraphyLayoutInflater;.setPrivateFactoryInternal ()V
I/dalvikvm( 3508): Could not find method uk.co.chrisjenx.calligraphy.CalligraphyLayoutInflater.getFactory2, referenced from method uk.co.chrisjenx.calligraphy.CalligraphyLayoutInflater.setUpLayoutFactories
W/dalvikvm( 3508): VFY: unable to resolve virtual method 22315: Luk/co/chrisjenx/calligraphy/CalligraphyLayoutInflater;.getFactory2 ()Landroid/view/LayoutInflater$Factory2;
D/dalvikvm( 3508): VFY: replacing opcode 0x6e at 0x0009
D/dalvikvm( 3508): VFY: dead code 0x000c-001d in Luk/co/chrisjenx/calligraphy/CalligraphyLayoutInflater;.setUpLayoutFactories (Z)V
I/dalvikvm( 3508): Could not find method android.view.LayoutInflater.onCreateView, referenced from method uk.co.chrisjenx.calligraphy.CalligraphyLayoutInflater.onCreateView
W/dalvikvm( 3508): VFY: unable to resolve virtual method 14128: Landroid/view/LayoutInflater;.onCreateView (Landroid/view/View;Ljava/lang/String;Landroid/util/AttributeSet;)Landroid/view/View;
D/dalvikvm( 3508): VFY: replacing opcode 0x6f at 0x0002
D/dalvikvm( 3508): VFY: dead code 0x0005-000e in Luk/co/chrisjenx/calligraphy/CalligraphyLayoutInflater;.onCreateView (Landroid/view/View;Ljava/lang/String;Landroid/util/AttributeSet;)Landroid/view/View;
I/dalvikvm( 3508): Failed resolving Luk/co/chrisjenx/calligraphy/CalligraphyLayoutInflater$WrapperFactory2; interface 1747 'Landroid/view/LayoutInflater$Factory2;'
W/dalvikvm( 3508): Link of class 'Luk/co/chrisjenx/calligraphy/CalligraphyLayoutInflater$WrapperFactory2;' failed
E/dalvikvm( 3508): Could not find class 'uk.co.chrisjenx.calligraphy.CalligraphyLayoutInflater$WrapperFactory2', referenced from method uk.co.chrisjenx.calligraphy.CalligraphyLayoutInflater.setFactory2
W/dalvikvm( 3508): VFY: unable to resolve instanceof 3061 (Luk/co/chrisjenx/calligraphy/CalligraphyLayoutInflater$WrapperFactory2;) in Luk/co/chrisjenx/calligraphy/CalligraphyLayoutInflater;
D/dalvikvm( 3508): VFY: replacing opcode 0x20 at 0x0000
D/dalvikvm( 3508): VFY: dead code 0x0002-0012 in Luk/co/chrisjenx/calligraphy/CalligraphyLayoutInflater;.setFactory2 (Landroid/view/LayoutInflater$Factory2;)V
I/dalvikvm( 3508): Could not find method android.view.ViewGroup.onHoverEvent, referenced from method android.support.v7.widget.Toolbar.onHoverEvent
W/dalvikvm( 3508): VFY: unable to resolve virtual method 14495: Landroid/view/ViewGroup;.onHoverEvent (Landroid/view/MotionEvent;)Z
D/dalvikvm( 3508): VFY: replacing opcode 0x6f at 0x0010
D/dalvikvm( 3508): VFY: dead code 0x0013-0019 in Landroid/support/v7/widget/Toolbar;.onHoverEvent (Landroid/view/MotionEvent;)Z
I/dalvikvm( 3508): Could not find method android.view.ViewGroup.onRtlPropertiesChanged, referenced from method android.support.v7.widget.Toolbar.onRtlPropertiesChanged
W/dalvikvm( 3508): VFY: unable to resolve virtual method 14504: Landroid/view/ViewGroup;.onRtlPropertiesChanged (I)V
D/dalvikvm( 3508): VFY: replacing opcode 0x6f at 0x0007
D/nao20010128nao( 3508): Starting ping
D/nao20010128nao( 3508): sfb.noip.me:19132 false
D/nao20010128nao( 3508): PE
D/nao20010128nao( 3508): Starting ping
D/nao20010128nao( 3508): onsen.so:50029 false
D/nao20010128nao( 3508): PE
D/nao20010128nao( 3508): Starting ping
D/nao20010128nao( 3508): sg23.lbsg.net:19132 false
D/nao20010128nao( 3508): PE
D/nao20010128nao( 3508): Starting ping
D/nao20010128nao( 3508): play.fsaba.cf:19132 false
D/nao20010128nao( 3508): PE
D/nao20010128nao( 3508): Starting ping
D/nao20010128nao( 3508): localhost:19132 false
D/nao20010128nao( 3508): PE
D/nao20010128nao( 3508): Starting ping
D/nao20010128nao( 3508): play.niwatori.xyz:19132 false
D/nao20010128nao( 3508): PE
D/SntpClient( 1423): request time failed: java.net.SocketTimeoutException: Try again
D/dalvikvm( 3508): GC_FOR_MALLOC freed 611K, 47% free 3552K/6663K, external 2002K/2137K, paused 24ms
D/dalvikvm( 3508): GC_CONCURRENT freed 391K, 41% free 4102K/6919K, external 2002K/2137K, paused 2ms+4ms
D/dalvikvm( 3508): GC_FOR_MALLOC freed 191K, 42% free 4444K/7559K, external 2002K/2137K, paused 29ms
V/ActivityThread( 3508): Canvas.freeCaches()
D/skia    ( 3508): purging 13K from font cache [2 entries]
V/ActivityThread( 3508): Fonts.reLoadFontsLocal()
D/Fonts(JAVA)( 3508): <ReLoadFontsLocal>
D/        ( 3508): <Fonts_ReLoadFontsLocal>
D/wpa_supplicant( 1524): CMD: DRIVER RSSI
D/wpa_supplicant( 1524): wpa_driver_tista_driver_cmd RSSI
D/wpa_supplicant( 1524): rssi command
D/wpa_supplicant( 1524): wpa_driver_tista_private_send ioctl_cmd = 810a22  res = 0
D/wpa_supplicant( 1524): wpa_driver_tista_get_rssi data -66 beacon -66 success
D/wpa_supplicant( 1524): rssi_data -66 rssi_beacon -66
D/wpa_supplicant( 1524): buf BUFFALO-4B89E9 rssi -66
D/wpa_supplicant( 1524): CMD: DRIVER LINKSPEED
D/wpa_supplicant( 1524): wpa_driver_tista_driver_cmd LINKSPEED
D/wpa_supplicant( 1524): Link Speed command
D/wpa_supplicant( 1524): buf LinkSpeed 54
D/dalvikvm( 3508): GC_FOR_MALLOC freed 776K, 46% free 4451K/8135K, external 2002K/2137K, paused 28ms
D/dalvikvm( 3508): GC_FOR_MALLOC freed 133K, 44% free 4584K/8135K, external 2002K/2137K, paused 24ms
D/dalvikvm( 3508): GC_FOR_MALLOC freed 272K, 36% free 5369K/8327K, external 2002K/2137K, paused 25ms
D/nao20010128nao( 3508): Success: Full Stat
I/ActivityManager( 1423): Displayed com.nao20010128nao.Wisecraft/.ServerListActivity: +1s366ms
D/nao20010128nao( 3508): Success: Full Stat & Unconnected Ping
D/nao20010128nao( 3508): Next
D/nao20010128nao( 3508): Starting ping
D/nao20010128nao( 3508): kcraftpe.orz.hm:19132 false
D/nao20010128nao( 3508): PE
D/dalvikvm( 3508): GC_FOR_MALLOC freed 1833K, 48% free 4877K/9351K, external 2002K/2137K, paused 40ms
D/nao20010128nao( 3508): Success: Full Stat
D/dalvikvm( 1767): GC_CONCURRENT freed 1428K, 50% free 6262K/12295K, external 1625K/2137K, paused 8ms+8ms
D/nao20010128nao( 3508): Success: Full Stat & Unconnected Ping
D/nao20010128nao( 3508): Next
D/nao20010128nao( 3508): Starting ping
D/nao20010128nao( 3508): onigiriserver.pgw.jp:19133 false
D/nao20010128nao( 3508): PE
I/dalvikvm( 3508): Could not find method android.support.v4.app.BaseFragmentActivityDonut.onCreateView, referenced from method android.support.v4.app.BaseFragmentActivityHoneycomb.onCreateView
W/dalvikvm( 3508): VFY: unable to resolve virtual method 1572: Landroid/support/v4/app/BaseFragmentActivityDonut;.onCreateView (Landroid/view/View;Ljava/lang/String;Landroid/content/Context;Landroid/util/AttributeSet;)Landroid/view/View;
D/dalvikvm( 3508): VFY: replacing opcode 0x6f at 0x000c
D/dalvikvm( 3508): VFY: dead code 0x000f-000f in Landroid/support/v4/app/BaseFragmentActivityHoneycomb;.onCreateView (Landroid/view/View;Ljava/lang/String;Landroid/content/Context;Landroid/util/AttributeSet;)Landroid/view/View;
I/ActivityManager( 1423): Starting: Intent { cmp=com.nao20010128nao.Wisecraft/.ServerInfoActivity } from pid 3508
I/dalvikvm( 3508): Could not find method java.lang.ReflectiveOperationException.printStackTrace, referenced from method uk.co.chrisjenx.calligraphy.ReflectionUtils.invokeMethod
W/dalvikvm( 3508): VFY: unable to resolve virtual method 20415: Ljava/lang/ReflectiveOperationException;.printStackTrace ()V
D/dalvikvm( 3508): VFY: replacing opcode 0x6e at 0x0008
D/dalvikvm( 3508): VFY: dead code 0x000b-000b in Luk/co/chrisjenx/calligraphy/ReflectionUtils;.invokeMethod (Ljava/lang/Object;Ljava/lang/reflect/Method;[Ljava/lang/Object;)V
D/dalvikvm( 3508): GC_EXTERNAL_ALLOC freed 1123K, 56% free 4156K/9351K, external 2049K/2137K, paused 45ms
I/ActivityManager( 1423): Displayed com.nao20010128nao.Wisecraft/.ServerInfoActivity: +525ms
W/System.err( 3508): Socket Timeout! Is the server offline?
W/System.err( 3508): java.net.SocketTimeoutException: Try again
W/System.err( 3508): 	at org.apache.harmony.luni.platform.OSNetworkSystem.recv(Native Method)
W/System.err( 3508): 	at dalvik.system.BlockGuard$WrappedNetworkSystem.recv(BlockGuard.java:321)
W/System.err( 3508): 	at org.apache.harmony.luni.net.PlainDatagramSocketImpl.doRecv(PlainDatagramSocketImpl.java:172)
W/System.err( 3508): 	at org.apache.harmony.luni.net.PlainDatagramSocketImpl.receive(PlainDatagramSocketImpl.java:181)
W/System.err( 3508): 	at java.net.DatagramSocket.receive(DatagramSocket.java:402)
W/System.err( 3508): 	at com.nao20010128nao.MCPing.pe.PEQuery.sendUDP(PEQuery.java:129)
W/System.err( 3508): 	at com.nao20010128nao.MCPing.pe.PEQuery.handshake(PEQuery.java:47)
W/System.err( 3508): 	at com.nao20010128nao.MCPing.pe.PEQuery.fullStatUni(PEQuery.java:84)
W/System.err( 3508): 	at com.nao20010128nao.Wisecraft.provider.NormalServerPingProvider$PingThread.run(NormalServerPingProvider.java:67)
W/System.err( 3508): java.lang.NullPointerException
W/System.err( 3508): 	at java.lang.String.<init>(String.java:141)
W/System.err( 3508): 	at com.nao20010128nao.MCPing.pe.PEQuery.handshake(PEQuery.java:49)
W/System.err( 3508): 	at com.nao20010128nao.MCPing.pe.PEQuery.fullStatUni(PEQuery.java:84)
W/System.err( 3508): 	at com.nao20010128nao.Wisecraft.provider.NormalServerPingProvider$PingThread.run(NormalServerPingProvider.java:67)
D/nao20010128nao( 3508): Success: Full Stat
D/nao20010128nao( 3508): Success: Full Stat & Unconnected Ping
D/nao20010128nao( 3508): Next
D/nao20010128nao( 3508): Starting ping
D/nao20010128nao( 3508): sotecraft.fam.cx:19132 false
D/nao20010128nao( 3508): PE
W/System.err( 3508): Socket Timeout! Is the server offline?
W/System.err( 3508): java.net.SocketTimeoutException: Try again
W/System.err( 3508): 	at org.apache.harmony.luni.platform.OSNetworkSystem.recv(Native Method)
W/System.err( 3508): 	at dalvik.system.BlockGuard$WrappedNetworkSystem.recv(BlockGuard.java:321)
W/System.err( 3508): 	at org.apache.harmony.luni.net.PlainDatagramSocketImpl.doRecv(PlainDatagramSocketImpl.java:172)
W/System.err( 3508): 	at org.apache.harmony.luni.net.PlainDatagramSocketImpl.receive(PlainDatagramSocketImpl.java:181)
W/System.err( 3508): 	at java.net.DatagramSocket.receive(DatagramSocket.java:402)
W/System.err( 3508): 	at com.nao20010128nao.MCPing.pe.PEQuery.sendUDP(PEQuery.java:129)
W/System.err( 3508): 	at com.nao20010128nao.MCPing.pe.PEQuery.handshake(PEQuery.java:47)
W/System.err( 3508): 	at com.nao20010128nao.MCPing.pe.PEQuery.fullStatUni(PEQuery.java:84)
W/System.err( 3508): 	at com.nao20010128nao.Wisecraft.provider.NormalServerPingProvider$PingThread.run(NormalServerPingProvider.java:67)
W/System.err( 3508): java.lang.NullPointerException
W/System.err( 3508): 	at java.lang.String.<init>(String.java:141)
W/System.err( 3508): 	at com.nao20010128nao.MCPing.pe.PEQuery.handshake(PEQuery.java:49)
W/System.err( 3508): 	at com.nao20010128nao.MCPing.pe.PEQuery.fullStatUni(PEQuery.java:84)
W/System.err( 3508): 	at com.nao20010128nao.Wisecraft.provider.NormalServerPingProvider$PingThread.run(NormalServerPingProvider.java:67)
D/AndroidRuntime( 3508): Shutting down VM
W/dalvikvm( 3508): threadid=1: thread exiting with uncaught exception (group=0x40015560)
E/AndroidRuntime( 3508): FATAL EXCEPTION: main
E/AndroidRuntime( 3508): android.view.InflateException: Binary XML file line #24: Error inflating class android.view.View
E/AndroidRuntime( 3508): 	at android.view.LayoutInflater.createView(LayoutInflater.java:518)
E/AndroidRuntime( 3508): 	at android.view.LayoutInflater.onCreateView(LayoutInflater.java:549)
E/AndroidRuntime( 3508): 	at uk.co.chrisjenx.calligraphy.CalligraphyLayoutInflater.onCreateView(CalligraphyLayoutInflater.java:170)
E/AndroidRuntime( 3508): 	at android.view.LayoutInflater.createViewFromTag(LayoutInflater.java:568)
E/AndroidRuntime( 3508): 	at android.view.LayoutInflater.rInflate(LayoutInflater.java:623)
E/AndroidRuntime( 3508): 	at android.view.LayoutInflater.inflate(LayoutInflater.java:408)
E/AndroidRuntime( 3508): 	at uk.co.chrisjenx.calligraphy.CalligraphyLayoutInflater.inflate(CalligraphyLayoutInflater.java:60)
E/AndroidRuntime( 3508): 	at android.view.LayoutInflater.inflate(LayoutInflater.java:320)
E/AndroidRuntime( 3508): 	at android.view.LayoutInflater.inflate(LayoutInflater.java:276)
E/AndroidRuntime( 3508): 	at com.nao20010128nao.Wisecraft.misc.KVListAdapter.getView(KVListAdapter.java:16)
E/AndroidRuntime( 3508): 	at android.widget.AbsListView.obtainView(AbsListView.java:1430)
E/AndroidRuntime( 3508): 	at android.widget.ListView.makeAndAddView(ListView.java:1745)
E/AndroidRuntime( 3508): 	at android.widget.ListView.fillDown(ListView.java:670)
E/AndroidRuntime( 3508): 	at android.widget.ListView.fillFromTop(ListView.java:727)
E/AndroidRuntime( 3508): 	at android.widget.ListView.layoutChildren(ListView.java:1598)
E/AndroidRuntime( 3508): 	at android.widget.AbsListView.onLayout(AbsListView.java:1260)
E/AndroidRuntime( 3508): 	at android.view.View.layout(View.java:7186)
E/AndroidRuntime( 3508): 	at android.widget.FrameLayout.onLayout(FrameLayout.java:338)
E/AndroidRuntime( 3508): 	at android.view.View.layout(View.java:7186)
E/AndroidRuntime( 3508): 	at android.widget.FrameLayout.onLayout(FrameLayout.java:338)
E/AndroidRuntime( 3508): 	at android.view.View.layout(View.java:7186)
E/AndroidRuntime( 3508): 	at android.widget.LinearLayout.setChildFrame(LinearLayout.java:1254)
E/AndroidRuntime( 3508): 	at android.widget.LinearLayout.layoutVertical(LinearLayout.java:1130)
E/AndroidRuntime( 3508): 	at android.widget.LinearLayout.onLayout(LinearLayout.java:1047)
E/AndroidRuntime( 3508): 	at android.view.View.layout(View.java:7186)
E/AndroidRuntime( 3508): 	at android.widget.FrameLayout.onLayout(FrameLayout.java:338)
E/AndroidRuntime( 3508): 	at android.view.View.layout(View.java:7186)
E/AndroidRuntime( 3508): 	at android.widget.LinearLayout.setChildFrame(LinearLayout.java:1254)
E/AndroidRuntime( 3508): 	at android.widget.LinearLayout.layoutVertical(LinearLayout.java:1130)
E/AndroidRuntime( 3508): 	at android.widget.LinearLayout.onLayout(LinearLayout.java:1047)
E/AndroidRuntime( 3508): 	at android.view.View.layout(View.java:7186)
E/AndroidRuntime( 3508): 	at android.widget.FrameLayout.onLayout(FrameLayout.java:338)
E/AndroidRuntime( 3508): 	at android.view.View.layout(View.java:7186)
E/AndroidRuntime( 3508): 	at android.widget.LinearLayout.setChildFrame(LinearLayout.java:1254)
E/AndroidRuntime( 3508): 	at android.widget.LinearLayout.layoutVertical(LinearLayout.java:1130)
E/AndroidRuntime( 3508): 	at android.widget.LinearLayout.onLayout(LinearLayout.java:1047)
E/AndroidRuntime( 3508): 	at android.view.View.layout(View.java:7186)
E/AndroidRuntime( 3508): 	at android.widget.FrameLayout.onLayout(FrameLayout.java:338)
E/AndroidRuntime( 3508): 	at android.view.View.layout(View.java:7186)
E/AndroidRuntime( 3508): 	at android.view.ViewRoot.performTraversals(ViewRoot.java:1140)
E/AndroidRuntime( 3508): 	at android.view.ViewRoot.handleMessage(ViewRoot.java:1859)
E/AndroidRuntime( 3508): 	at android.os.Handler.dispatchMessage(Handler.java:99)
E/AndroidRuntime( 3508): 	at android.os.Looper.loop(Looper.java:123)
E/AndroidRuntime( 3508): 	at android.app.ActivityThread.main(ActivityThread.java:3717)
E/AndroidRuntime( 3508): 	at java.lang.reflect.Method.invokeNative(Native Method)
E/AndroidRuntime( 3508): 	at java.lang.reflect.Method.invoke(Method.java:507)
E/AndroidRuntime( 3508): 	at com.android.internal.os.ZygoteInit$MethodAndArgsCaller.run(ZygoteInit.java:839)
E/AndroidRuntime( 3508): 	at com.android.internal.os.ZygoteInit.main(ZygoteInit.java:597)
E/AndroidRuntime( 3508): 	at dalvik.system.NativeStart.main(Native Method)
E/AndroidRuntime( 3508): Caused by: java.lang.reflect.InvocationTargetException
E/AndroidRuntime( 3508): 	at java.lang.reflect.Constructor.constructNative(Native Method)
E/AndroidRuntime( 3508): 	at java.lang.reflect.Constructor.newInstance(Constructor.java:415)
E/AndroidRuntime( 3508): 	at android.view.LayoutInflater.createView(LayoutInflater.java:505)
E/AndroidRuntime( 3508): 	... 48 more
E/AndroidRuntime( 3508): Caused by: android.content.res.Resources$NotFoundException: Resource is not a Drawable (color or path): TypedValue{t=0x2/d=0x101032c a=-1}
E/AndroidRuntime( 3508): 	at android.content.res.Resources.loadDrawable(Resources.java:1681)
E/AndroidRuntime( 3508): 	at android.content.res.TypedArray.getDrawable(TypedArray.java:601)
E/AndroidRuntime( 3508): 	at android.view.View.<init>(View.java:1951)
E/AndroidRuntime( 3508): 	at android.view.View.<init>(View.java:1899)
E/AndroidRuntime( 3508): 	... 51 more
W/ActivityManager( 1423):   Force finishing activity com.nao20010128nao.Wisecraft/.ServerInfoActivity
D/dalvikvm( 3508): GC_CONCURRENT freed 2063K, 56% free 4139K/9351K, external 2396K/2992K, paused 3ms+16ms
W/System.err( 3508): Socket Timeout! Is the server offline?
W/System.err( 3508): java.net.SocketTimeoutException: Try again
W/System.err( 3508): 	at org.apache.harmony.luni.platform.OSNetworkSystem.recv(Native Method)
W/System.err( 3508): 	at dalvik.system.BlockGuard$WrappedNetworkSystem.recv(BlockGuard.java:321)
W/System.err( 3508): 	at org.apache.harmony.luni.net.PlainDatagramSocketImpl.doRecv(PlainDatagramSocketImpl.java:172)
W/System.err( 3508): 	at org.apache.harmony.luni.net.PlainDatagramSocketImpl.receive(PlainDatagramSocketImpl.java:181)
W/System.err( 3508): 	at java.net.DatagramSocket.receive(DatagramSocket.java:402)
W/System.err( 3508): 	at com.nao20010128nao.MCPing.pe.PEQuery.sendUDP(PEQuery.java:129)
W/System.err( 3508): 	at com.nao20010128nao.MCPing.pe.PEQuery.fullStatUni(PEQuery.java:96)
W/System.err( 3508): 	at com.nao20010128nao.Wisecraft.provider.NormalServerPingProvider$PingThread.run(NormalServerPingProvider.java:67)
W/System.err( 3508): java.lang.NullPointerException
W/System.err( 3508): 	at com.nao20010128nao.MCPing.Utils.trim(Utils.java:104)
W/System.err( 3508): 	at com.nao20010128nao.MCPing.pe.FullStat.<init>(FullStat.java:20)
W/System.err( 3508): 	at com.nao20010128nao.MCPing.pe.PEQuery.fullStatUni(PEQuery.java:105)
W/System.err( 3508): 	at com.nao20010128nao.Wisecraft.provider.NormalServerPingProvider$PingThread.run(NormalServerPingProvider.java:67)
W/System.err( 3508): Socket Timeout! Is the server offline?
W/System.err( 3508): java.net.SocketTimeoutException: Try again
W/System.err( 3508): 	at org.apache.harmony.luni.platform.OSNetworkSystem.recv(Native Method)
W/System.err( 3508): 	at dalvik.system.BlockGuard$WrappedNetworkSystem.recv(BlockGuard.java:321)
W/System.err( 3508): 	at org.apache.harmony.luni.net.PlainDatagramSocketImpl.doRecv(PlainDatagramSocketImpl.java:172)
W/System.err( 3508): 	at org.apache.harmony.luni.net.PlainDatagramSocketImpl.receive(PlainDatagramSocketImpl.java:181)
W/System.err( 3508): 	at java.net.DatagramSocket.receive(DatagramSocket.java:402)
W/System.err( 3508): 	at com.nao20010128nao.MCPing.pe.PEQuery.sendUDP(PEQuery.java:129)
W/System.err( 3508): 	at com.nao20010128nao.MCPing.pe.PEQuery.handshake(PEQuery.java:47)
W/System.err( 3508): 	at com.nao20010128nao.MCPing.pe.PEQuery.fullStatUni(PEQuery.java:84)
W/System.err( 3508): 	at com.nao20010128nao.Wisecraft.provider.NormalServerPingProvider$PingThread.run(NormalServerPingProvider.java:67)
W/System.err( 3508): java.lang.NullPointerException
W/System.err( 3508): 	at java.lang.String.<init>(String.java:141)
W/System.err( 3508): 	at com.nao20010128nao.MCPing.pe.PEQuery.handshake(PEQuery.java:49)
W/System.err( 3508): 	at com.nao20010128nao.MCPing.pe.PEQuery.fullStatUni(PEQuery.java:84)
W/System.err( 3508): 	at com.nao20010128nao.Wisecraft.provider.NormalServerPingProvider$PingThread.run(NormalServerPingProvider.java:67)
D/nao20010128nao( 3508): Success: Unconnected Ping
D/nao20010128nao( 3508): Next
D/nao20010128nao( 3508): Starting ping
D/nao20010128nao( 3508): a44481.leet.cc:44481 false
D/nao20010128nao( 3508): PE
D/wpa_supplicant( 1524): CMD: DRIVER RSSI
D/wpa_supplicant( 1524): wpa_driver_tista_driver_cmd RSSI
D/wpa_supplicant( 1524): rssi command
D/wpa_supplicant( 1524): wpa_driver_tista_private_send ioctl_cmd = 810a22  res = 0
D/wpa_supplicant( 1524): wpa_driver_tista_get_rssi data -67 beacon -70 success
D/wpa_supplicant( 1524): rssi_data -67 rssi_beacon -70
D/wpa_supplicant( 1524): buf BUFFALO-4B89E9 rssi -70
D/wpa_supplicant( 1524): CMD: DRIVER LINKSPEED
D/wpa_supplicant( 1524): wpa_driver_tista_driver_cmd LINKSPEED
D/wpa_supplicant( 1524): Link Speed command
D/wpa_supplicant( 1524): buf LinkSpeed 54
W/ActivityManager( 1423): Activity pause timeout for HistoryRecord{40ab5390 com.nao20010128nao.Wisecraft/.ServerInfoActivity}
D/dalvikvm( 1585): GC_CONCURRENT freed 1422K, 43% free 5598K/9799K, external 1625K/2137K, paused 4ms+5ms
W/System.err( 3508): Socket Timeout! Is the server offline?
W/System.err( 3508): java.net.SocketTimeoutException: Try again
W/System.err( 3508): 	at org.apache.harmony.luni.platform.OSNetworkSystem.recv(Native Method)
W/System.err( 3508): 	at dalvik.system.BlockGuard$WrappedNetworkSystem.recv(BlockGuard.java:321)
W/System.err( 3508): 	at org.apache.harmony.luni.net.PlainDatagramSocketImpl.doRecv(PlainDatagramSocketImpl.java:172)
W/System.err( 3508): 	at org.apache.harmony.luni.net.PlainDatagramSocketImpl.receive(PlainDatagramSocketImpl.java:181)
W/System.err( 3508): 	at java.net.DatagramSocket.receive(DatagramSocket.java:402)
W/System.err( 3508): 	at com.nao20010128nao.MCPing.pe.PEQuery.sendUDP(PEQuery.java:129)
W/System.err( 3508): 	at com.nao20010128nao.MCPing.pe.PEQuery.handshake(PEQuery.java:47)
W/System.err( 3508): 	at com.nao20010128nao.MCPing.pe.PEQuery.fullStatUni(PEQuery.java:84)
W/System.err( 3508): 	at com.nao20010128nao.Wisecraft.provider.NormalServerPingProvider$PingThread.run(NormalServerPingProvider.java:67)
W/System.err( 3508): java.lang.NullPointerException
W/System.err( 3508): 	at java.lang.String.<init>(String.java:141)
W/System.err( 3508): 	at com.nao20010128nao.MCPing.pe.PEQuery.handshake(PEQuery.java:49)
W/System.err( 3508): 	at com.nao20010128nao.MCPing.pe.PEQuery.fullStatUni(PEQuery.java:84)
W/System.err( 3508): 	at com.nao20010128nao.Wisecraft.provider.NormalServerPingProvider$PingThread.run(NormalServerPingProvider.java:67)
I/Process ( 3508): Sending signal. PID: 3508 SIG: 9
I/ActivityManager( 1423): Process com.nao20010128nao.Wisecraft (pid 3508) has died.
I/WindowManager( 1423): WIN DEATH: Window{40a4c0e8 com.nao20010128nao.Wisecraft/com.nao20010128nao.Wisecraft.ServerInfoActivity paused=false}
I/WindowManager( 1423): WIN DEATH: Window{40b83e08 com.nao20010128nao.Wisecraft/com.nao20010128nao.Wisecraft.ServerListActivity paused=false}
W/InputManagerService( 1423): Got RemoteException sending setActive(false) notification to pid 3508 uid 10003
